Archive member included to satisfy reference by file (symbol)

D:/Program Files (x86)/Arm GNU Toolchain arm-none-eabi/13.3 rel1/bin/../lib/gcc/arm-none-eabi/13.3.1/thumb/v7e-m+fp/hard\libgcc.a(_arm_muldf3.o)
                              CMakeFiles/DM_02_Hero.elf.dir/User/application/module/chassis/chassis.c.obj (__aeabi_dmul)
D:/Program Files (x86)/Arm GNU Toolchain arm-none-eabi/13.3 rel1/bin/../lib/gcc/arm-none-eabi/13.3.1/thumb/v7e-m+fp/hard\libgcc.a(_arm_addsubdf3.o)
                              CMakeFiles/DM_02_Hero.elf.dir/User/components/support/vofa+/vofa.c.obj (__aeabi_dadd)
D:/Program Files (x86)/Arm GNU Toolchain arm-none-eabi/13.3 rel1/bin/../lib/gcc/arm-none-eabi/13.3.1/thumb/v7e-m+fp/hard\libgcc.a(_arm_muldivdf3.o)
                              CMakeFiles/DM_02_Hero.elf.dir/User/components/support/vofa+/vofa.c.obj (__aeabi_ddiv)
D:/Program Files (x86)/Arm GNU Toolchain arm-none-eabi/13.3 rel1/bin/../lib/gcc/arm-none-eabi/13.3.1/thumb/v7e-m+fp/hard\libgcc.a(_arm_truncdfsf2.o)
                              CMakeFiles/DM_02_Hero.elf.dir/User/application/module/chassis/chassis.c.obj (__aeabi_d2f)
D:/Program Files (x86)/Arm GNU Toolchain arm-none-eabi/13.3 rel1/bin/../lib/gcc/arm-none-eabi/13.3.1/thumb/v7e-m+fp/hard\libgcc.a(_aeabi_uldivmod.o)
                              CMakeFiles/DM_02_Hero.elf.dir/Drivers/STM32H7xx_HAL_Driver/Src/stm32h7xx_hal_uart.c.obj (__aeabi_uldivmod)
D:/Program Files (x86)/Arm GNU Toolchain arm-none-eabi/13.3 rel1/bin/../lib/gcc/arm-none-eabi/13.3.1/thumb/v7e-m+fp/hard\libgcc.a(_udivmoddi4.o)
                              D:/Program Files (x86)/Arm GNU Toolchain arm-none-eabi/13.3 rel1/bin/../lib/gcc/arm-none-eabi/13.3.1/thumb/v7e-m+fp/hard\libgcc.a(_aeabi_uldivmod.o) (__udivmoddi4)
D:/Program Files (x86)/Arm GNU Toolchain arm-none-eabi/13.3 rel1/bin/../lib/gcc/arm-none-eabi/13.3.1/thumb/v7e-m+fp/hard\libgcc.a(_dvmd_tls.o)
                              D:/Program Files (x86)/Arm GNU Toolchain arm-none-eabi/13.3 rel1/bin/../lib/gcc/arm-none-eabi/13.3.1/thumb/v7e-m+fp/hard\libgcc.a(_aeabi_uldivmod.o) (__aeabi_ldiv0)
D:/Program Files (x86)/Arm GNU Toolchain arm-none-eabi/13.3 rel1/bin/../lib/gcc/arm-none-eabi/13.3.1/thumb/v7e-m+fp/hard\libg.a(libc_a-exit.o)
                              D:/Program Files (x86)/Arm GNU Toolchain arm-none-eabi/13.3 rel1/bin/../lib/gcc/arm-none-eabi/13.3.1/thumb/v7e-m+fp/hard/crt0.o (exit)
D:/Program Files (x86)/Arm GNU Toolchain arm-none-eabi/13.3 rel1/bin/../lib/gcc/arm-none-eabi/13.3.1/thumb/v7e-m+fp/hard\libg.a(libc_a-malloc.o)
                              CMakeFiles/DM_02_Hero.elf.dir/User/components/support/fifo/fifo.c.obj (malloc)
D:/Program Files (x86)/Arm GNU Toolchain arm-none-eabi/13.3 rel1/bin/../lib/gcc/arm-none-eabi/13.3.1/thumb/v7e-m+fp/hard\libg.a(libc_a-mallocr.o)
                              D:/Program Files (x86)/Arm GNU Toolchain arm-none-eabi/13.3 rel1/bin/../lib/gcc/arm-none-eabi/13.3.1/thumb/v7e-m+fp/hard\libg.a(libc_a-malloc.o) (_malloc_r)
D:/Program Files (x86)/Arm GNU Toolchain arm-none-eabi/13.3 rel1/bin/../lib/gcc/arm-none-eabi/13.3.1/thumb/v7e-m+fp/hard\libg.a(libc_a-mlock.o)
                              D:/Program Files (x86)/Arm GNU Toolchain arm-none-eabi/13.3 rel1/bin/../lib/gcc/arm-none-eabi/13.3.1/thumb/v7e-m+fp/hard\libg.a(libc_a-mallocr.o) (__malloc_lock)
D:/Program Files (x86)/Arm GNU Toolchain arm-none-eabi/13.3 rel1/bin/../lib/gcc/arm-none-eabi/13.3.1/thumb/v7e-m+fp/hard\libg.a(libc_a-findfp.o)
                              CMakeFiles/DM_02_Hero.elf.dir/Middlewares/Third_Party/FreeRTOS/Source/tasks.c.obj (__sf)
D:/Program Files (x86)/Arm GNU Toolchain arm-none-eabi/13.3 rel1/bin/../lib/gcc/arm-none-eabi/13.3.1/thumb/v7e-m+fp/hard\libg.a(libc_a-fwalk.o)
                              D:/Program Files (x86)/Arm GNU Toolchain arm-none-eabi/13.3 rel1/bin/../lib/gcc/arm-none-eabi/13.3.1/thumb/v7e-m+fp/hard\libg.a(libc_a-findfp.o) (_fwalk_sglue)
D:/Program Files (x86)/Arm GNU Toolchain arm-none-eabi/13.3 rel1/bin/../lib/gcc/arm-none-eabi/13.3.1/thumb/v7e-m+fp/hard\libg.a(libc_a-stdio.o)
                              D:/Program Files (x86)/Arm GNU Toolchain arm-none-eabi/13.3 rel1/bin/../lib/gcc/arm-none-eabi/13.3.1/thumb/v7e-m+fp/hard\libg.a(libc_a-findfp.o) (__sread)
D:/Program Files (x86)/Arm GNU Toolchain arm-none-eabi/13.3 rel1/bin/../lib/gcc/arm-none-eabi/13.3.1/thumb/v7e-m+fp/hard\libg.a(libc_a-memset.o)
                              D:/Program Files (x86)/Arm GNU Toolchain arm-none-eabi/13.3 rel1/bin/../lib/gcc/arm-none-eabi/13.3.1/thumb/v7e-m+fp/hard/crt0.o (memset)
D:/Program Files (x86)/Arm GNU Toolchain arm-none-eabi/13.3 rel1/bin/../lib/gcc/arm-none-eabi/13.3.1/thumb/v7e-m+fp/hard\libg.a(libc_a-closer.o)
                              D:/Program Files (x86)/Arm GNU Toolchain arm-none-eabi/13.3 rel1/bin/../lib/gcc/arm-none-eabi/13.3.1/thumb/v7e-m+fp/hard\libg.a(libc_a-stdio.o) (_close_r)
[...]
Memory Configuration

Name             Origin             Length             Attributes
ITCMRAM          0x00000000         0x00010000         xrw
DTCMRAM          0x20000000         0x00020000         xrw
FLASH            0x08000000         0x00100000         xr
RAM_D1           0x24000000         0x00050000         xrw
RAM_D2           0x30000000         0x00008000         xrw
RAM_D3           0x38000000         0x00004000         xrw
*default*        0x00000000         0xffffffff

Linker script and memory map

LOAD D:/Program Files (x86)/Arm GNU Toolchain arm-none-eabi/13.3 rel1/bin/../lib/gcc/arm-none-eabi/13.3.1/thumb/v7e-m+fp/hard/crti.o
LOAD D:/Program Files (x86)/Arm GNU Toolchain arm-none-eabi/13.3 rel1/bin/../lib/gcc/arm-none-eabi/13.3.1/thumb/v7e-m+fp/hard/crtbegin.o
LOAD D:/Program Files (x86)/Arm GNU Toolchain arm-none-eabi/13.3 rel1/bin/../lib/gcc/arm-none-eabi/13.3.1/thumb/v7e-m+fp/hard/crt0.o
LOAD CMakeFiles/DM_02_Hero.elf.dir/Core/Src/adc.c.obj
LOAD CMakeFiles/DM_02_Hero.elf.dir/Core/Src/crc.c.obj
LOAD CMakeFiles/DM_02_Hero.elf.dir/Core/Src/dma.c.obj
LOAD CMakeFiles/DM_02_Hero.elf.dir/Core/Src/fdcan.c.obj
LOAD CMakeFiles/DM_02_Hero.elf.dir/Core/Src/freertos.c.obj
LOAD CMakeFiles/DM_02_Hero.elf.dir/Core/Src/gpio.c.obj
LOAD CMakeFiles/DM_02_Hero.elf.dir/Core/Src/main.c.obj
LOAD CMakeFiles/DM_02_Hero.elf.dir/Core/Src/memorymap.c.obj
LOAD CMakeFiles/DM_02_Hero.elf.dir/Core/Src/spi.c.obj
LOAD CMakeFiles/DM_02_Hero.elf.dir/Core/Src/stm32h7xx_hal_msp.c.obj
LOAD CMakeFiles/DM_02_Hero.elf.dir/Core/Src/stm32h7xx_hal_timebase_tim.c.obj
LOAD CMakeFiles/DM_02_Hero.elf.dir/Core/Src/stm32h7xx_it.c.obj
LOAD CMakeFiles/DM_02_Hero.elf.dir/Core/Src/syscalls.c.obj
LOAD CMakeFiles/DM_02_Hero.elf.dir/Core/Src/sysmem.c.obj
LOAD CMakeFiles/DM_02_Hero.elf.dir/Core/Src/system_stm32h7xx.c.obj
LOAD CMakeFiles/DM_02_Hero.elf.dir/Core/Src/tim.c.obj
LOAD CMakeFiles/DM_02_Hero.elf.dir/Core/Src/usart.c.obj
LOAD CMakeFiles/DM_02_Hero.elf.dir/Core/Startup/startup_stm32h723vgtx.s.obj
LOAD CMakeFiles/DM_02_Hero.elf.dir/Drivers/STM32H7xx_HAL_Driver/Src/stm32h7xx_hal.c.obj
LOAD CMakeFiles/DM_02_Hero.elf.dir/Drivers/STM32H7xx_HAL_Driver/Src/stm32h7xx_hal_adc.c.obj
LOAD CMakeFiles/DM_02_Hero.elf.dir/Drivers/STM32H7xx_HAL_Driver/Src/stm32h7xx_hal_adc_ex.c.obj
LOAD CMakeFiles/DM_02_Hero.elf.dir/Drivers/STM32H7xx_HAL_Driver/Src/stm32h7xx_hal_cortex.c.obj
LOAD CMakeFiles/DM_02_Hero.elf.dir/Drivers/STM32H7xx_HAL_Driver/Src/stm32h7xx_hal_crc.c.obj
LOAD CMakeFiles/DM_02_Hero.elf.dir/Drivers/STM32H7xx_HAL_Driver/Src/stm32h7xx_hal_crc_ex.c.obj
LOAD CMakeFiles/DM_02_Hero.elf.dir/Drivers/STM32H7xx_HAL_Driver/Src/stm32h7xx_hal_dma.c.obj
LOAD CMakeFiles/DM_02_Hero.elf.dir/Drivers/STM32H7xx_HAL_Driver/Src/stm32h7xx_hal_dma_ex.c.obj
LOAD CMakeFiles/DM_02_Hero.elf.dir/Drivers/STM32H7xx_HAL_Driver/Src/stm32h7xx_hal_exti.c.obj
LOAD CMakeFiles/DM_02_Hero.elf.dir/Drivers/STM32H7xx_HAL_Driver/Src/stm32h7xx_hal_fdcan.c.obj
LOAD CMakeFiles/DM_02_Hero.elf.dir/Drivers/STM32H7xx_HAL_Driver/Src/stm32h7xx_hal_flash.c.obj
LOAD CMakeFiles/DM_02_Hero.elf.dir/Drivers/STM32H7xx_HAL_Driver/Src/stm32h7xx_hal_flash_ex.c.obj
LOAD CMakeFiles/DM_02_Hero.elf.dir/Drivers/STM32H7xx_HAL_Driver/Src/stm32h7xx_hal_gpio.c.obj
LOAD CMakeFiles/DM_02_Hero.elf.dir/Drivers/STM32H7xx_HAL_Driver/Src/stm32h7xx_hal_hsem.c.obj
LOAD CMakeFiles/DM_02_Hero.elf.dir/Drivers/STM32H7xx_HAL_Driver/Src/stm32h7xx_hal_i2c.c.obj
LOAD CMakeFiles/DM_02_Hero.elf.dir/Drivers/STM32H7xx_HAL_Driver/Src/stm32h7xx_hal_i2c_ex.c.obj
LOAD CMakeFiles/DM_02_Hero.elf.dir/Drivers/STM32H7xx_HAL_Driver/Src/stm32h7xx_hal_mdma.c.obj
LOAD CMakeFiles/DM_02_Hero.elf.dir/Drivers/STM32H7xx_HAL_Driver/Src/stm32h7xx_hal_pcd.c.obj
LOAD CMakeFiles/DM_02_Hero.elf.dir/Drivers/STM32H7xx_HAL_Driver/Src/stm32h7xx_hal_pcd_ex.c.obj
LOAD CMakeFiles/DM_02_Hero.elf.dir/Drivers/STM32H7xx_HAL_Driver/Src/stm32h7xx_hal_pwr.c.obj
LOAD CMakeFiles/DM_02_Hero.elf.dir/Drivers/STM32H7xx_HAL_Driver/Src/stm32h7xx_hal_pwr_ex.c.obj
LOAD CMakeFiles/DM_02_Hero.elf.dir/Drivers/STM32H7xx_HAL_Driver/Src/stm32h7xx_hal_rcc.c.obj
LOAD CMakeFiles/DM_02_Hero.elf.dir/Drivers/STM32H7xx_HAL_Driver/Src/stm32h7xx_hal_rcc_ex.c.obj
LOAD CMakeFiles/DM_02_Hero.elf.dir/Drivers/STM32H7xx_HAL_Driver/Src/stm32h7xx_hal_spi.c.obj
LOAD CMakeFiles/DM_02_Hero.elf.dir/Drivers/STM32H7xx_HAL_Driver/Src/stm32h7xx_hal_spi_ex.c.obj
LOAD CMakeFiles/DM_02_Hero.elf.dir/Drivers/STM32H7xx_HAL_Driver/Src/stm32h7xx_hal_tim.c.obj
LOAD CMakeFiles/DM_02_Hero.elf.dir/Drivers/STM32H7xx_HAL_Driver/Src/stm32h7xx_hal_tim_ex.c.obj
LOAD CMakeFiles/DM_02_Hero.elf.dir/Drivers/STM32H7xx_HAL_Driver/Src/stm32h7xx_hal_uart.c.obj
LOAD CMakeFiles/DM_02_Hero.elf.dir/Drivers/STM32H7xx_HAL_Driver/Src/stm32h7xx_hal_uart_ex.c.obj
LOAD CMakeFiles/DM_02_Hero.elf.dir/Drivers/STM32H7xx_HAL_Driver/Src/stm32h7xx_ll_usb.c.obj
LOAD CMakeFiles/DM_02_Hero.elf.dir/Middlewares/ST/STM32_USB_Device_Library/Class/CDC/Src/usbd_cdc.c.obj
LOAD CMakeFiles/DM_02_Hero.elf.dir/Middlewares/ST/STM32_USB_Device_Library/Core/Src/usbd_core.c.obj
LOAD CMakeFiles/DM_02_Hero.elf.dir/Middlewares/ST/STM32_USB_Device_Library/Core/Src/usbd_ctlreq.c.obj
LOAD CMakeFiles/DM_02_Hero.elf.dir/Middlewares/ST/STM32_USB_Device_Library/Core/Src/usbd_ioreq.c.obj
LOAD CMakeFiles/DM_02_Hero.elf.dir/Middlewares/Third_Party/FreeRTOS/Source/CMSIS_RTOS_V2/cmsis_os2.c.obj
LOAD CMakeFiles/DM_02_Hero.elf.dir/Middlewares/Third_Party/FreeRTOS/Source/croutine.c.obj
LOAD CMakeFiles/DM_02_Hero.elf.dir/Middlewares/Third_Party/FreeRTOS/Source/event_groups.c.obj
LOAD CMakeFiles/DM_02_Hero.elf.dir/Middlewares/Third_Party/FreeRTOS/Source/list.c.obj
LOAD CMakeFiles/DM_02_Hero.elf.dir/Middlewares/Third_Party/FreeRTOS/Source/portable/GCC/ARM_CM4F/port.c.obj
LOAD CMakeFiles/DM_02_Hero.elf.dir/Middlewares/Third_Party/FreeRTOS/Source/portable/MemMang/heap_4.c.obj
LOAD CMakeFiles/DM_02_Hero.elf.dir/Middlewares/Third_Party/FreeRTOS/Source/queue.c.obj
LOAD CMakeFiles/DM_02_Hero.elf.dir/Middlewares/Third_Party/FreeRTOS/Source/stream_buffer.c.obj
LOAD CMakeFiles/DM_02_Hero.elf.dir/Middlewares/Third_Party/FreeRTOS/Source/tasks.c.obj
LOAD CMakeFiles/DM_02_Hero.elf.dir/Middlewares/Third_Party/FreeRTOS/Source/timers.c.obj
LOAD CMakeFiles/DM_02_Hero.elf.dir/USB_DEVICE/App/usb_device.c.obj
LOAD CMakeFiles/DM_02_Hero.elf.dir/USB_DEVICE/App/usbd_cdc_if.c.obj
LOAD CMakeFiles/DM_02_Hero.elf.dir/USB_DEVICE/App/usbd_desc.c.obj
LOAD CMakeFiles/DM_02_Hero.elf.dir/USB_DEVICE/Target/usbd_conf.c.obj
LOAD CMakeFiles/DM_02_Hero.elf.dir/User/application/module/chassis/chassis.c.obj
LOAD CMakeFiles/DM_02_Hero.elf.dir/User/application/module/chassis/chassis_behaviour.c.obj
LOAD CMakeFiles/DM_02_Hero.elf.dir/User/application/module/detect/detect.c.obj
LOAD CMakeFiles/DM_02_Hero.elf.dir/User/application/module/gimbal/gimbal.c.obj
LOAD CMakeFiles/DM_02_Hero.elf.dir/User/application/module/gimbal/gimbal_behaviour.c.obj
LOAD CMakeFiles/DM_02_Hero.elf.dir/User/application/module/imu/imu.c.obj
LOAD CMakeFiles/DM_02_Hero.elf.dir/User/application/module/referee/referee.c.obj
LOAD CMakeFiles/DM_02_Hero.elf.dir/User/application/task/chassis_task.c.obj
LOAD CMakeFiles/DM_02_Hero.elf.dir/User/application/task/detect_task.c.obj
LOAD CMakeFiles/DM_02_Hero.elf.dir/User/application/task/imu_task.c.obj
LOAD CMakeFiles/DM_02_Hero.elf.dir/User/application/task/led_task.c.obj
LOAD CMakeFiles/DM_02_Hero.elf.dir/User/application/task/log_task.c.obj
LOAD CMakeFiles/DM_02_Hero.elf.dir/User/application/task/referee_task.c.obj
LOAD CMakeFiles/DM_02_Hero.elf.dir/User/application/task/remote_control_task.c.obj
LOAD CMakeFiles/DM_02_Hero.elf.dir/User/application/task/usb_task.c.obj
LOAD CMakeFiles/DM_02_Hero.elf.dir/User/bsp/dm02/bsp_adc.c.obj
LOAD CMakeFiles/DM_02_Hero.elf.dir/User/bsp/dm02/bsp_buzzer.c.obj
LOAD CMakeFiles/DM_02_Hero.elf.dir/User/bsp/dm02/bsp_callback.c.obj
LOAD CMakeFiles/DM_02_Hero.elf.dir/User/bsp/dm02/bsp_can.c.obj
LOAD CMakeFiles/DM_02_Hero.elf.dir/User/bsp/dm02/bsp_crc32.c.obj
LOAD CMakeFiles/DM_02_Hero.elf.dir/User/bsp/dm02/bsp_imu.c.obj
LOAD CMakeFiles/DM_02_Hero.elf.dir/User/bsp/dm02/bsp_rc.c.obj
LOAD CMakeFiles/DM_02_Hero.elf.dir/User/bsp/dm02/bsp_uart.c.obj
LOAD CMakeFiles/DM_02_Hero.elf.dir/User/bsp/dm02/bsp_ws2812.c.obj
LOAD CMakeFiles/DM_02_Hero.elf.dir/User/components/algorithm/Fusion/FusionAhrs.c.obj
LOAD CMakeFiles/DM_02_Hero.elf.dir/User/components/algorithm/Fusion/FusionCompass.c.obj
LOAD CMakeFiles/DM_02_Hero.elf.dir/User/components/algorithm/Fusion/FusionOffset.c.obj
LOAD CMakeFiles/DM_02_Hero.elf.dir/User/components/algorithm/user_lib.c.obj
LOAD CMakeFiles/DM_02_Hero.elf.dir/User/components/controller/pid/pid.c.obj
LOAD CMakeFiles/DM_02_Hero.elf.dir/User/components/device/BMI088/BMI088Middleware.c.obj
LOAD CMakeFiles/DM_02_Hero.elf.dir/User/components/device/BMI088/BMI088driver.c.obj
LOAD CMakeFiles/DM_02_Hero.elf.dir/User/components/device/control/DT7/dt7.c.obj
LOAD CMakeFiles/DM_02_Hero.elf.dir/User/components/device/motor/DJI-3508/dji_3508.c.obj
LOAD CMakeFiles/DM_02_Hero.elf.dir/User/components/device/motor/DJI-6020/dji_6020.c.obj
LOAD CMakeFiles/DM_02_Hero.elf.dir/User/components/support/crc/CRC8_CRC16.c.obj
LOAD CMakeFiles/DM_02_Hero.elf.dir/User/components/support/fifo/fifo.c.obj
LOAD CMakeFiles/DM_02_Hero.elf.dir/User/components/support/vofa+/vofa.c.obj
START GROUP
LOAD D:/Program Files (x86)/Arm GNU Toolchain arm-none-eabi/13.3 rel1/bin/../lib/gcc/arm-none-eabi/13.3.1/thumb/v7e-m+fp/hard\libgcc.a
LOAD D:/Program Files (x86)/Arm GNU Toolchain arm-none-eabi/13.3 rel1/bin/../lib/gcc/arm-none-eabi/13.3.1/thumb/v7e-m+fp/hard\libg.a
LOAD D:/Program Files (x86)/Arm GNU Toolchain arm-none-eabi/13.3 rel1/bin/../lib/gcc/arm-none-eabi/13.3.1/thumb/v7e-m+fp/hard\libc.a
END GROUP
LOAD D:/Program Files (x86)/Arm GNU Toolchain arm-none-eabi/13.3 rel1/bin/../lib/gcc/arm-none-eabi/13.3.1/thumb/v7e-m+fp/hard/crtend.o
LOAD D:/Program Files (x86)/Arm GNU Toolchain arm-none-eabi/13.3 rel1/bin/../lib/gcc/arm-none-eabi/13.3.1/thumb/v7e-m+fp/hard/crtn.o
                0x24050000                        _estack = (ORIGIN (RAM_D1) + LENGTH (RAM_D1))
                0x00000200                        _Min_Heap_Size = 0x200
                0x00000400                        _Min_Stack_Size = 0x400

.isr_vector     0x08000000      0x2cc
                0x08000000                        . = ALIGN (0x4)
 *(.isr_vector)
 .isr_vector    0x08000000      0x2cc CMakeFiles/DM_02_Hero.elf.dir/Core/Startup/startup_stm32h723vgtx.s.obj
                0x08000000                g_pfnVectors
                0x080002cc                        . = ALIGN (0x4)

.text           0x080002d0    0x15ec4
                0x080002d0                        . = ALIGN (0x4)
 *(.text)
 .text          0x080002d0      0x378 D:/Program Files (x86)/Arm GNU Toolchain arm-none-eabi/13.3 rel1/bin/../lib/gcc/arm-none-eabi/13.3.1/thumb/v7e-m+fp/hard\libgcc.a(_arm_addsubdf3.o)
                0x080002d0                __aeabi_drsub
                0x080002d8                __aeabi_dsub
                0x080002d8                __subdf3
                0x080002dc                __aeabi_dadd
                0x080002dc                __adddf3
                0x08000554                __floatunsidf
                0x08000554                __aeabi_ui2d
                0x08000574                __floatsidf
                0x08000574                __aeabi_i2d
                0x08000598                __aeabi_f2d
                0x08000598                __extendsfdf2
                0x080005dc                __floatundidf
                0x080005dc                __aeabi_ul2d
                0x080005ec                __floatdidf
                0x080005ec                __aeabi_l2d
 .text          0x08000648      0x424 D:/Program Files (x86)/Arm GNU Toolchain arm-none-eabi/13.3 rel1/bin/../lib/gcc/arm-none-eabi/13.3.1/thumb/v7e-m+fp/hard\libgcc.a(_arm_muldivdf3.o)
                0x08000648                __aeabi_dmul
                0x08000648                __muldf3
                0x0800089c                __divdf3
                0x0800089c                __aeabi_ddiv
 .text          0x08000a6c       0xa0 D:/Program Files (x86)/Arm GNU Toolchain arm-none-eabi/13.3 rel1/bin/../lib/gcc/arm-none-eabi/13.3.1/thumb/v7e-m+fp/hard\libgcc.a(_arm_truncdfsf2.o)
                0x08000a6c                __truncdfsf2
                0x08000a6c                __aeabi_d2f
 .text          0x08000b0c       0x30 D:/Program Files (x86)/Arm GNU Toolchain arm-none-eabi/13.3 rel1/bin/../lib/gcc/arm-none-eabi/13.3.1/thumb/v7e-m+fp/hard\libgcc.a(_aeabi_uldivmod.o)
                0x08000b0c                __aeabi_uldivmod
 .text          0x08000b3c        0x4 D:/Program Files (x86)/Arm GNU Toolchain arm-none-eabi/13.3 rel1/bin/../lib/gcc/arm-none-eabi/13.3.1/thumb/v7e-m+fp/hard\libgcc.a(_dvmd_tls.o)
                0x08000b3c                __aeabi_idiv0
                0x08000b3c                __aeabi_ldiv0
 .text          0x08000b40      0x134 D:/Program Files (x86)/Arm GNU Toolchain arm-none-eabi/13.3 rel1/bin/../lib/gcc/arm-none-eabi/13.3.1/thumb/v7e-m+fp/hard\libg.a(libc_a-memcpy.o)
                0x08000b40                memcpy
 .text          0x08000c74      0x110 D:/Program Files (x86)/Arm GNU Toolchain arm-none-eabi/13.3 rel1/bin/../lib/gcc/arm-none-eabi/13.3.1/thumb/v7e-m+fp/hard\libgcc.a(_arm_cmpdf2.o)
                0x08000c74                __gtdf2
                0x08000c74                __gedf2
                0x08000c7c                __ltdf2
                0x08000c7c                __ledf2
                0x08000c84                __nedf2
                0x08000c84                __eqdf2
                0x08000c84                __cmpdf2
                0x08000d00                __aeabi_cdrcmple
                0x08000d10                __aeabi_cdcmpeq
                0x08000d10                __aeabi_cdcmple
                0x08000d20                __aeabi_dcmpeq
                0x08000d34                __aeabi_dcmplt
                0x08000d48                __aeabi_dcmple
                0x08000d5c                __aeabi_dcmpge
                0x08000d70                __aeabi_dcmpgt
 .text          0x08000d84       0x2c D:/Program Files (x86)/Arm GNU Toolchain arm-none-eabi/13.3 rel1/bin/../lib/gcc/arm-none-eabi/13.3.1/thumb/v7e-m+fp/hard\libgcc.a(_arm_unorddf2.o)
                0x08000d84                __unorddf2
                0x08000d84                __aeabi_dcmpun
 .text          0x08000db0       0x50 D:/Program Files (x86)/Arm GNU Toolchain arm-none-eabi/13.3 rel1/bin/../lib/gcc/arm-none-eabi/13.3.1/thumb/v7e-m+fp/hard\libgcc.a(_arm_fixdfsi.o)
                0x08000db0                __aeabi_d2iz
                0x08000db0                __fixdfsi
 *(.text*)
 .text.deregister_tm_clones
                0x08000e00       0x1c D:/Program Files (x86)/Arm GNU Toolchain arm-none-eabi/13.3 rel1/bin/../lib/gcc/arm-none-eabi/13.3.1/thumb/v7e-m+fp/hard/crtbegin.o
 .text.register_tm_clones
                0x08000e1c       0x24 D:/Program Files (x86)/Arm GNU Toolchain arm-none-eabi/13.3 rel1/bin/../lib/gcc/arm-none-eabi/13.3.1/thumb/v7e-m+fp/hard/crtbegin.o
 .text.__do_global_dtors_aux
                0x08000e40       0x28 D:/Program Files (x86)/Arm GNU Toolchain arm-none-eabi/13.3 rel1/bin/../lib/gcc/arm-none-eabi/13.3.1/thumb/v7e-m+fp/hard/crtbegin.o
 .text.frame_dummy
                0x08000e68       0x24 D:/Program Files (x86)/Arm GNU Toolchain arm-none-eabi/13.3 rel1/bin/../lib/gcc/arm-none-eabi/13.3.1/thumb/v7e-m+fp/hard/crtbegin.o
 .text.MX_ADC1_Init
                0x08000e8c       0xc0 CMakeFiles/DM_02_Hero.elf.dir/Core/Src/adc.c.obj
                0x08000e8c                MX_ADC1_Init
 .text.MX_ADC3_Init
                0x08000f4c       0x94 CMakeFiles/DM_02_Hero.elf.dir/Core/Src/adc.c.obj
                0x08000f4c                MX_ADC3_Init
 .text.HAL_ADC_MspInit
                0x08000fe0       0xc0 CMakeFiles/DM_02_Hero.elf.dir/Core/Src/adc.c.obj
                0x08000fe0                HAL_ADC_MspInit
 .text.MX_CRC_Init
                0x080010a0       0x2c CMakeFiles/DM_02_Hero.elf.dir/Core/Src/crc.c.obj
                0x080010a0                MX_CRC_Init
 .text.HAL_CRC_MspInit
                0x080010cc       0x30 CMakeFiles/DM_02_Hero.elf.dir/Core/Src/crc.c.obj
                0x080010cc                HAL_CRC_MspInit
 .text.MX_DMA_Init
                0x080010fc       0xd0 CMakeFiles/DM_02_Hero.elf.dir/Core/Src/dma.c.obj
                0x080010fc                MX_DMA_Init
 .text.MX_FDCAN1_Init
                0x080011cc       0x64 CMakeFiles/DM_02_Hero.elf.dir/Core/Src/fdcan.c.obj
                0x080011cc                MX_FDCAN1_Init
 .text.MX_FDCAN2_Init
                0x08001230       0x64 CMakeFiles/DM_02_Hero.elf.dir/Core/Src/fdcan.c.obj
                0x08001230                MX_FDCAN2_Init
 .text.MX_FDCAN3_Init
                0x08001294       0x64 CMakeFiles/DM_02_Hero.elf.dir/Core/Src/fdcan.c.obj
                0x08001294                MX_FDCAN3_Init
 .text.HAL_FDCAN_MspInit
                0x080012f8      0x1f8 CMakeFiles/DM_02_Hero.elf.dir/Core/Src/fdcan.c.obj
                0x080012f8                HAL_FDCAN_MspInit
 .text.StartDefaultTask
                0x080014f0        0xe CMakeFiles/DM_02_Hero.elf.dir/Core/Src/freertos.c.obj
                0x080014f0                StartDefaultTask
 *fill*         0x080014fe        0x2 
 .text.MX_FREERTOS_Init
                0x08001500      0x104 CMakeFiles/DM_02_Hero.elf.dir/Core/Src/freertos.c.obj
                0x08001500                MX_FREERTOS_Init
 .text.MX_GPIO_Init
                0x08001604      0x11c CMakeFiles/DM_02_Hero.elf.dir/Core/Src/gpio.c.obj
                0x08001604                MX_GPIO_Init
 .text.HAL_TIM_PeriodElapsedCallback
                0x08001720       0x18 CMakeFiles/DM_02_Hero.elf.dir/Core/Src/main.c.obj
                0x08001720                HAL_TIM_PeriodElapsedCallback
 .text.Error_Handler
                0x08001738        0x4 CMakeFiles/DM_02_Hero.elf.dir/Core/Src/main.c.obj
                0x08001738                Error_Handler
 .text.SystemClock_Config
                0x0800173c       0xac CMakeFiles/DM_02_Hero.elf.dir/Core/Src/main.c.obj
                0x0800173c                SystemClock_Config
 .text.PeriphCommonClock_Config
                0x080017e8       0x3c CMakeFiles/DM_02_Hero.elf.dir/Core/Src/main.c.obj
                0x080017e8                PeriphCommonClock_Config
 .text.main     0x08001824       0x6c CMakeFiles/DM_02_Hero.elf.dir/Core/Src/main.c.obj
                0x08001824                main
 .text.MX_SPI2_Init
                0x08001890       0x64 CMakeFiles/DM_02_Hero.elf.dir/Core/Src/spi.c.obj
                0x08001890                MX_SPI2_Init
 .text.MX_SPI6_Init
                0x080018f4       0x5c CMakeFiles/DM_02_Hero.elf.dir/Core/Src/spi.c.obj
                0x080018f4                MX_SPI6_Init
 .text.HAL_SPI_MspInit
                0x08001950      0x1fc CMakeFiles/DM_02_Hero.elf.dir/Core/Src/spi.c.obj
                0x08001950                HAL_SPI_MspInit
 .text.HAL_MspInit
                0x08001b4c       0x34 CMakeFiles/DM_02_Hero.elf.dir/Core/Src/stm32h7xx_hal_msp.c.obj
                0x08001b4c                HAL_MspInit
 .text.HAL_InitTick
                0x08001b80       0x90 CMakeFiles/DM_02_Hero.elf.dir/Core/Src/stm32h7xx_hal_timebase_tim.c.obj
                0x08001b80                HAL_InitTick
 .text.NMI_Handler
                0x08001c10        0x2 CMakeFiles/DM_02_Hero.elf.dir/Core/Src/stm32h7xx_it.c.obj
                0x08001c10                NMI_Handler
 .text.HardFault_Handler
                0x08001c12        0x2 CMakeFiles/DM_02_Hero.elf.dir/Core/Src/stm32h7xx_it.c.obj
                0x08001c12                HardFault_Handler
 .text.MemManage_Handler
                0x08001c14        0x2 CMakeFiles/DM_02_Hero.elf.dir/Core/Src/stm32h7xx_it.c.obj
                0x08001c14                MemManage_Handler
 .text.BusFault_Handler
                0x08001c16        0x2 CMakeFiles/DM_02_Hero.elf.dir/Core/Src/stm32h7xx_it.c.obj
                0x08001c16                BusFault_Handler
 .text.UsageFault_Handler
                0x08001c18        0x2 CMakeFiles/DM_02_Hero.elf.dir/Core/Src/stm32h7xx_it.c.obj
                0x08001c18                UsageFault_Handler
 .text.DebugMon_Handler
                0x08001c1a        0x2 CMakeFiles/DM_02_Hero.elf.dir/Core/Src/stm32h7xx_it.c.obj
                0x08001c1a                DebugMon_Handler
 .text.DMA1_Stream0_IRQHandler
                0x08001c1c       0x10 CMakeFiles/DM_02_Hero.elf.dir/Core/Src/stm32h7xx_it.c.obj
                0x08001c1c                DMA1_Stream0_IRQHandler
 .text.DMA1_Stream1_IRQHandler
                0x08001c2c       0x10 CMakeFiles/DM_02_Hero.elf.dir/Core/Src/stm32h7xx_it.c.obj
                0x08001c2c                DMA1_Stream1_IRQHandler
 .text.DMA1_Stream2_IRQHandler
                0x08001c3c       0x10 CMakeFiles/DM_02_Hero.elf.dir/Core/Src/stm32h7xx_it.c.obj
                0x08001c3c                DMA1_Stream2_IRQHandler
 .text.DMA1_Stream3_IRQHandler
                0x08001c4c       0x10 CMakeFiles/DM_02_Hero.elf.dir/Core/Src/stm32h7xx_it.c.obj
                0x08001c4c                DMA1_Stream3_IRQHandler
 .text.DMA1_Stream4_IRQHandler
                0x08001c5c       0x10 CMakeFiles/DM_02_Hero.elf.dir/Core/Src/stm32h7xx_it.c.obj
                0x08001c5c                DMA1_Stream4_IRQHandler
 .text.DMA1_Stream5_IRQHandler
                0x08001c6c       0x10 CMakeFiles/DM_02_Hero.elf.dir/Core/Src/stm32h7xx_it.c.obj
                0x08001c6c                DMA1_Stream5_IRQHandler
 .text.DMA1_Stream6_IRQHandler
                0x08001c7c       0x10 CMakeFiles/DM_02_Hero.elf.dir/Core/Src/stm32h7xx_it.c.obj
                0x08001c7c                DMA1_Stream6_IRQHandler
 .text.FDCAN1_IT0_IRQHandler
                0x08001c8c       0x10 CMakeFiles/DM_02_Hero.elf.dir/Core/Src/stm32h7xx_it.c.obj
                0x08001c8c                FDCAN1_IT0_IRQHandler
 .text.FDCAN2_IT0_IRQHandler
                0x08001c9c       0x10 CMakeFiles/DM_02_Hero.elf.dir/Core/Src/stm32h7xx_it.c.obj
                0x08001c9c                FDCAN2_IT0_IRQHandler
 .text.TIM1_UP_IRQHandler
                0x08001cac       0x10 CMakeFiles/DM_02_Hero.elf.dir/Core/Src/stm32h7xx_it.c.obj
                0x08001cac                TIM1_UP_IRQHandler
 .text.SPI2_IRQHandler
                0x08001cbc       0x10 CMakeFiles/DM_02_Hero.elf.dir/Core/Src/stm32h7xx_it.c.obj
                0x08001cbc                SPI2_IRQHandler
 .text.USART1_IRQHandler
                0x08001ccc       0x10 CMakeFiles/DM_02_Hero.elf.dir/Core/Src/stm32h7xx_it.c.obj
                0x08001ccc                USART1_IRQHandler
 .text.EXTI15_10_IRQHandler
                0x08001cdc       0x14 CMakeFiles/DM_02_Hero.elf.dir/Core/Src/stm32h7xx_it.c.obj
                0x08001cdc                EXTI15_10_IRQHandler
 .text.DMA1_Stream7_IRQHandler
                0x08001cf0       0x10 CMakeFiles/DM_02_Hero.elf.dir/Core/Src/stm32h7xx_it.c.obj
                0x08001cf0                DMA1_Stream7_IRQHandler
 .text.UART5_IRQHandler
                0x08001d00       0x10 CMakeFiles/DM_02_Hero.elf.dir/Core/Src/stm32h7xx_it.c.obj
                0x08001d00                UART5_IRQHandler
 .text.DMA2_Stream0_IRQHandler
                0x08001d10       0x10 CMakeFiles/DM_02_Hero.elf.dir/Core/Src/stm32h7xx_it.c.obj
                0x08001d10                DMA2_Stream0_IRQHandler
 .text.OTG_HS_IRQHandler
                0x08001d20       0x10 CMakeFiles/DM_02_Hero.elf.dir/Core/Src/stm32h7xx_it.c.obj
                0x08001d20                OTG_HS_IRQHandler
 .text.UART7_IRQHandler
                0x08001d30       0x10 CMakeFiles/DM_02_Hero.elf.dir/Core/Src/stm32h7xx_it.c.obj
                0x08001d30                UART7_IRQHandler
 .text.USART10_IRQHandler
                0x08001d40       0x10 CMakeFiles/DM_02_Hero.elf.dir/Core/Src/stm32h7xx_it.c.obj
                0x08001d40                USART10_IRQHandler
 .text.FDCAN3_IT0_IRQHandler
                0x08001d50       0x10 CMakeFiles/DM_02_Hero.elf.dir/Core/Src/stm32h7xx_it.c.obj
                0x08001d50                FDCAN3_IT0_IRQHandler
 .text._sbrk    0x08001d60       0x48 CMakeFiles/DM_02_Hero.elf.dir/Core/Src/sysmem.c.obj
                0x08001d60                _sbrk
 .text.SystemInit
                0x08001da8       0xac CMakeFiles/DM_02_Hero.elf.dir/Core/Src/system_stm32h7xx.c.obj
                0x08001da8                SystemInit
 .text.HAL_TIM_PWM_MspInit
                0x08001e54       0x58 CMakeFiles/DM_02_Hero.elf.dir/Core/Src/tim.c.obj
                0x08001e54                HAL_TIM_PWM_MspInit
 .text.HAL_TIM_MspPostInit
                0x08001eac       0x94 CMakeFiles/DM_02_Hero.elf.dir/Core/Src/tim.c.obj
                0x08001eac                HAL_TIM_MspPostInit
 .text.MX_TIM3_Init
                0x08001f40       0x88 CMakeFiles/DM_02_Hero.elf.dir/Core/Src/tim.c.obj
                0x08001f40                MX_TIM3_Init
 .text.MX_TIM12_Init
                0x08001fc8       0x88 CMakeFiles/DM_02_Hero.elf.dir/Core/Src/tim.c.obj
                0x08001fc8                MX_TIM12_Init
 .text.MX_UART5_Init
                0x08002050       0x78 CMakeFiles/DM_02_Hero.elf.dir/Core/Src/usart.c.obj
                0x08002050                MX_UART5_Init
 .text.MX_UART7_Init
                0x080020c8       0x68 CMakeFiles/DM_02_Hero.elf.dir/Core/Src/usart.c.obj
                0x080020c8                MX_UART7_Init
 .text.MX_USART1_UART_Init
                0x08002130       0x68 CMakeFiles/DM_02_Hero.elf.dir/Core/Src/usart.c.obj
                0x08002130                MX_USART1_UART_Init
 .text.MX_USART10_UART_Init
                0x08002198       0x68 CMakeFiles/DM_02_Hero.elf.dir/Core/Src/usart.c.obj
                0x08002198                MX_USART10_UART_Init
 .text.HAL_UART_MspInit
                0x08002200      0x444 CMakeFiles/DM_02_Hero.elf.dir/Core/Src/usart.c.obj
                0x08002200                HAL_UART_MspInit
 .text.Reset_Handler
                0x08002644       0x50 CMakeFiles/DM_02_Hero.elf.dir/Core/Startup/startup_stm32h723vgtx.s.obj
                0x08002644                Reset_Handler
 .text.Default_Handler
                0x08002694        0x2 CMakeFiles/DM_02_Hero.elf.dir/Core/Startup/startup_stm32h723vgtx.s.obj
                0x08002694                RTC_Alarm_IRQHandler
                0x08002694                EXTI2_IRQHandler
                0x08002694                TIM8_CC_IRQHandler
                0x08002694                UART8_IRQHandler
                0x08002694                SPI4_IRQHandler
                0x08002694                TIM1_CC_IRQHandler
                0x08002694                BDMA_Channel6_IRQHandler
                0x08002694                DMA2_Stream5_IRQHandler
                0x08002694                CORDIC_IRQHandler
                0x08002694                BDMA_Channel1_IRQHandler
                0x08002694                TAMP_STAMP_IRQHandler
                0x08002694                EXTI3_IRQHandler
                0x08002694                LPTIM4_IRQHandler
                0x08002694                TIM8_TRG_COM_TIM14_IRQHandler
                0x08002694                LPTIM2_IRQHandler
                0x08002694                DFSDM1_FLT1_IRQHandler
                0x08002694                DMAMUX2_OVR_IRQHandler
                0x08002694                TIM8_UP_TIM13_IRQHandler
                0x08002694                I2C3_ER_IRQHandler
                0x08002694                DFSDM1_FLT2_IRQHandler
                0x08002694                I2C5_EV_IRQHandler
                0x08002694                MDMA_IRQHandler
                0x08002694                LPTIM3_IRQHandler
                0x08002694                HSEM1_IRQHandler
                0x08002694                EXTI0_IRQHandler
                0x08002694                I2C2_EV_IRQHandler
                0x08002694                FPU_IRQHandler
                0x08002694                OTG_HS_WKUP_IRQHandler
                0x08002694                FDCAN1_IT1_IRQHandler
                0x08002694                LTDC_ER_IRQHandler
                0x08002694                DMA2_Stream2_IRQHandler
                0x08002694                SPI1_IRQHandler
                0x08002694                OCTOSPI1_IRQHandler
                0x08002694                TIM6_DAC_IRQHandler
                0x08002694                DMA2_Stream3_IRQHandler
                0x08002694                OCTOSPI2_IRQHandler
                0x08002694                DFSDM1_FLT3_IRQHandler
                0x08002694                TIM23_IRQHandler
                0x08002694                USART6_IRQHandler
                0x08002694                TIM17_IRQHandler
                0x08002694                USART3_IRQHandler
                0x08002694                BDMA_Channel7_IRQHandler
                0x08002694                LPTIM5_IRQHandler
                0x08002694                ADC3_IRQHandler
                0x08002694                TIM4_IRQHandler
                0x08002694                BDMA_Channel2_IRQHandler
                0x08002694                I2C1_EV_IRQHandler
                0x08002694                DMAMUX1_OVR_IRQHandler
                0x08002694                TIM16_IRQHandler
                0x08002694                UART4_IRQHandler
                0x08002694                BDMA_Channel5_IRQHandler
                0x08002694                TIM3_IRQHandler
                0x08002694                RCC_IRQHandler
                0x08002694                UART9_IRQHandler
                0x08002694                TIM8_BRK_TIM12_IRQHandler
                0x08002694                TIM1_TRG_COM_IRQHandler
                0x08002694                Default_Handler
                0x08002694                ECC_IRQHandler
                0x08002694                FMAC_IRQHandler
                0x08002694                CEC_IRQHandler
                0x08002694                BDMA_Channel0_IRQHandler
                0x08002694                ADC_IRQHandler
                0x08002694                I2C5_ER_IRQHandler
                0x08002694                SPI5_IRQHandler
                0x08002694                TIM7_IRQHandler
                0x08002694                FDCAN3_IT1_IRQHandler
                0x08002694                SDMMC1_IRQHandler
                0x08002694                TIM5_IRQHandler
                0x08002694                DMA2_Stream7_IRQHandler
                0x08002694                TIM15_IRQHandler
                0x08002694                PVD_AVD_IRQHandler
                0x08002694                I2C3_EV_IRQHandler
                0x08002694                EXTI9_5_IRQHandler
                0x08002694                RTC_WKUP_IRQHandler
                0x08002694                LTDC_IRQHandler
                0x08002694                ETH_WKUP_IRQHandler
                0x08002694                SPDIF_RX_IRQHandler
                0x08002694                OTG_HS_EP1_IN_IRQHandler
                0x08002694                TIM24_IRQHandler
                0x08002694                CRS_IRQHandler
                0x08002694                EXTI4_IRQHandler
                0x08002694                RNG_IRQHandler
                0x08002694                FDCAN2_IT1_IRQHandler
                0x08002694                ETH_IRQHandler
                0x08002694                BDMA_Channel4_IRQHandler
                0x08002694                OTG_HS_EP1_OUT_IRQHandler
                0x08002694                WWDG_IRQHandler
                0x08002694                SPI6_IRQHandler
                0x08002694                MDIOS_IRQHandler
                0x08002694                I2C4_EV_IRQHandler
                0x08002694                LPUART1_IRQHandler
                0x08002694                TIM2_IRQHandler
                0x08002694                DMA2D_IRQHandler
                0x08002694                TIM1_BRK_IRQHandler
                0x08002694                EXTI1_IRQHandler
                0x08002694                SDMMC2_IRQHandler
                0x08002694                BDMA_Channel3_IRQHandler
                0x08002694                DTS_IRQHandler
                0x08002694                MDIOS_WKUP_IRQHandler
                0x08002694                USART2_IRQHandler
                0x08002694                DFSDM1_FLT0_IRQHandler
                0x08002694                SAI4_IRQHandler
                0x08002694                I2C2_ER_IRQHandler
                0x08002694                DMA2_Stream1_IRQHandler
                0x08002694                FLASH_IRQHandler
                0x08002694                DMA2_Stream4_IRQHandler
                0x08002694                SPI3_IRQHandler
                0x08002694                WAKEUP_PIN_IRQHandler
                0x08002694                I2C1_ER_IRQHandler
                0x08002694                FMC_IRQHandler
                0x08002694                FDCAN_CAL_IRQHandler
                0x08002694                SWPMI1_IRQHandler
                0x08002694                COMP1_IRQHandler
                0x08002694                LPTIM1_IRQHandler
                0x08002694                DCMI_PSSI_IRQHandler
                0x08002694                I2C4_ER_IRQHandler
                0x08002694                DMA2_Stream6_IRQHandler
                0x08002694                SAI1_IRQHandler
 *fill*         0x08002696        0x2 
 .text.HAL_Init
                0x08002698       0x5c CMakeFiles/DM_02_Hero.elf.dir/Drivers/STM32H7xx_HAL_Driver/Src/stm32h7xx_hal.c.obj
                0x08002698                HAL_Init
 .text.HAL_IncTick
                0x080026f4       0x18 CMakeFiles/DM_02_Hero.elf.dir/Drivers/STM32H7xx_HAL_Driver/Src/stm32h7xx_hal.c.obj
                0x080026f4                HAL_IncTick
 .text.HAL_GetTick
                0x0800270c        0xc CMakeFiles/DM_02_Hero.elf.dir/Drivers/STM32H7xx_HAL_Driver/Src/stm32h7xx_hal.c.obj
                0x0800270c                HAL_GetTick
 .text.HAL_Delay
                0x08002718       0x28 CMakeFiles/DM_02_Hero.elf.dir/Drivers/STM32H7xx_HAL_Driver/Src/stm32h7xx_hal.c.obj
                0x08002718                HAL_Delay
 .text.LL_ADC_SetOffset
                0x08002740       0x40 CMakeFiles/DM_02_Hero.elf.dir/Drivers/STM32H7xx_HAL_Driver/Src/stm32h7xx_hal_adc.c.obj
 .text.LL_ADC_SetOffsetState
                0x08002780       0x30 CMakeFiles/DM_02_Hero.elf.dir/Drivers/STM32H7xx_HAL_Driver/Src/stm32h7xx_hal_adc.c.obj
 .text.LL_ADC_REG_SetSequencerRanks
                0x080027b0       0x30 CMakeFiles/DM_02_Hero.elf.dir/Drivers/STM32H7xx_HAL_Driver/Src/stm32h7xx_hal_adc.c.obj
 .text.LL_ADC_SetChannelSamplingTime
                0x080027e0       0x2c CMakeFiles/DM_02_Hero.elf.dir/Drivers/STM32H7xx_HAL_Driver/Src/stm32h7xx_hal_adc.c.obj
 .text.LL_ADC_SetChannelSingleDiff
                0x0800280c       0x58 CMakeFiles/DM_02_Hero.elf.dir/Drivers/STM32H7xx_HAL_Driver/Src/stm32h7xx_hal_adc.c.obj
 .text.HAL_ADC_ConfigChannel
                0x08002864      0x590 CMakeFiles/DM_02_Hero.elf.dir/Drivers/STM32H7xx_HAL_Driver/Src/stm32h7xx_hal_adc.c.obj
                0x08002864                HAL_ADC_ConfigChannel
 .text.ADC_ConfigureBoostMode
                0x08002df4      0x130 CMakeFiles/DM_02_Hero.elf.dir/Drivers/STM32H7xx_HAL_Driver/Src/stm32h7xx_hal_adc.c.obj
                0x08002df4                ADC_ConfigureBoostMode
 .text.HAL_ADC_Init
                0x08002f24      0x2d0 CMakeFiles/DM_02_Hero.elf.dir/Drivers/STM32H7xx_HAL_Driver/Src/stm32h7xx_hal_adc.c.obj
                0x08002f24                HAL_ADC_Init
 .text.HAL_ADCEx_MultiModeConfigChannel
                0x080031f4      0x150 CMakeFiles/DM_02_Hero.elf.dir/Drivers/STM32H7xx_HAL_Driver/Src/stm32h7xx_hal_adc_ex.c.obj
                0x080031f4                HAL_ADCEx_MultiModeConfigChannel
 .text.__NVIC_EnableIRQ
                0x08003344       0x1c CMakeFiles/DM_02_Hero.elf.dir/Drivers/STM32H7xx_HAL_Driver/Src/stm32h7xx_hal_cortex.c.obj
 .text.__NVIC_SetPriority
                0x08003360       0x24 CMakeFiles/DM_02_Hero.elf.dir/Drivers/STM32H7xx_HAL_Driver/Src/stm32h7xx_hal_cortex.c.obj
 .text.NVIC_EncodePriority
                0x08003384       0x3e CMakeFiles/DM_02_Hero.elf.dir/Drivers/STM32H7xx_HAL_Driver/Src/stm32h7xx_hal_cortex.c.obj
 *fill*         0x080033c2        0x2 
 .text.HAL_NVIC_SetPriorityGrouping
                0x080033c4       0x24 CMakeFiles/DM_02_Hero.elf.dir/Drivers/STM32H7xx_HAL_Driver/Src/stm32h7xx_hal_cortex.c.obj
                0x080033c4                HAL_NVIC_SetPriorityGrouping
 .text.HAL_NVIC_SetPriority
                0x080033e8       0x20 CMakeFiles/DM_02_Hero.elf.dir/Drivers/STM32H7xx_HAL_Driver/Src/stm32h7xx_hal_cortex.c.obj
                0x080033e8                HAL_NVIC_SetPriority
 .text.HAL_NVIC_EnableIRQ
                0x08003408        0x8 CMakeFiles/DM_02_Hero.elf.dir/Drivers/STM32H7xx_HAL_Driver/Src/stm32h7xx_hal_cortex.c.obj
                0x08003408                HAL_NVIC_EnableIRQ
 .text.HAL_CRC_Init
                0x08003410       0x80 CMakeFiles/DM_02_Hero.elf.dir/Drivers/STM32H7xx_HAL_Driver/Src/stm32h7xx_hal_crc.c.obj
                0x08003410                HAL_CRC_Init
 .text.HAL_CRCEx_Polynomial_Set
                0x08003490       0x78 CMakeFiles/DM_02_Hero.elf.dir/Drivers/STM32H7xx_HAL_Driver/Src/stm32h7xx_hal_crc_ex.c.obj
                0x08003490                HAL_CRCEx_Polynomial_Set
 .text.DMA_SetConfig
                0x08003508      0x1b4 CMakeFiles/DM_02_Hero.elf.dir/Drivers/STM32H7xx_HAL_Driver/Src/stm32h7xx_hal_dma.c.obj
 .text.DMA_CalcBaseAndBitshift
                0x080036bc       0xb0 CMakeFiles/DM_02_Hero.elf.dir/Drivers/STM32H7xx_HAL_Driver/Src/stm32h7xx_hal_dma.c.obj
 .text.DMA_CheckFifoParam
                0x0800376c       0x92 CMakeFiles/DM_02_Hero.elf.dir/Drivers/STM32H7xx_HAL_Driver/Src/stm32h7xx_hal_dma.c.obj
 *fill*         0x080037fe        0x2 
 .text.DMA_CalcDMAMUXChannelBaseAndMask
                0x08003800       0xac CMakeFiles/DM_02_Hero.elf.dir/Drivers/STM32H7xx_HAL_Driver/Src/stm32h7xx_hal_dma.c.obj
 .text.DMA_CalcDMAMUXRequestGenBaseAndMask
                0x080038ac       0x7c CMakeFiles/DM_02_Hero.elf.dir/Drivers/STM32H7xx_HAL_Driver/Src/stm32h7xx_hal_dma.c.obj
 .text.HAL_DMA_Init
                0x08003928      0x39c CMakeFiles/DM_02_Hero.elf.dir/Drivers/STM32H7xx_HAL_Driver/Src/stm32h7xx_hal_dma.c.obj
                0x08003928                HAL_DMA_Init
 .text.HAL_DMA_Start_IT
                0x08003cc4      0x298 CMakeFiles/DM_02_Hero.elf.dir/Drivers/STM32H7xx_HAL_Driver/Src/stm32h7xx_hal_dma.c.obj
                0x08003cc4                HAL_DMA_Start_IT
 .text.HAL_DMA_Abort
                0x08003f5c      0x340 CMakeFiles/DM_02_Hero.elf.dir/Drivers/STM32H7xx_HAL_Driver/Src/stm32h7xx_hal_dma.c.obj
                0x08003f5c                HAL_DMA_Abort
 .text.HAL_DMA_Abort_IT
                0x0800429c      0x270 CMakeFiles/DM_02_Hero.elf.dir/Drivers/STM32H7xx_HAL_Driver/Src/stm32h7xx_hal_dma.c.obj
                0x0800429c                HAL_DMA_Abort_IT
 .text.HAL_DMA_IRQHandler
                0x0800450c      0x738 CMakeFiles/DM_02_Hero.elf.dir/Drivers/STM32H7xx_HAL_Driver/Src/stm32h7xx_hal_dma.c.obj
                0x0800450c                HAL_DMA_IRQHandler
 .text.FDCAN_CalcultateRamBlockAddresses
                0x08004c44      0x1d4 CMakeFiles/DM_02_Hero.elf.dir/Drivers/STM32H7xx_HAL_Driver/Src/stm32h7xx_hal_fdcan.c.obj
 .text.FDCAN_CopyMessageToRAM
                0x08004e18       0x8c CMakeFiles/DM_02_Hero.elf.dir/Drivers/STM32H7xx_HAL_Driver/Src/stm32h7xx_hal_fdcan.c.obj
 .text.HAL_FDCAN_Init
                0x08004ea4      0x294 CMakeFiles/DM_02_Hero.elf.dir/Drivers/STM32H7xx_HAL_Driver/Src/stm32h7xx_hal_fdcan.c.obj
                0x08004ea4                HAL_FDCAN_Init
 .text.HAL_FDCAN_ConfigFilter
                0x08005138       0x8a CMakeFiles/DM_02_Hero.elf.dir/Drivers/STM32H7xx_HAL_Driver/Src/stm32h7xx_hal_fdcan.c.obj
                0x08005138                HAL_FDCAN_ConfigFilter
 .text.HAL_FDCAN_ConfigGlobalFilter
                0x080051c2       0x36 CMakeFiles/DM_02_Hero.elf.dir/Drivers/STM32H7xx_HAL_Driver/Src/stm32h7xx_hal_fdcan.c.obj
                0x080051c2                HAL_FDCAN_ConfigGlobalFilter
 .text.HAL_FDCAN_ConfigFifoWatermark
                0x080051f8       0x5e CMakeFiles/DM_02_Hero.elf.dir/Drivers/STM32H7xx_HAL_Driver/Src/stm32h7xx_hal_fdcan.c.obj
                0x080051f8                HAL_FDCAN_ConfigFifoWatermark
 .text.HAL_FDCAN_Start
                0x08005256       0x34 CMakeFiles/DM_02_Hero.elf.dir/Drivers/STM32H7xx_HAL_Driver/Src/stm32h7xx_hal_fdcan.c.obj
                0x08005256                HAL_FDCAN_Start
 .text.HAL_FDCAN_AddMessageToTxFifoQ
                0x0800528a       0x76 CMakeFiles/DM_02_Hero.elf.dir/Drivers/STM32H7xx_HAL_Driver/Src/stm32h7xx_hal_fdcan.c.obj
                0x0800528a                HAL_FDCAN_AddMessageToTxFifoQ
 .text.HAL_FDCAN_GetRxMessage
                0x08005300      0x1e4 CMakeFiles/DM_02_Hero.elf.dir/Drivers/STM32H7xx_HAL_Driver/Src/stm32h7xx_hal_fdcan.c.obj
                0x08005300                HAL_FDCAN_GetRxMessage
 .text.HAL_FDCAN_ActivateNotification
                0x080054e4       0x90 CMakeFiles/DM_02_Hero.elf.dir/Drivers/STM32H7xx_HAL_Driver/Src/stm32h7xx_hal_fdcan.c.obj
                0x080054e4                HAL_FDCAN_ActivateNotification
 .text.HAL_FDCAN_ClockCalibrationCallback
                0x08005574        0x2 CMakeFiles/DM_02_Hero.elf.dir/Drivers/STM32H7xx_HAL_Driver/Src/stm32h7xx_hal_fdcan.c.obj
                0x08005574                HAL_FDCAN_ClockCalibrationCallback
 .text.HAL_FDCAN_TxEventFifoCallback
                0x08005576        0x2 CMakeFiles/DM_02_Hero.elf.dir/Drivers/STM32H7xx_HAL_Driver/Src/stm32h7xx_hal_fdcan.c.obj
                0x08005576                HAL_FDCAN_TxEventFifoCallback
 .text.HAL_FDCAN_RxFifo1Callback
                0x08005578        0x2 CMakeFiles/DM_02_Hero.elf.dir/Drivers/STM32H7xx_HAL_Driver/Src/stm32h7xx_hal_fdcan.c.obj
                0x08005578                HAL_FDCAN_RxFifo1Callback
 .text.HAL_FDCAN_TxFifoEmptyCallback
                0x0800557a        0x2 CMakeFiles/DM_02_Hero.elf.dir/Drivers/STM32H7xx_HAL_Driver/Src/stm32h7xx_hal_fdcan.c.obj
                0x0800557a                HAL_FDCAN_TxFifoEmptyCallback
 .text.HAL_FDCAN_TxBufferCompleteCallback
                0x0800557c        0x2 CMakeFiles/DM_02_Hero.elf.dir/Drivers/STM32H7xx_HAL_Driver/Src/stm32h7xx_hal_fdcan.c.obj
                0x0800557c                HAL_FDCAN_TxBufferCompleteCallback
 .text.HAL_FDCAN_TxBufferAbortCallback
                0x0800557e        0x2 CMakeFiles/DM_02_Hero.elf.dir/Drivers/STM32H7xx_HAL_Driver/Src/stm32h7xx_hal_fdcan.c.obj
                0x0800557e                HAL_FDCAN_TxBufferAbortCallback
 .text.HAL_FDCAN_RxBufferNewMessageCallback
                0x08005580        0x2 CMakeFiles/DM_02_Hero.elf.dir/Drivers/STM32H7xx_HAL_Driver/Src/stm32h7xx_hal_fdcan.c.obj
                0x08005580                HAL_FDCAN_RxBufferNewMessageCallback
 .text.HAL_FDCAN_TimestampWraparoundCallback
                0x08005582        0x2 CMakeFiles/DM_02_Hero.elf.dir/Drivers/STM32H7xx_HAL_Driver/Src/stm32h7xx_hal_fdcan.c.obj
                0x08005582                HAL_FDCAN_TimestampWraparoundCallback
 .text.HAL_FDCAN_TimeoutOccurredCallback
                0x08005584        0x2 CMakeFiles/DM_02_Hero.elf.dir/Drivers/STM32H7xx_HAL_Driver/Src/stm32h7xx_hal_fdcan.c.obj
                0x08005584                HAL_FDCAN_TimeoutOccurredCallback
 .text.HAL_FDCAN_HighPriorityMessageCallback
                0x08005586        0x2 CMakeFiles/DM_02_Hero.elf.dir/Drivers/STM32H7xx_HAL_Driver/Src/stm32h7xx_hal_fdcan.c.obj
                0x08005586                HAL_FDCAN_HighPriorityMessageCallback
 .text.HAL_FDCAN_ErrorCallback
                0x08005588        0x2 CMakeFiles/DM_02_Hero.elf.dir/Drivers/STM32H7xx_HAL_Driver/Src/stm32h7xx_hal_fdcan.c.obj
                0x08005588                HAL_FDCAN_ErrorCallback
 .text.HAL_FDCAN_ErrorStatusCallback
                0x0800558a        0x2 CMakeFiles/DM_02_Hero.elf.dir/Drivers/STM32H7xx_HAL_Driver/Src/stm32h7xx_hal_fdcan.c.obj
                0x0800558a                HAL_FDCAN_ErrorStatusCallback
 .text.HAL_FDCAN_TT_ScheduleSyncCallback
                0x0800558c        0x2 CMakeFiles/DM_02_Hero.elf.dir/Drivers/STM32H7xx_HAL_Driver/Src/stm32h7xx_hal_fdcan.c.obj
                0x0800558c                HAL_FDCAN_TT_ScheduleSyncCallback
 .text.HAL_FDCAN_TT_TimeMarkCallback
                0x0800558e        0x2 CMakeFiles/DM_02_Hero.elf.dir/Drivers/STM32H7xx_HAL_Driver/Src/stm32h7xx_hal_fdcan.c.obj
                0x0800558e                HAL_FDCAN_TT_TimeMarkCallback
 .text.HAL_FDCAN_TT_StopWatchCallback
                0x08005590        0x2 CMakeFiles/DM_02_Hero.elf.dir/Drivers/STM32H7xx_HAL_Driver/Src/stm32h7xx_hal_fdcan.c.obj
                0x08005590                HAL_FDCAN_TT_StopWatchCallback
 .text.HAL_FDCAN_TT_GlobalTimeCallback
                0x08005592        0x2 CMakeFiles/DM_02_Hero.elf.dir/Drivers/STM32H7xx_HAL_Driver/Src/stm32h7xx_hal_fdcan.c.obj
                0x08005592                HAL_FDCAN_TT_GlobalTimeCallback
 .text.HAL_FDCAN_IRQHandler
                0x08005594      0x320 CMakeFiles/DM_02_Hero.elf.dir/Drivers/STM32H7xx_HAL_Driver/Src/stm32h7xx_hal_fdcan.c.obj
                0x08005594                HAL_FDCAN_IRQHandler
 .text.HAL_GPIO_Init
                0x080058b4      0x214 CMakeFiles/DM_02_Hero.elf.dir/Drivers/STM32H7xx_HAL_Driver/Src/stm32h7xx_hal_gpio.c.obj
                0x080058b4                HAL_GPIO_Init
 .text.HAL_GPIO_WritePin
                0x08005ac8        0xc CMakeFiles/DM_02_Hero.elf.dir/Drivers/STM32H7xx_HAL_Driver/Src/stm32h7xx_hal_gpio.c.obj
                0x08005ac8                HAL_GPIO_WritePin
 .text.HAL_GPIO_EXTI_IRQHandler
                0x08005ad4       0x1e CMakeFiles/DM_02_Hero.elf.dir/Drivers/STM32H7xx_HAL_Driver/Src/stm32h7xx_hal_gpio.c.obj
                0x08005ad4                HAL_GPIO_EXTI_IRQHandler
 .text.PCD_WriteEmptyTxFifo
                0x08005af2       0xd0 CMakeFiles/DM_02_Hero.elf.dir/Drivers/STM32H7xx_HAL_Driver/Src/stm32h7xx_hal_pcd.c.obj
 .text.HAL_PCD_Init
                0x08005bc2      0x102 CMakeFiles/DM_02_Hero.elf.dir/Drivers/STM32H7xx_HAL_Driver/Src/stm32h7xx_hal_pcd.c.obj
                0x08005bc2                HAL_PCD_Init
 .text.HAL_PCD_Start
                0x08005cc4       0x44 CMakeFiles/DM_02_Hero.elf.dir/Drivers/STM32H7xx_HAL_Driver/Src/stm32h7xx_hal_pcd.c.obj
                0x08005cc4                HAL_PCD_Start
 .text.PCD_EP_OutXfrComplete_int
                0x08005d08      0x104 CMakeFiles/DM_02_Hero.elf.dir/Drivers/STM32H7xx_HAL_Driver/Src/stm32h7xx_hal_pcd.c.obj
 .text.PCD_EP_OutSetupPacket_int
                0x08005e0c       0x50 CMakeFiles/DM_02_Hero.elf.dir/Drivers/STM32H7xx_HAL_Driver/Src/stm32h7xx_hal_pcd.c.obj
 .text.HAL_PCD_SetAddress
                0x08005e5c       0x26 CMakeFiles/DM_02_Hero.elf.dir/Drivers/STM32H7xx_HAL_Driver/Src/stm32h7xx_hal_pcd.c.obj
                0x08005e5c                HAL_PCD_SetAddress
 .text.HAL_PCD_EP_Open
                0x08005e82       0x88 CMakeFiles/DM_02_Hero.elf.dir/Drivers/STM32H7xx_HAL_Driver/Src/stm32h7xx_hal_pcd.c.obj
                0x08005e82                HAL_PCD_EP_Open
 .text.HAL_PCD_EP_Close
                0x08005f0a       0x70 CMakeFiles/DM_02_Hero.elf.dir/Drivers/STM32H7xx_HAL_Driver/Src/stm32h7xx_hal_pcd.c.obj
                0x08005f0a                HAL_PCD_EP_Close
 .text.HAL_PCD_EP_Receive
                0x08005f7a       0x4a CMakeFiles/DM_02_Hero.elf.dir/Drivers/STM32H7xx_HAL_Driver/Src/stm32h7xx_hal_pcd.c.obj
                0x08005f7a                HAL_PCD_EP_Receive
 .text.HAL_PCD_EP_GetRxCount
                0x08005fc4       0x12 CMakeFiles/DM_02_Hero.elf.dir/Drivers/STM32H7xx_HAL_Driver/Src/stm32h7xx_hal_pcd.c.obj
                0x08005fc4                HAL_PCD_EP_GetRxCount
 .text.HAL_PCD_EP_Transmit
                0x08005fd6       0x4a CMakeFiles/DM_02_Hero.elf.dir/Drivers/STM32H7xx_HAL_Driver/Src/stm32h7xx_hal_pcd.c.obj
                0x08005fd6                HAL_PCD_EP_Transmit
 .text.HAL_PCD_EP_SetStall
                0x08006020       0x86 CMakeFiles/DM_02_Hero.elf.dir/Drivers/STM32H7xx_HAL_Driver/Src/stm32h7xx_hal_pcd.c.obj
                0x08006020                HAL_PCD_EP_SetStall
 .text.HAL_PCD_EP_ClrStall
                0x080060a6       0x74 CMakeFiles/DM_02_Hero.elf.dir/Drivers/STM32H7xx_HAL_Driver/Src/stm32h7xx_hal_pcd.c.obj
                0x080060a6                HAL_PCD_EP_ClrStall
 .text.HAL_PCD_EP_Abort
                0x0800611a       0x34 CMakeFiles/DM_02_Hero.elf.dir/Drivers/STM32H7xx_HAL_Driver/Src/stm32h7xx_hal_pcd.c.obj
                0x0800611a                HAL_PCD_EP_Abort
 .text.HAL_PCD_IRQHandler
                0x0800614e      0x602 CMakeFiles/DM_02_Hero.elf.dir/Drivers/STM32H7xx_HAL_Driver/Src/stm32h7xx_hal_pcd.c.obj
                0x0800614e                HAL_PCD_IRQHandler
 .text.HAL_PCDEx_SetTxFiFo
                0x08006750       0x4c CMakeFiles/DM_02_Hero.elf.dir/Drivers/STM32H7xx_HAL_Driver/Src/stm32h7xx_hal_pcd_ex.c.obj
                0x08006750                HAL_PCDEx_SetTxFiFo
 .text.HAL_PCDEx_SetRxFiFo
                0x0800679c        0x8 CMakeFiles/DM_02_Hero.elf.dir/Drivers/STM32H7xx_HAL_Driver/Src/stm32h7xx_hal_pcd_ex.c.obj
                0x0800679c                HAL_PCDEx_SetRxFiFo
 .text.HAL_PCDEx_ActivateLPM
                0x080067a4       0x28 CMakeFiles/DM_02_Hero.elf.dir/Drivers/STM32H7xx_HAL_Driver/Src/stm32h7xx_hal_pcd_ex.c.obj
                0x080067a4                HAL_PCDEx_ActivateLPM
 .text.HAL_PCDEx_LPM_Callback
                0x080067cc        0x2 CMakeFiles/DM_02_Hero.elf.dir/Drivers/STM32H7xx_HAL_Driver/Src/stm32h7xx_hal_pcd_ex.c.obj
                0x080067cc                HAL_PCDEx_LPM_Callback
 *fill*         0x080067ce        0x2 
 .text.HAL_PWREx_ConfigSupply
                0x080067d0       0x54 CMakeFiles/DM_02_Hero.elf.dir/Drivers/STM32H7xx_HAL_Driver/Src/stm32h7xx_hal_pwr_ex.c.obj
                0x080067d0                HAL_PWREx_ConfigSupply
 .text.HAL_PWREx_EnableUSBVoltageDetector
                0x08006824       0x10 CMakeFiles/DM_02_Hero.elf.dir/Drivers/STM32H7xx_HAL_Driver/Src/stm32h7xx_hal_pwr_ex.c.obj
                0x08006824                HAL_PWREx_EnableUSBVoltageDetector
 .text.HAL_RCC_OscConfig
                0x08006834      0x5e4 CMakeFiles/DM_02_Hero.elf.dir/Drivers/STM32H7xx_HAL_Driver/Src/stm32h7xx_hal_rcc.c.obj
                0x08006834                HAL_RCC_OscConfig
 .text.HAL_RCC_GetSysClockFreq
                0x08006e18      0x1f8 CMakeFiles/DM_02_Hero.elf.dir/Drivers/STM32H7xx_HAL_Driver/Src/stm32h7xx_hal_rcc.c.obj
                0x08006e18                HAL_RCC_GetSysClockFreq
 .text.HAL_RCC_ClockConfig
                0x08007010      0x294 CMakeFiles/DM_02_Hero.elf.dir/Drivers/STM32H7xx_HAL_Driver/Src/stm32h7xx_hal_rcc.c.obj
                0x08007010                HAL_RCC_ClockConfig
 .text.HAL_RCC_GetHCLKFreq
                0x080072a4       0x44 CMakeFiles/DM_02_Hero.elf.dir/Drivers/STM32H7xx_HAL_Driver/Src/stm32h7xx_hal_rcc.c.obj
                0x080072a4                HAL_RCC_GetHCLKFreq
 .text.HAL_RCC_GetPCLK1Freq
                0x080072e8       0x24 CMakeFiles/DM_02_Hero.elf.dir/Drivers/STM32H7xx_HAL_Driver/Src/stm32h7xx_hal_rcc.c.obj
                0x080072e8                HAL_RCC_GetPCLK1Freq
 .text.HAL_RCC_GetPCLK2Freq
                0x0800730c       0x24 CMakeFiles/DM_02_Hero.elf.dir/Drivers/STM32H7xx_HAL_Driver/Src/stm32h7xx_hal_rcc.c.obj
                0x0800730c                HAL_RCC_GetPCLK2Freq
 .text.HAL_RCC_GetClockConfig
                0x08007330       0x54 CMakeFiles/DM_02_Hero.elf.dir/Drivers/STM32H7xx_HAL_Driver/Src/stm32h7xx_hal_rcc.c.obj
                0x08007330                HAL_RCC_GetClockConfig
 .text.RCCEx_PLL2_Config
                0x08007384      0x108 CMakeFiles/DM_02_Hero.elf.dir/Drivers/STM32H7xx_HAL_Driver/Src/stm32h7xx_hal_rcc_ex.c.obj
 .text.RCCEx_PLL3_Config
                0x0800748c      0x108 CMakeFiles/DM_02_Hero.elf.dir/Drivers/STM32H7xx_HAL_Driver/Src/stm32h7xx_hal_rcc_ex.c.obj
 .text.HAL_RCCEx_PeriphCLKConfig
                0x08007594      0xa2c CMakeFiles/DM_02_Hero.elf.dir/Drivers/STM32H7xx_HAL_Driver/Src/stm32h7xx_hal_rcc_ex.c.obj
                0x08007594                HAL_RCCEx_PeriphCLKConfig
 .text.HAL_RCCEx_GetD3PCLK1Freq
                0x08007fc0       0x24 CMakeFiles/DM_02_Hero.elf.dir/Drivers/STM32H7xx_HAL_Driver/Src/stm32h7xx_hal_rcc_ex.c.obj
                0x08007fc0                HAL_RCCEx_GetD3PCLK1Freq
 .text.HAL_RCCEx_GetPLL2ClockFreq
                0x08007fe4      0x200 CMakeFiles/DM_02_Hero.elf.dir/Drivers/STM32H7xx_HAL_Driver/Src/stm32h7xx_hal_rcc_ex.c.obj
                0x08007fe4                HAL_RCCEx_GetPLL2ClockFreq
 .text.HAL_RCCEx_GetPLL3ClockFreq
                0x080081e4      0x200 CMakeFiles/DM_02_Hero.elf.dir/Drivers/STM32H7xx_HAL_Driver/Src/stm32h7xx_hal_rcc_ex.c.obj
                0x080081e4                HAL_RCCEx_GetPLL3ClockFreq
 .text.HAL_RCCEx_GetPLL1ClockFreq
                0x080083e4      0x200 CMakeFiles/DM_02_Hero.elf.dir/Drivers/STM32H7xx_HAL_Driver/Src/stm32h7xx_hal_rcc_ex.c.obj
                0x080083e4                HAL_RCCEx_GetPLL1ClockFreq
 .text.HAL_RCCEx_GetPeriphCLKFreq
                0x080085e4      0x608 CMakeFiles/DM_02_Hero.elf.dir/Drivers/STM32H7xx_HAL_Driver/Src/stm32h7xx_hal_rcc_ex.c.obj
                0x080085e4                HAL_RCCEx_GetPeriphCLKFreq
 .text.SPI_CloseTransfer
                0x08008bec       0xd0 CMakeFiles/DM_02_Hero.elf.dir/Drivers/STM32H7xx_HAL_Driver/Src/stm32h7xx_hal_spi.c.obj
 .text.SPI_GetPacketSize
                0x08008cbc       0x10 CMakeFiles/DM_02_Hero.elf.dir/Drivers/STM32H7xx_HAL_Driver/Src/stm32h7xx_hal_spi.c.obj
 .text.SPI_WaitOnFlagUntilTimeout
                0x08008ccc       0x48 CMakeFiles/DM_02_Hero.elf.dir/Drivers/STM32H7xx_HAL_Driver/Src/stm32h7xx_hal_spi.c.obj
 .text.HAL_SPI_Init
                0x08008d14      0x190 CMakeFiles/DM_02_Hero.elf.dir/Drivers/STM32H7xx_HAL_Driver/Src/stm32h7xx_hal_spi.c.obj
                0x08008d14                HAL_SPI_Init
 .text.HAL_SPI_Transmit
                0x08008ea4      0x2c0 CMakeFiles/DM_02_Hero.elf.dir/Drivers/STM32H7xx_HAL_Driver/Src/stm32h7xx_hal_spi.c.obj
                0x08008ea4                HAL_SPI_Transmit
 .text.HAL_SPI_TransmitReceive
                0x08009164      0x490 CMakeFiles/DM_02_Hero.elf.dir/Drivers/STM32H7xx_HAL_Driver/Src/stm32h7xx_hal_spi.c.obj
                0x08009164                HAL_SPI_TransmitReceive
 .text.HAL_SPI_TxCpltCallback
                0x080095f4        0x2 CMakeFiles/DM_02_Hero.elf.dir/Drivers/STM32H7xx_HAL_Driver/Src/stm32h7xx_hal_spi.c.obj
                0x080095f4                HAL_SPI_TxCpltCallback
 .text.HAL_SPI_RxCpltCallback
                0x080095f6        0x2 CMakeFiles/DM_02_Hero.elf.dir/Drivers/STM32H7xx_HAL_Driver/Src/stm32h7xx_hal_spi.c.obj
                0x080095f6                HAL_SPI_RxCpltCallback
 .text.HAL_SPI_TxRxCpltCallback
                0x080095f8        0x2 CMakeFiles/DM_02_Hero.elf.dir/Drivers/STM32H7xx_HAL_Driver/Src/stm32h7xx_hal_spi.c.obj
                0x080095f8                HAL_SPI_TxRxCpltCallback
 .text.HAL_SPI_ErrorCallback
                0x080095fa        0x2 CMakeFiles/DM_02_Hero.elf.dir/Drivers/STM32H7xx_HAL_Driver/Src/stm32h7xx_hal_spi.c.obj
                0x080095fa                HAL_SPI_ErrorCallback
 .text.SPI_DMAAbortOnError
                0x080095fc       0x1a CMakeFiles/DM_02_Hero.elf.dir/Drivers/STM32H7xx_HAL_Driver/Src/stm32h7xx_hal_spi.c.obj
 .text.HAL_SPI_SuspendCallback
                0x08009616        0x2 CMakeFiles/DM_02_Hero.elf.dir/Drivers/STM32H7xx_HAL_Driver/Src/stm32h7xx_hal_spi.c.obj
                0x08009616                HAL_SPI_SuspendCallback
 .text.HAL_SPI_IRQHandler
                0x08009618      0x240 CMakeFiles/DM_02_Hero.elf.dir/Drivers/STM32H7xx_HAL_Driver/Src/stm32h7xx_hal_spi.c.obj
                0x08009618                HAL_SPI_IRQHandler
 .text.TIM_OC1_SetConfig
                0x08009858       0xa4 CMakeFiles/DM_02_Hero.elf.dir/Drivers/STM32H7xx_HAL_Driver/Src/stm32h7xx_hal_tim.c.obj
 .text.TIM_OC3_SetConfig
                0x080098fc       0x94 CMakeFiles/DM_02_Hero.elf.dir/Drivers/STM32H7xx_HAL_Driver/Src/stm32h7xx_hal_tim.c.obj
 .text.TIM_OC4_SetConfig
                0x08009990       0x74 CMakeFiles/DM_02_Hero.elf.dir/Drivers/STM32H7xx_HAL_Driver/Src/stm32h7xx_hal_tim.c.obj
 .text.TIM_OC5_SetConfig
                0x08009a04       0x74 CMakeFiles/DM_02_Hero.elf.dir/Drivers/STM32H7xx_HAL_Driver/Src/stm32h7xx_hal_tim.c.obj
 .text.TIM_OC6_SetConfig
                0x08009a78       0x74 CMakeFiles/DM_02_Hero.elf.dir/Drivers/STM32H7xx_HAL_Driver/Src/stm32h7xx_hal_tim.c.obj
 .text.HAL_TIM_Base_MspInit
                0x08009aec        0x2 CMakeFiles/DM_02_Hero.elf.dir/Drivers/STM32H7xx_HAL_Driver/Src/stm32h7xx_hal_tim.c.obj
                0x08009aec                HAL_TIM_Base_MspInit
 *fill*         0x08009aee        0x2 
 .text.HAL_TIM_Base_Start_IT
                0x08009af0       0xa0 CMakeFiles/DM_02_Hero.elf.dir/Drivers/STM32H7xx_HAL_Driver/Src/stm32h7xx_hal_tim.c.obj
                0x08009af0                HAL_TIM_Base_Start_IT
 .text.HAL_TIM_OC_DelayElapsedCallback
                0x08009b90        0x2 CMakeFiles/DM_02_Hero.elf.dir/Drivers/STM32H7xx_HAL_Driver/Src/stm32h7xx_hal_tim.c.obj
                0x08009b90                HAL_TIM_OC_DelayElapsedCallback
 .text.HAL_TIM_IC_CaptureCallback
                0x08009b92        0x2 CMakeFiles/DM_02_Hero.elf.dir/Drivers/STM32H7xx_HAL_Driver/Src/stm32h7xx_hal_tim.c.obj
                0x08009b92                HAL_TIM_IC_CaptureCallback
 .text.HAL_TIM_PWM_PulseFinishedCallback
                0x08009b94        0x2 CMakeFiles/DM_02_Hero.elf.dir/Drivers/STM32H7xx_HAL_Driver/Src/stm32h7xx_hal_tim.c.obj
                0x08009b94                HAL_TIM_PWM_PulseFinishedCallback
 .text.HAL_TIM_TriggerCallback
                0x08009b96        0x2 CMakeFiles/DM_02_Hero.elf.dir/Drivers/STM32H7xx_HAL_Driver/Src/stm32h7xx_hal_tim.c.obj
                0x08009b96                HAL_TIM_TriggerCallback
 .text.HAL_TIM_IRQHandler
                0x08009b98      0x17a CMakeFiles/DM_02_Hero.elf.dir/Drivers/STM32H7xx_HAL_Driver/Src/stm32h7xx_hal_tim.c.obj
                0x08009b98                HAL_TIM_IRQHandler
 *fill*         0x08009d12        0x2 
 .text.TIM_Base_SetConfig
                0x08009d14      0x130 CMakeFiles/DM_02_Hero.elf.dir/Drivers/STM32H7xx_HAL_Driver/Src/stm32h7xx_hal_tim.c.obj
                0x08009d14                TIM_Base_SetConfig
 .text.HAL_TIM_Base_Init
                0x08009e44       0x60 CMakeFiles/DM_02_Hero.elf.dir/Drivers/STM32H7xx_HAL_Driver/Src/stm32h7xx_hal_tim.c.obj
                0x08009e44                HAL_TIM_Base_Init
 .text.HAL_TIM_PWM_Init
                0x08009ea4       0x60 CMakeFiles/DM_02_Hero.elf.dir/Drivers/STM32H7xx_HAL_Driver/Src/stm32h7xx_hal_tim.c.obj
                0x08009ea4                HAL_TIM_PWM_Init
 .text.TIM_OC2_SetConfig
                0x08009f04       0x94 CMakeFiles/DM_02_Hero.elf.dir/Drivers/STM32H7xx_HAL_Driver/Src/stm32h7xx_hal_tim.c.obj
                0x08009f04                TIM_OC2_SetConfig
 .text.HAL_TIM_PWM_ConfigChannel
                0x08009f98      0x13a CMakeFiles/DM_02_Hero.elf.dir/Drivers/STM32H7xx_HAL_Driver/Src/stm32h7xx_hal_tim.c.obj
                0x08009f98                HAL_TIM_PWM_ConfigChannel
 .text.TIM_CCxChannelCmd
                0x0800a0d2       0x1e CMakeFiles/DM_02_Hero.elf.dir/Drivers/STM32H7xx_HAL_Driver/Src/stm32h7xx_hal_tim.c.obj
                0x0800a0d2                TIM_CCxChannelCmd
 .text.HAL_TIM_PWM_Start
                0x0800a0f0      0x180 CMakeFiles/DM_02_Hero.elf.dir/Drivers/STM32H7xx_HAL_Driver/Src/stm32h7xx_hal_tim.c.obj
                0x0800a0f0                HAL_TIM_PWM_Start
 .text.HAL_TIMEx_MasterConfigSynchronization
                0x0800a270       0xb0 CMakeFiles/DM_02_Hero.elf.dir/Drivers/STM32H7xx_HAL_Driver/Src/stm32h7xx_hal_tim_ex.c.obj
                0x0800a270                HAL_TIMEx_MasterConfigSynchronization
 .text.HAL_TIMEx_CommutCallback
                0x0800a320        0x2 CMakeFiles/DM_02_Hero.elf.dir/Drivers/STM32H7xx_HAL_Driver/Src/stm32h7xx_hal_tim_ex.c.obj
                0x0800a320                HAL_TIMEx_CommutCallback
 .text.HAL_TIMEx_BreakCallback
                0x0800a322        0x2 CMakeFiles/DM_02_Hero.elf.dir/Drivers/STM32H7xx_HAL_Driver/Src/stm32h7xx_hal_tim_ex.c.obj
                0x0800a322                HAL_TIMEx_BreakCallback
 .text.HAL_TIMEx_Break2Callback
                0x0800a324        0x2 CMakeFiles/DM_02_Hero.elf.dir/Drivers/STM32H7xx_HAL_Driver/Src/stm32h7xx_hal_tim_ex.c.obj
                0x0800a324                HAL_TIMEx_Break2Callback
 .text.UART_EndTxTransfer
                0x0800a326       0x32 CMakeFiles/DM_02_Hero.elf.dir/Drivers/STM32H7xx_HAL_Driver/Src/stm32h7xx_hal_uart.c.obj
 .text.UART_EndRxTransfer
                0x0800a358       0x58 CMakeFiles/DM_02_Hero.elf.dir/Drivers/STM32H7xx_HAL_Driver/Src/stm32h7xx_hal_uart.c.obj
 .text.HAL_UART_TxCpltCallback
                0x0800a3b0        0x2 CMakeFiles/DM_02_Hero.elf.dir/Drivers/STM32H7xx_HAL_Driver/Src/stm32h7xx_hal_uart.c.obj
                0x0800a3b0                HAL_UART_TxCpltCallback
 .text.UART_EndTransmit_IT
                0x0800a3b2       0x24 CMakeFiles/DM_02_Hero.elf.dir/Drivers/STM32H7xx_HAL_Driver/Src/stm32h7xx_hal_uart.c.obj
 .text.HAL_UART_RxCpltCallback
                0x0800a3d6        0x2 CMakeFiles/DM_02_Hero.elf.dir/Drivers/STM32H7xx_HAL_Driver/Src/stm32h7xx_hal_uart.c.obj
                0x0800a3d6                HAL_UART_RxCpltCallback
 .text.HAL_UART_RxHalfCpltCallback
                0x0800a3d8        0x2 CMakeFiles/DM_02_Hero.elf.dir/Drivers/STM32H7xx_HAL_Driver/Src/stm32h7xx_hal_uart.c.obj
                0x0800a3d8                HAL_UART_RxHalfCpltCallback
 .text.UART_DMAError
                0x0800a3da       0x58 CMakeFiles/DM_02_Hero.elf.dir/Drivers/STM32H7xx_HAL_Driver/Src/stm32h7xx_hal_uart.c.obj
 .text.UART_DMAAbortOnError
                0x0800a432       0x14 CMakeFiles/DM_02_Hero.elf.dir/Drivers/STM32H7xx_HAL_Driver/Src/stm32h7xx_hal_uart.c.obj
 *fill*         0x0800a446        0x2 
 .text.HAL_UART_IRQHandler
                0x0800a448      0x3b4 CMakeFiles/DM_02_Hero.elf.dir/Drivers/STM32H7xx_HAL_Driver/Src/stm32h7xx_hal_uart.c.obj
                0x0800a448                HAL_UART_IRQHandler
 .text.UART_DMARxHalfCplt
                0x0800a7fc       0x20 CMakeFiles/DM_02_Hero.elf.dir/Drivers/STM32H7xx_HAL_Driver/Src/stm32h7xx_hal_uart.c.obj
 .text.UART_DMAReceiveCplt
                0x0800a81c       0x90 CMakeFiles/DM_02_Hero.elf.dir/Drivers/STM32H7xx_HAL_Driver/Src/stm32h7xx_hal_uart.c.obj
 .text.UART_SetConfig
                0x0800a8ac      0x6c4 CMakeFiles/DM_02_Hero.elf.dir/Drivers/STM32H7xx_HAL_Driver/Src/stm32h7xx_hal_uart.c.obj
                0x0800a8ac                UART_SetConfig
 .text.UART_AdvFeatureConfig
                0x0800af70       0xca CMakeFiles/DM_02_Hero.elf.dir/Drivers/STM32H7xx_HAL_Driver/Src/stm32h7xx_hal_uart.c.obj
                0x0800af70                UART_AdvFeatureConfig
 .text.UART_WaitOnFlagUntilTimeout
                0x0800b03a       0xa6 CMakeFiles/DM_02_Hero.elf.dir/Drivers/STM32H7xx_HAL_Driver/Src/stm32h7xx_hal_uart.c.obj
                0x0800b03a                UART_WaitOnFlagUntilTimeout
 .text.UART_CheckIdleState
                0x0800b0e0       0xca CMakeFiles/DM_02_Hero.elf.dir/Drivers/STM32H7xx_HAL_Driver/Src/stm32h7xx_hal_uart.c.obj
                0x0800b0e0                UART_CheckIdleState
 .text.HAL_UART_Init
                0x0800b1aa       0x66 CMakeFiles/DM_02_Hero.elf.dir/Drivers/STM32H7xx_HAL_Driver/Src/stm32h7xx_hal_uart.c.obj
                0x0800b1aa                HAL_UART_Init
 .text.UART_Start_Receive_DMA
                0x0800b210       0xb0 CMakeFiles/DM_02_Hero.elf.dir/Drivers/STM32H7xx_HAL_Driver/Src/stm32h7xx_hal_uart.c.obj
                0x0800b210                UART_Start_Receive_DMA
 .text.UARTEx_SetNbDataToProcess
                0x0800b2c0       0x4c CMakeFiles/DM_02_Hero.elf.dir/Drivers/STM32H7xx_HAL_Driver/Src/stm32h7xx_hal_uart_ex.c.obj
 .text.HAL_UARTEx_WakeupCallback
                0x0800b30c        0x2 CMakeFiles/DM_02_Hero.elf.dir/Drivers/STM32H7xx_HAL_Driver/Src/stm32h7xx_hal_uart_ex.c.obj
                0x0800b30c                HAL_UARTEx_WakeupCallback
 .text.HAL_UARTEx_RxFifoFullCallback
                0x0800b30e        0x2 CMakeFiles/DM_02_Hero.elf.dir/Drivers/STM32H7xx_HAL_Driver/Src/stm32h7xx_hal_uart_ex.c.obj
                0x0800b30e                HAL_UARTEx_RxFifoFullCallback
 .text.HAL_UARTEx_TxFifoEmptyCallback
                0x0800b310        0x2 CMakeFiles/DM_02_Hero.elf.dir/Drivers/STM32H7xx_HAL_Driver/Src/stm32h7xx_hal_uart_ex.c.obj
                0x0800b310                HAL_UARTEx_TxFifoEmptyCallback
 .text.HAL_UARTEx_DisableFifoMode
                0x0800b312       0x3e CMakeFiles/DM_02_Hero.elf.dir/Drivers/STM32H7xx_HAL_Driver/Src/stm32h7xx_hal_uart_ex.c.obj
                0x0800b312                HAL_UARTEx_DisableFifoMode
 .text.HAL_UARTEx_SetTxFifoThreshold
                0x0800b350       0x4a CMakeFiles/DM_02_Hero.elf.dir/Drivers/STM32H7xx_HAL_Driver/Src/stm32h7xx_hal_uart_ex.c.obj
                0x0800b350                HAL_UARTEx_SetTxFifoThreshold
 .text.HAL_UARTEx_SetRxFifoThreshold
                0x0800b39a       0x4a CMakeFiles/DM_02_Hero.elf.dir/Drivers/STM32H7xx_HAL_Driver/Src/stm32h7xx_hal_uart_ex.c.obj
                0x0800b39a                HAL_UARTEx_SetRxFifoThreshold
 .text.HAL_UARTEx_ReceiveToIdle_DMA
                0x0800b3e4       0x50 CMakeFiles/DM_02_Hero.elf.dir/Drivers/STM32H7xx_HAL_Driver/Src/stm32h7xx_hal_uart_ex.c.obj
                0x0800b3e4                HAL_UARTEx_ReceiveToIdle_DMA
 .text.USB_CoreReset
                0x0800b434       0x4a CMakeFiles/DM_02_Hero.elf.dir/Drivers/STM32H7xx_HAL_Driver/Src/stm32h7xx_ll_usb.c.obj
 *fill*         0x0800b47e        0x2 
 .text.USB_CoreInit
                0x0800b480       0xa4 CMakeFiles/DM_02_Hero.elf.dir/Drivers/STM32H7xx_HAL_Driver/Src/stm32h7xx_ll_usb.c.obj
                0x0800b480                USB_CoreInit
 .text.USB_SetTurnaroundTime
                0x0800b524       0xe4 CMakeFiles/DM_02_Hero.elf.dir/Drivers/STM32H7xx_HAL_Driver/Src/stm32h7xx_ll_usb.c.obj
                0x0800b524                USB_SetTurnaroundTime
 .text.USB_EnableGlobalInt
                0x0800b608        0xc CMakeFiles/DM_02_Hero.elf.dir/Drivers/STM32H7xx_HAL_Driver/Src/stm32h7xx_ll_usb.c.obj
                0x0800b608                USB_EnableGlobalInt
 .text.USB_DisableGlobalInt
                0x0800b614        0xc CMakeFiles/DM_02_Hero.elf.dir/Drivers/STM32H7xx_HAL_Driver/Src/stm32h7xx_ll_usb.c.obj
                0x0800b614                USB_DisableGlobalInt
 .text.USB_FlushTxFifo
                0x0800b620       0x4a CMakeFiles/DM_02_Hero.elf.dir/Drivers/STM32H7xx_HAL_Driver/Src/stm32h7xx_ll_usb.c.obj
                0x0800b620                USB_FlushTxFifo
 .text.USB_FlushRxFifo
                0x0800b66a       0x46 CMakeFiles/DM_02_Hero.elf.dir/Drivers/STM32H7xx_HAL_Driver/Src/stm32h7xx_ll_usb.c.obj
                0x0800b66a                USB_FlushRxFifo
 .text.USB_SetDevSpeed
                0x0800b6b0        0xe CMakeFiles/DM_02_Hero.elf.dir/Drivers/STM32H7xx_HAL_Driver/Src/stm32h7xx_ll_usb.c.obj
                0x0800b6b0                USB_SetDevSpeed
 *fill*         0x0800b6be        0x2 
 .text.USB_DevInit
                0x0800b6c0      0x18c CMakeFiles/DM_02_Hero.elf.dir/Drivers/STM32H7xx_HAL_Driver/Src/stm32h7xx_ll_usb.c.obj
                0x0800b6c0                USB_DevInit
 .text.USB_GetDevSpeed
                0x0800b84c       0x22 CMakeFiles/DM_02_Hero.elf.dir/Drivers/STM32H7xx_HAL_Driver/Src/stm32h7xx_ll_usb.c.obj
                0x0800b84c                USB_GetDevSpeed
 *fill*         0x0800b86e        0x2 
 .text.USB_ActivateEndpoint
                0x0800b870       0x98 CMakeFiles/DM_02_Hero.elf.dir/Drivers/STM32H7xx_HAL_Driver/Src/stm32h7xx_ll_usb.c.obj
                0x0800b870                USB_ActivateEndpoint
 .text.USB_DeactivateEndpoint
                0x0800b908       0xe0 CMakeFiles/DM_02_Hero.elf.dir/Drivers/STM32H7xx_HAL_Driver/Src/stm32h7xx_ll_usb.c.obj
                0x0800b908                USB_DeactivateEndpoint
 .text.USB_EPStopXfer
                0x0800b9e8       0xbe CMakeFiles/DM_02_Hero.elf.dir/Drivers/STM32H7xx_HAL_Driver/Src/stm32h7xx_ll_usb.c.obj
                0x0800b9e8                USB_EPStopXfer
 .text.USB_WritePacket
                0x0800baa6       0x2e CMakeFiles/DM_02_Hero.elf.dir/Drivers/STM32H7xx_HAL_Driver/Src/stm32h7xx_ll_usb.c.obj
                0x0800baa6                USB_WritePacket
 .text.USB_EPStartXfer
                0x0800bad4      0x238 CMakeFiles/DM_02_Hero.elf.dir/Drivers/STM32H7xx_HAL_Driver/Src/stm32h7xx_ll_usb.c.obj
                0x0800bad4                USB_EPStartXfer
 .text.USB_ReadPacket
                0x0800bd0c       0x46 CMakeFiles/DM_02_Hero.elf.dir/Drivers/STM32H7xx_HAL_Driver/Src/stm32h7xx_ll_usb.c.obj
                0x0800bd0c                USB_ReadPacket
 .text.USB_EPSetStall
                0x0800bd52       0x5a CMakeFiles/DM_02_Hero.elf.dir/Drivers/STM32H7xx_HAL_Driver/Src/stm32h7xx_ll_usb.c.obj
                0x0800bd52                USB_EPSetStall
 .text.USB_EPClearStall
                0x0800bdac       0x5c CMakeFiles/DM_02_Hero.elf.dir/Drivers/STM32H7xx_HAL_Driver/Src/stm32h7xx_ll_usb.c.obj
                0x0800bdac                USB_EPClearStall
 .text.USB_SetDevAddress
                0x0800be08       0x20 CMakeFiles/DM_02_Hero.elf.dir/Drivers/STM32H7xx_HAL_Driver/Src/stm32h7xx_ll_usb.c.obj
                0x0800be08                USB_SetDevAddress
 .text.USB_DevConnect
                0x0800be28       0x1c CMakeFiles/DM_02_Hero.elf.dir/Drivers/STM32H7xx_HAL_Driver/Src/stm32h7xx_ll_usb.c.obj
                0x0800be28                USB_DevConnect
 .text.USB_DevDisconnect
                0x0800be44       0x1c CMakeFiles/DM_02_Hero.elf.dir/Drivers/STM32H7xx_HAL_Driver/Src/stm32h7xx_ll_usb.c.obj
                0x0800be44                USB_DevDisconnect
 .text.USB_ReadInterrupts
                0x0800be60        0x8 CMakeFiles/DM_02_Hero.elf.dir/Drivers/STM32H7xx_HAL_Driver/Src/stm32h7xx_ll_usb.c.obj
                0x0800be60                USB_ReadInterrupts
 .text.USB_ReadDevAllOutEpInterrupt
                0x0800be68       0x10 CMakeFiles/DM_02_Hero.elf.dir/Drivers/STM32H7xx_HAL_Driver/Src/stm32h7xx_ll_usb.c.obj
                0x0800be68                USB_ReadDevAllOutEpInterrupt
 .text.USB_ReadDevAllInEpInterrupt
                0x0800be78       0x10 CMakeFiles/DM_02_Hero.elf.dir/Drivers/STM32H7xx_HAL_Driver/Src/stm32h7xx_ll_usb.c.obj
                0x0800be78                USB_ReadDevAllInEpInterrupt
 .text.USB_ReadDevOutEPInterrupt
                0x0800be88       0x12 CMakeFiles/DM_02_Hero.elf.dir/Drivers/STM32H7xx_HAL_Driver/Src/stm32h7xx_ll_usb.c.obj
                0x0800be88                USB_ReadDevOutEPInterrupt
 .text.USB_ReadDevInEPInterrupt
                0x0800be9a       0x24 CMakeFiles/DM_02_Hero.elf.dir/Drivers/STM32H7xx_HAL_Driver/Src/stm32h7xx_ll_usb.c.obj
                0x0800be9a                USB_ReadDevInEPInterrupt
 .text.USB_GetMode
                0x0800bebe        0x8 CMakeFiles/DM_02_Hero.elf.dir/Drivers/STM32H7xx_HAL_Driver/Src/stm32h7xx_ll_usb.c.obj
                0x0800bebe                USB_GetMode
 .text.USB_SetCurrentMode
                0x0800bec6       0x62 CMakeFiles/DM_02_Hero.elf.dir/Drivers/STM32H7xx_HAL_Driver/Src/stm32h7xx_ll_usb.c.obj
                0x0800bec6                USB_SetCurrentMode
 .text.USB_ActivateSetup
                0x0800bf28       0x1c CMakeFiles/DM_02_Hero.elf.dir/Drivers/STM32H7xx_HAL_Driver/Src/stm32h7xx_ll_usb.c.obj
                0x0800bf28                USB_ActivateSetup
 .text.USB_EP0_OutStart
                0x0800bf44       0x60 CMakeFiles/DM_02_Hero.elf.dir/Drivers/STM32H7xx_HAL_Driver/Src/stm32h7xx_ll_usb.c.obj
                0x0800bf44                USB_EP0_OutStart
 .text.USBD_CDC_EP0_RxReady
                0x0800bfa4       0x40 CMakeFiles/DM_02_Hero.elf.dir/Middlewares/ST/STM32_USB_Device_Library/Class/CDC/Src/usbd_cdc.c.obj
 .text.USBD_CDC_GetDeviceQualifierDescriptor
                0x0800bfe4        0xc CMakeFiles/DM_02_Hero.elf.dir/Middlewares/ST/STM32_USB_Device_Library/Class/CDC/Src/usbd_cdc.c.obj
                0x0800bfe4                USBD_CDC_GetDeviceQualifierDescriptor
 .text.USBD_CDC_GetOtherSpeedCfgDesc
                0x0800bff0       0x48 CMakeFiles/DM_02_Hero.elf.dir/Middlewares/ST/STM32_USB_Device_Library/Class/CDC/Src/usbd_cdc.c.obj
 .text.USBD_CDC_GetFSCfgDesc
                0x0800c038       0x48 CMakeFiles/DM_02_Hero.elf.dir/Middlewares/ST/STM32_USB_Device_Library/Class/CDC/Src/usbd_cdc.c.obj
 .text.USBD_CDC_GetHSCfgDesc
                0x0800c080       0x48 CMakeFiles/DM_02_Hero.elf.dir/Middlewares/ST/STM32_USB_Device_Library/Class/CDC/Src/usbd_cdc.c.obj
 .text.USBD_CDC_DataOut
                0x0800c0c8       0x38 CMakeFiles/DM_02_Hero.elf.dir/Middlewares/ST/STM32_USB_Device_Library/Class/CDC/Src/usbd_cdc.c.obj
 .text.USBD_CDC_DataIn
                0x0800c100       0x7c CMakeFiles/DM_02_Hero.elf.dir/Middlewares/ST/STM32_USB_Device_Library/Class/CDC/Src/usbd_cdc.c.obj
 .text.USBD_CDC_Setup
                0x0800c17c      0x11a CMakeFiles/DM_02_Hero.elf.dir/Middlewares/ST/STM32_USB_Device_Library/Class/CDC/Src/usbd_cdc.c.obj
 .text.USBD_CDC_DeInit
                0x0800c296       0x64 CMakeFiles/DM_02_Hero.elf.dir/Middlewares/ST/STM32_USB_Device_Library/Class/CDC/Src/usbd_cdc.c.obj
 .text.USBD_CDC_Init
                0x0800c2fa       0xee CMakeFiles/DM_02_Hero.elf.dir/Middlewares/ST/STM32_USB_Device_Library/Class/CDC/Src/usbd_cdc.c.obj
 .text.USBD_CDC_RegisterInterface
                0x0800c3e8       0x16 CMakeFiles/DM_02_Hero.elf.dir/Middlewares/ST/STM32_USB_Device_Library/Class/CDC/Src/usbd_cdc.c.obj
                0x0800c3e8                USBD_CDC_RegisterInterface
 .text.USBD_CDC_SetTxBuffer
                0x0800c3fe       0x1c CMakeFiles/DM_02_Hero.elf.dir/Middlewares/ST/STM32_USB_Device_Library/Class/CDC/Src/usbd_cdc.c.obj
                0x0800c3fe                USBD_CDC_SetTxBuffer
 .text.USBD_CDC_SetRxBuffer
                0x0800c41a       0x18 CMakeFiles/DM_02_Hero.elf.dir/Middlewares/ST/STM32_USB_Device_Library/Class/CDC/Src/usbd_cdc.c.obj
                0x0800c41a                USBD_CDC_SetRxBuffer
 .text.USBD_CDC_TransmitPacket
                0x0800c432       0x36 CMakeFiles/DM_02_Hero.elf.dir/Middlewares/ST/STM32_USB_Device_Library/Class/CDC/Src/usbd_cdc.c.obj
                0x0800c432                USBD_CDC_TransmitPacket
 .text.USBD_CDC_ReceivePacket
                0x0800c468       0x38 CMakeFiles/DM_02_Hero.elf.dir/Middlewares/ST/STM32_USB_Device_Library/Class/CDC/Src/usbd_cdc.c.obj
                0x0800c468                USBD_CDC_ReceivePacket
 .text.USBD_Init
                0x0800c4a0       0x2e CMakeFiles/DM_02_Hero.elf.dir/Middlewares/ST/STM32_USB_Device_Library/Core/Src/usbd_core.c.obj
                0x0800c4a0                USBD_Init
 .text.USBD_RegisterClass
                0x0800c4ce       0x40 CMakeFiles/DM_02_Hero.elf.dir/Middlewares/ST/STM32_USB_Device_Library/Core/Src/usbd_core.c.obj
                0x0800c4ce                USBD_RegisterClass
 .text.USBD_Start
                0x0800c50e        0x8 CMakeFiles/DM_02_Hero.elf.dir/Middlewares/ST/STM32_USB_Device_Library/Core/Src/usbd_core.c.obj
                0x0800c50e                USBD_Start
 .text.USBD_SetClassConfig
                0x0800c516       0x12 CMakeFiles/DM_02_Hero.elf.dir/Middlewares/ST/STM32_USB_Device_Library/Core/Src/usbd_core.c.obj
                0x0800c516                USBD_SetClassConfig
 .text.USBD_ClrClassConfig
                0x0800c528       0x12 CMakeFiles/DM_02_Hero.elf.dir/Middlewares/ST/STM32_USB_Device_Library/Core/Src/usbd_core.c.obj
                0x0800c528                USBD_ClrClassConfig
 .text.USBD_LL_SetupStage
                0x0800c53a       0x58 CMakeFiles/DM_02_Hero.elf.dir/Middlewares/ST/STM32_USB_Device_Library/Core/Src/usbd_core.c.obj
                0x0800c53a                USBD_LL_SetupStage
 .text.USBD_LL_Reset
                0x0800c592       0x64 CMakeFiles/DM_02_Hero.elf.dir/Middlewares/ST/STM32_USB_Device_Library/Core/Src/usbd_core.c.obj
                0x0800c592                USBD_LL_Reset
 .text.USBD_LL_SetSpeed
                0x0800c5f6        0x6 CMakeFiles/DM_02_Hero.elf.dir/Middlewares/ST/STM32_USB_Device_Library/Core/Src/usbd_core.c.obj
                0x0800c5f6                USBD_LL_SetSpeed
 .text.USBD_LL_Suspend
                0x0800c5fc       0x1e CMakeFiles/DM_02_Hero.elf.dir/Middlewares/ST/STM32_USB_Device_Library/Core/Src/usbd_core.c.obj
                0x0800c5fc                USBD_LL_Suspend
 .text.USBD_LL_Resume
                0x0800c61a       0x1a CMakeFiles/DM_02_Hero.elf.dir/Middlewares/ST/STM32_USB_Device_Library/Core/Src/usbd_core.c.obj
                0x0800c61a                USBD_LL_Resume
 .text.USBD_LL_SOF
                0x0800c634       0x22 CMakeFiles/DM_02_Hero.elf.dir/Middlewares/ST/STM32_USB_Device_Library/Core/Src/usbd_core.c.obj
                0x0800c634                USBD_LL_SOF
 .text.USBD_LL_IsoINIncomplete
                0x0800c656       0x2e CMakeFiles/DM_02_Hero.elf.dir/Middlewares/ST/STM32_USB_Device_Library/Core/Src/usbd_core.c.obj
                0x0800c656                USBD_LL_IsoINIncomplete
 .text.USBD_LL_IsoOUTIncomplete
                0x0800c684       0x2e CMakeFiles/DM_02_Hero.elf.dir/Middlewares/ST/STM32_USB_Device_Library/Core/Src/usbd_core.c.obj
                0x0800c684                USBD_LL_IsoOUTIncomplete
 .text.USBD_LL_DevConnected
                0x0800c6b2        0x4 CMakeFiles/DM_02_Hero.elf.dir/Middlewares/ST/STM32_USB_Device_Library/Core/Src/usbd_core.c.obj
                0x0800c6b2                USBD_LL_DevConnected
 .text.USBD_LL_DevDisconnected
                0x0800c6b6       0x20 CMakeFiles/DM_02_Hero.elf.dir/Middlewares/ST/STM32_USB_Device_Library/Core/Src/usbd_core.c.obj
                0x0800c6b6                USBD_LL_DevDisconnected
 .text.USBD_CoreFindIF
                0x0800c6d6        0x4 CMakeFiles/DM_02_Hero.elf.dir/Middlewares/ST/STM32_USB_Device_Library/Core/Src/usbd_core.c.obj
                0x0800c6d6                USBD_CoreFindIF
 .text.USBD_CoreFindEP
                0x0800c6da        0x4 CMakeFiles/DM_02_Hero.elf.dir/Middlewares/ST/STM32_USB_Device_Library/Core/Src/usbd_core.c.obj
                0x0800c6da                USBD_CoreFindEP
 .text.USBD_LL_DataOutStage
                0x0800c6de       0xc4 CMakeFiles/DM_02_Hero.elf.dir/Middlewares/ST/STM32_USB_Device_Library/Core/Src/usbd_core.c.obj
                0x0800c6de                USBD_LL_DataOutStage
 .text.USBD_LL_DataInStage
                0x0800c7a2       0xd6 CMakeFiles/DM_02_Hero.elf.dir/Middlewares/ST/STM32_USB_Device_Library/Core/Src/usbd_core.c.obj
                0x0800c7a2                USBD_LL_DataInStage
 .text.USBD_GetNextDesc
                0x0800c878        0xe CMakeFiles/DM_02_Hero.elf.dir/Middlewares/ST/STM32_USB_Device_Library/Core/Src/usbd_core.c.obj
                0x0800c878                USBD_GetNextDesc
 .text.USBD_GetEpDesc
                0x0800c886       0x3e CMakeFiles/DM_02_Hero.elf.dir/Middlewares/ST/STM32_USB_Device_Library/Core/Src/usbd_core.c.obj
                0x0800c886                USBD_GetEpDesc
 .text.USBD_GetLen
                0x0800c8c4       0x14 CMakeFiles/DM_02_Hero.elf.dir/Middlewares/ST/STM32_USB_Device_Library/Core/Src/usbd_ctlreq.c.obj
 .text.USBD_ParseSetupRequest
                0x0800c8d8       0x28 CMakeFiles/DM_02_Hero.elf.dir/Middlewares/ST/STM32_USB_Device_Library/Core/Src/usbd_ctlreq.c.obj
                0x0800c8d8                USBD_ParseSetupRequest
 .text.USBD_CtlError
                0x0800c900       0x14 CMakeFiles/DM_02_Hero.elf.dir/Middlewares/ST/STM32_USB_Device_Library/Core/Src/usbd_ctlreq.c.obj
                0x0800c900                USBD_CtlError
 .text.USBD_GetDescriptor
                0x0800c914      0x1ac CMakeFiles/DM_02_Hero.elf.dir/Middlewares/ST/STM32_USB_Device_Library/Core/Src/usbd_ctlreq.c.obj
 .text.USBD_SetAddress
                0x0800cac0       0x50 CMakeFiles/DM_02_Hero.elf.dir/Middlewares/ST/STM32_USB_Device_Library/Core/Src/usbd_ctlreq.c.obj
 .text.USBD_SetConfig
                0x0800cb10       0xcc CMakeFiles/DM_02_Hero.elf.dir/Middlewares/ST/STM32_USB_Device_Library/Core/Src/usbd_ctlreq.c.obj
 .text.USBD_GetConfig
                0x0800cbdc       0x40 CMakeFiles/DM_02_Hero.elf.dir/Middlewares/ST/STM32_USB_Device_Library/Core/Src/usbd_ctlreq.c.obj
 .text.USBD_GetStatus
                0x0800cc1c       0x38 CMakeFiles/DM_02_Hero.elf.dir/Middlewares/ST/STM32_USB_Device_Library/Core/Src/usbd_ctlreq.c.obj
 .text.USBD_SetFeature
                0x0800cc54       0x2a CMakeFiles/DM_02_Hero.elf.dir/Middlewares/ST/STM32_USB_Device_Library/Core/Src/usbd_ctlreq.c.obj
 .text.USBD_ClrFeature
                0x0800cc7e       0x26 CMakeFiles/DM_02_Hero.elf.dir/Middlewares/ST/STM32_USB_Device_Library/Core/Src/usbd_ctlreq.c.obj
 .text.USBD_StdDevReq
                0x0800cca4       0x76 CMakeFiles/DM_02_Hero.elf.dir/Middlewares/ST/STM32_USB_Device_Library/Core/Src/usbd_ctlreq.c.obj
                0x0800cca4                USBD_StdDevReq
 .text.USBD_StdItfReq
                0x0800cd1a       0x84 CMakeFiles/DM_02_Hero.elf.dir/Middlewares/ST/STM32_USB_Device_Library/Core/Src/usbd_ctlreq.c.obj
                0x0800cd1a                USBD_StdItfReq
 .text.USBD_StdEPReq
                0x0800cd9e      0x232 CMakeFiles/DM_02_Hero.elf.dir/Middlewares/ST/STM32_USB_Device_Library/Core/Src/usbd_ctlreq.c.obj
                0x0800cd9e                USBD_StdEPReq
 .text.USBD_GetString
                0x0800cfd0       0x46 CMakeFiles/DM_02_Hero.elf.dir/Middlewares/ST/STM32_USB_Device_Library/Core/Src/usbd_ctlreq.c.obj
                0x0800cfd0                USBD_GetString
 .text.USBD_CtlSendData
                0x0800d016       0x1a CMakeFiles/DM_02_Hero.elf.dir/Middlewares/ST/STM32_USB_Device_Library/Core/Src/usbd_ioreq.c.obj
                0x0800d016                USBD_CtlSendData
 .text.USBD_CtlContinueSendData
                0x0800d030       0x10 CMakeFiles/DM_02_Hero.elf.dir/Middlewares/ST/STM32_USB_Device_Library/Core/Src/usbd_ioreq.c.obj
                0x0800d030                USBD_CtlContinueSendData
 .text.USBD_CtlPrepareRx
                0x0800d040       0x1e CMakeFiles/DM_02_Hero.elf.dir/Middlewares/ST/STM32_USB_Device_Library/Core/Src/usbd_ioreq.c.obj
                0x0800d040                USBD_CtlPrepareRx
 .text.USBD_CtlContinueRx
                0x0800d05e       0x10 CMakeFiles/DM_02_Hero.elf.dir/Middlewares/ST/STM32_USB_Device_Library/Core/Src/usbd_ioreq.c.obj
                0x0800d05e                USBD_CtlContinueRx
 .text.USBD_CtlSendStatus
                0x0800d06e       0x16 CMakeFiles/DM_02_Hero.elf.dir/Middlewares/ST/STM32_USB_Device_Library/Core/Src/usbd_ioreq.c.obj
                0x0800d06e                USBD_CtlSendStatus
 .text.USBD_CtlReceiveStatus
                0x0800d084       0x16 CMakeFiles/DM_02_Hero.elf.dir/Middlewares/ST/STM32_USB_Device_Library/Core/Src/usbd_ioreq.c.obj
                0x0800d084                USBD_CtlReceiveStatus
 .text.SysTick_Handler
                0x0800d09a       0x18 CMakeFiles/DM_02_Hero.elf.dir/Middlewares/Third_Party/FreeRTOS/Source/CMSIS_RTOS_V2/cmsis_os2.c.obj
                0x0800d09a                SysTick_Handler
 *fill*         0x0800d0b2        0x2 
 .text.osKernelInitialize
                0x0800d0b4       0x24 CMakeFiles/DM_02_Hero.elf.dir/Middlewares/Third_Party/FreeRTOS/Source/CMSIS_RTOS_V2/cmsis_os2.c.obj
                0x0800d0b4                osKernelInitialize
 .text.osKernelStart
                0x0800d0d8       0x38 CMakeFiles/DM_02_Hero.elf.dir/Middlewares/Third_Party/FreeRTOS/Source/CMSIS_RTOS_V2/cmsis_os2.c.obj
                0x0800d0d8                osKernelStart
 .text.osKernelGetTickCount
                0x0800d110       0x14 CMakeFiles/DM_02_Hero.elf.dir/Middlewares/Third_Party/FreeRTOS/Source/CMSIS_RTOS_V2/cmsis_os2.c.obj
                0x0800d110                osKernelGetTickCount
 .text.osThreadNew
                0x0800d124       0xbe CMakeFiles/DM_02_Hero.elf.dir/Middlewares/Third_Party/FreeRTOS/Source/CMSIS_RTOS_V2/cmsis_os2.c.obj
                0x0800d124                osThreadNew
 .text.osThreadSuspend
                0x0800d1e2       0x1e CMakeFiles/DM_02_Hero.elf.dir/Middlewares/Third_Party/FreeRTOS/Source/CMSIS_RTOS_V2/cmsis_os2.c.obj
                0x0800d1e2                osThreadSuspend
 .text.osDelay  0x0800d200       0x1c CMakeFiles/DM_02_Hero.elf.dir/Middlewares/Third_Party/FreeRTOS/Source/CMSIS_RTOS_V2/cmsis_os2.c.obj
                0x0800d200                osDelay
 .text.osSemaphoreNew
                0x0800d21c       0xb8 CMakeFiles/DM_02_Hero.elf.dir/Middlewares/Third_Party/FreeRTOS/Source/CMSIS_RTOS_V2/cmsis_os2.c.obj
                0x0800d21c                osSemaphoreNew
 .text.osSemaphoreRelease
                0x0800d2d4       0x5e CMakeFiles/DM_02_Hero.elf.dir/Middlewares/Third_Party/FreeRTOS/Source/CMSIS_RTOS_V2/cmsis_os2.c.obj
                0x0800d2d4                osSemaphoreRelease
 *fill*         0x0800d332        0x2 
 .text.vApplicationGetIdleTaskMemory
                0x0800d334       0x18 CMakeFiles/DM_02_Hero.elf.dir/Middlewares/Third_Party/FreeRTOS/Source/CMSIS_RTOS_V2/cmsis_os2.c.obj
                0x0800d334                vApplicationGetIdleTaskMemory
 .text.vApplicationGetTimerTaskMemory
                0x0800d34c       0x18 CMakeFiles/DM_02_Hero.elf.dir/Middlewares/Third_Party/FreeRTOS/Source/CMSIS_RTOS_V2/cmsis_os2.c.obj
                0x0800d34c                vApplicationGetTimerTaskMemory
 .text.vListInitialise
                0x0800d364       0x16 CMakeFiles/DM_02_Hero.elf.dir/Middlewares/Third_Party/FreeRTOS/Source/list.c.obj
                0x0800d364                vListInitialise
 .text.vListInitialiseItem
                0x0800d37a        0x6 CMakeFiles/DM_02_Hero.elf.dir/Middlewares/Third_Party/FreeRTOS/Source/list.c.obj
                0x0800d37a                vListInitialiseItem
 .text.vListInsertEnd
                0x0800d380       0x16 CMakeFiles/DM_02_Hero.elf.dir/Middlewares/Third_Party/FreeRTOS/Source/list.c.obj
                0x0800d380                vListInsertEnd
 .text.vListInsert
                0x0800d396       0x32 CMakeFiles/DM_02_Hero.elf.dir/Middlewares/Third_Party/FreeRTOS/Source/list.c.obj
                0x0800d396                vListInsert
 .text.uxListRemove
                0x0800d3c8       0x26 CMakeFiles/DM_02_Hero.elf.dir/Middlewares/Third_Party/FreeRTOS/Source/list.c.obj
                0x0800d3c8                uxListRemove
 *fill*         0x0800d3ee        0x2 
 .text.prvTaskExitError
                0x0800d3f0       0x40 CMakeFiles/DM_02_Hero.elf.dir/Middlewares/Third_Party/FreeRTOS/Source/portable/GCC/ARM_CM4F/port.c.obj
 .text.prvPortStartFirstTask
                0x0800d430       0x28 CMakeFiles/DM_02_Hero.elf.dir/Middlewares/Third_Party/FreeRTOS/Source/portable/GCC/ARM_CM4F/port.c.obj
 .text.vPortEnableVFP
                0x0800d458       0x14 CMakeFiles/DM_02_Hero.elf.dir/Middlewares/Third_Party/FreeRTOS/Source/portable/GCC/ARM_CM4F/port.c.obj
 .text.pxPortInitialiseStack
                0x0800d46c       0x2c CMakeFiles/DM_02_Hero.elf.dir/Middlewares/Third_Party/FreeRTOS/Source/portable/GCC/ARM_CM4F/port.c.obj
                0x0800d46c                pxPortInitialiseStack
 *fill*         0x0800d498        0x8 
 .text.SVC_Handler
                0x0800d4a0       0x24 CMakeFiles/DM_02_Hero.elf.dir/Middlewares/Third_Party/FreeRTOS/Source/portable/GCC/ARM_CM4F/port.c.obj
                0x0800d4a0                SVC_Handler
 .text.vPortEnterCritical
                0x0800d4c4       0x44 CMakeFiles/DM_02_Hero.elf.dir/Middlewares/Third_Party/FreeRTOS/Source/portable/GCC/ARM_CM4F/port.c.obj
                0x0800d4c4                vPortEnterCritical
 .text.vPortExitCritical
                0x0800d508       0x2c CMakeFiles/DM_02_Hero.elf.dir/Middlewares/Third_Party/FreeRTOS/Source/portable/GCC/ARM_CM4F/port.c.obj
                0x0800d508                vPortExitCritical
 *fill*         0x0800d534        0xc 
 .text.PendSV_Handler
                0x0800d540       0x64 CMakeFiles/DM_02_Hero.elf.dir/Middlewares/Third_Party/FreeRTOS/Source/portable/GCC/ARM_CM4F/port.c.obj
                0x0800d540                PendSV_Handler
 .text.xPortSysTickHandler
                0x0800d5a4       0x2c CMakeFiles/DM_02_Hero.elf.dir/Middlewares/Third_Party/FreeRTOS/Source/portable/GCC/ARM_CM4F/port.c.obj
                0x0800d5a4                xPortSysTickHandler
 .text.vPortSetupTimerInterrupt
                0x0800d5d0       0x28 CMakeFiles/DM_02_Hero.elf.dir/Middlewares/Third_Party/FreeRTOS/Source/portable/GCC/ARM_CM4F/port.c.obj
                0x0800d5d0                vPortSetupTimerInterrupt
 .text.xPortStartScheduler
                0x0800d5f8      0x118 CMakeFiles/DM_02_Hero.elf.dir/Middlewares/Third_Party/FreeRTOS/Source/portable/GCC/ARM_CM4F/port.c.obj
                0x0800d5f8                xPortStartScheduler
 .text.vPortValidateInterruptPriority
                0x0800d710       0x5c CMakeFiles/DM_02_Hero.elf.dir/Middlewares/Third_Party/FreeRTOS/Source/portable/GCC/ARM_CM4F/port.c.obj
                0x0800d710                vPortValidateInterruptPriority
 .text.prvHeapInit
                0x0800d76c       0x64 CMakeFiles/DM_02_Hero.elf.dir/Middlewares/Third_Party/FreeRTOS/Source/portable/MemMang/heap_4.c.obj
 .text.prvInsertBlockIntoFreeList
                0x0800d7d0       0x64 CMakeFiles/DM_02_Hero.elf.dir/Middlewares/Third_Party/FreeRTOS/Source/portable/MemMang/heap_4.c.obj
 .text.pvPortMalloc
                0x0800d834      0x104 CMakeFiles/DM_02_Hero.elf.dir/Middlewares/Third_Party/FreeRTOS/Source/portable/MemMang/heap_4.c.obj
                0x0800d834                pvPortMalloc
 .text.vPortFree
                0x0800d938       0x7c CMakeFiles/DM_02_Hero.elf.dir/Middlewares/Third_Party/FreeRTOS/Source/portable/MemMang/heap_4.c.obj
                0x0800d938                vPortFree
 .text.prvIsQueueFull
                0x0800d9b4       0x1e CMakeFiles/DM_02_Hero.elf.dir/Middlewares/Third_Party/FreeRTOS/Source/queue.c.obj
 .text.prvIsQueueEmpty
                0x0800d9d2       0x1a CMakeFiles/DM_02_Hero.elf.dir/Middlewares/Third_Party/FreeRTOS/Source/queue.c.obj
 .text.prvCopyDataToQueue
                0x0800d9ec       0x76 CMakeFiles/DM_02_Hero.elf.dir/Middlewares/Third_Party/FreeRTOS/Source/queue.c.obj
 .text.prvCopyDataFromQueue
                0x0800da62       0x24 CMakeFiles/DM_02_Hero.elf.dir/Middlewares/Third_Party/FreeRTOS/Source/queue.c.obj
 .text.prvUnlockQueue
                0x0800da86       0x6e CMakeFiles/DM_02_Hero.elf.dir/Middlewares/Third_Party/FreeRTOS/Source/queue.c.obj
 .text.xQueueGenericReset
                0x0800daf4       0x84 CMakeFiles/DM_02_Hero.elf.dir/Middlewares/Third_Party/FreeRTOS/Source/queue.c.obj
                0x0800daf4                xQueueGenericReset
 .text.prvInitialiseNewQueue
                0x0800db78       0x22 CMakeFiles/DM_02_Hero.elf.dir/Middlewares/Third_Party/FreeRTOS/Source/queue.c.obj
 .text.xQueueGenericCreateStatic
                0x0800db9a       0xa6 CMakeFiles/DM_02_Hero.elf.dir/Middlewares/Third_Party/FreeRTOS/Source/queue.c.obj
                0x0800db9a                xQueueGenericCreateStatic
 .text.xQueueGenericCreate
                0x0800dc40       0x48 CMakeFiles/DM_02_Hero.elf.dir/Middlewares/Third_Party/FreeRTOS/Source/queue.c.obj
                0x0800dc40                xQueueGenericCreate
 .text.xQueueCreateCountingSemaphoreStatic
                0x0800dc88       0x46 CMakeFiles/DM_02_Hero.elf.dir/Middlewares/Third_Party/FreeRTOS/Source/queue.c.obj
                0x0800dc88                xQueueCreateCountingSemaphoreStatic
 .text.xQueueCreateCountingSemaphore
                0x0800dcce       0x3c CMakeFiles/DM_02_Hero.elf.dir/Middlewares/Third_Party/FreeRTOS/Source/queue.c.obj
                0x0800dcce                xQueueCreateCountingSemaphore
 .text.xQueueGenericSend
                0x0800dd0a      0x188 CMakeFiles/DM_02_Hero.elf.dir/Middlewares/Third_Party/FreeRTOS/Source/queue.c.obj
                0x0800dd0a                xQueueGenericSend
 .text.xQueueGenericSendFromISR
                0x0800de92       0xce CMakeFiles/DM_02_Hero.elf.dir/Middlewares/Third_Party/FreeRTOS/Source/queue.c.obj
                0x0800de92                xQueueGenericSendFromISR
 .text.xQueueGiveFromISR
                0x0800df60       0xb2 CMakeFiles/DM_02_Hero.elf.dir/Middlewares/Third_Party/FreeRTOS/Source/queue.c.obj
                0x0800df60                xQueueGiveFromISR
 .text.xQueueReceive
                0x0800e012      0x15e CMakeFiles/DM_02_Hero.elf.dir/Middlewares/Third_Party/FreeRTOS/Source/queue.c.obj
                0x0800e012                xQueueReceive
 .text.vQueueAddToRegistry
                0x0800e170       0x28 CMakeFiles/DM_02_Hero.elf.dir/Middlewares/Third_Party/FreeRTOS/Source/queue.c.obj
                0x0800e170                vQueueAddToRegistry
 .text.vQueueUnregisterQueue
                0x0800e198       0x2c CMakeFiles/DM_02_Hero.elf.dir/Middlewares/Third_Party/FreeRTOS/Source/queue.c.obj
                0x0800e198                vQueueUnregisterQueue
 .text.vQueueDelete
                0x0800e1c4       0x2c CMakeFiles/DM_02_Hero.elf.dir/Middlewares/Third_Party/FreeRTOS/Source/queue.c.obj
                0x0800e1c4                vQueueDelete
 .text.vQueueWaitForMessageRestricted
                0x0800e1f0       0x52 CMakeFiles/DM_02_Hero.elf.dir/Middlewares/Third_Party/FreeRTOS/Source/queue.c.obj
                0x0800e1f0                vQueueWaitForMessageRestricted
 *fill*         0x0800e242        0x2 
 .text.prvResetNextTaskUnblockTime
                0x0800e244       0x2c CMakeFiles/DM_02_Hero.elf.dir/Middlewares/Third_Party/FreeRTOS/Source/tasks.c.obj
 .text.prvInitialiseNewTask