Archive member included to satisfy reference by file (symbol)

D:/Program Files (x86)/Arm GNU Toolchain arm-none-eabi/13.3 rel1/bin/../lib/gcc/arm-none-eabi/13.3.1/thumb/v7e-m+fp/hard\libgcc.a(_aeabi_uldivmod.o)
                              CMakeFiles/DM_02_Hero.elf.dir/Drivers/STM32H7xx_HAL_Driver/Src/stm32h7xx_hal_uart.c.obj (__aeabi_uldivmod)
D:/Program Files (x86)/Arm GNU Toolchain arm-none-eabi/13.3 rel1/bin/../lib/gcc/arm-none-eabi/13.3.1/thumb/v7e-m+fp/hard\libgcc.a(_udivmoddi4.o)
                              D:/Program Files (x86)/Arm GNU Toolchain arm-none-eabi/13.3 rel1/bin/../lib/gcc/arm-none-eabi/13.3.1/thumb/v7e-m+fp/hard\libgcc.a(_aeabi_uldivmod.o) (__udivmoddi4)
D:/Program Files (x86)/Arm GNU Toolchain arm-none-eabi/13.3 rel1/bin/../lib/gcc/arm-none-eabi/13.3.1/thumb/v7e-m+fp/hard\libgcc.a(_dvmd_tls.o)
                              D:/Program Files (x86)/Arm GNU Toolchain arm-none-eabi/13.3 rel1/bin/../lib/gcc/arm-none-eabi/13.3.1/thumb/v7e-m+fp/hard\libgcc.a(_aeabi_uldivmod.o) (__aeabi_ldiv0)
D:/Program Files (x86)/Arm GNU Toolchain arm-none-eabi/13.3 rel1/bin/../lib/gcc/arm-none-eabi/13.3.1/thumb/v7e-m+fp/hard\libg.a(libc_a-exit.o)
                              D:/Program Files (x86)/Arm GNU Toolchain arm-none-eabi/13.3 rel1/bin/../lib/gcc/arm-none-eabi/13.3.1/thumb/v7e-m+fp/hard/crt0.o (exit)
D:/Program Files (x86)/Arm GNU Toolchain arm-none-eabi/13.3 rel1/bin/../lib/gcc/arm-none-eabi/13.3.1/thumb/v7e-m+fp/hard\libg.a(libc_a-findfp.o)
                              CMakeFiles/DM_02_Hero.elf.dir/Middlewares/Third_Party/FreeRTOS/Source/tasks.c.obj (__sf)
D:/Program Files (x86)/Arm GNU Toolchain arm-none-eabi/13.3 rel1/bin/../lib/gcc/arm-none-eabi/13.3.1/thumb/v7e-m+fp/hard\libg.a(libc_a-fwalk.o)
                              D:/Program Files (x86)/Arm GNU Toolchain arm-none-eabi/13.3 rel1/bin/../lib/gcc/arm-none-eabi/13.3.1/thumb/v7e-m+fp/hard\libg.a(libc_a-findfp.o) (_fwalk_sglue)
D:/Program Files (x86)/Arm GNU Toolchain arm-none-eabi/13.3 rel1/bin/../lib/gcc/arm-none-eabi/13.3.1/thumb/v7e-m+fp/hard\libg.a(libc_a-stdio.o)
                              D:/Program Files (x86)/Arm GNU Toolchain arm-none-eabi/13.3 rel1/bin/../lib/gcc/arm-none-eabi/13.3.1/thumb/v7e-m+fp/hard\libg.a(libc_a-findfp.o) (__sread)
D:/Program Files (x86)/Arm GNU Toolchain arm-none-eabi/13.3 rel1/bin/../lib/gcc/arm-none-eabi/13.3.1/thumb/v7e-m+fp/hard\libg.a(libc_a-memset.o)
                              D:/Program Files (x86)/Arm GNU Toolchain arm-none-eabi/13.3 rel1/bin/../lib/gcc/arm-none-eabi/13.3.1/thumb/v7e-m+fp/hard/crt0.o (memset)
D:/Program Files (x86)/Arm GNU Toolchain arm-none-eabi/13.3 rel1/bin/../lib/gcc/arm-none-eabi/13.3.1/thumb/v7e-m+fp/hard\libg.a(libc_a-closer.o)
                              D:/Program Files (x86)/Arm GNU Toolchain arm-none-eabi/13.3 rel1/bin/../lib/gcc/arm-none-eabi/13.3.1/thumb/v7e-m+fp/hard\libg.a(libc_a-stdio.o) (_close_r)
D:/Program Files (x86)/Arm GNU Toolchain arm-none-eabi/13.3 rel1/bin/../lib/gcc/arm-none-eabi/13.3.1/thumb/v7e-m+fp/hard\libg.a(libc_a-reent.o)
                              CMakeFiles/DM_02_Hero.elf.dir/Middlewares/Third_Party/FreeRTOS/Source/tasks.c.obj (_reclaim_reent)
D:/Program Files (x86)/Arm GNU Toolchain arm-none-eabi/13.3 rel1/bin/../lib/gcc/arm-none-eabi/13.3.1/thumb/v7e-m+fp/hard\libg.a(libc_a-impure.o)
                              CMakeFiles/DM_02_Hero.elf.dir/Middlewares/Third_Party/FreeRTOS/Source/tasks.c.obj (_impure_ptr)
D:/Program Files (x86)/Arm GNU Toolchain arm-none-eabi/13.3 rel1/bin/../lib/gcc/arm-none-eabi/13.3.1/thumb/v7e-m+fp/hard\libg.a(libc_a-lseekr.o)
                              D:/Program Files (x86)/Arm GNU Toolchain arm-none-eabi/13.3 rel1/bin/../lib/gcc/arm-none-eabi/13.3.1/thumb/v7e-m+fp/hard\libg.a(libc_a-stdio.o) (_lseek_r)
D:/Program Files (x86)/Arm GNU Toolchain arm-none-eabi/13.3 rel1/bin/../lib/gcc/arm-none-eabi/13.3.1/thumb/v7e-m+fp/hard\libg.a(libc_a-readr.o)
                              D:/Program Files (x86)/Arm GNU Toolchain arm-none-eabi/13.3 rel1/bin/../lib/gcc/arm-none-eabi/13.3.1/thumb/v7e-m+fp/hard\libg.a(libc_a-stdio.o) (_read_r)
D:/Program Files (x86)/Arm GNU Toolchain arm-none-eabi/13.3 rel1/bin/../lib/gcc/arm-none-eabi/13.3.1/thumb/v7e-m+fp/hard\libg.a(libc_a-writer.o)
                              D:/Program Files (x86)/Arm GNU Toolchain arm-none-eabi/13.3 rel1/bin/../lib/gcc/arm-none-eabi/13.3.1/thumb/v7e-m+fp/hard\libg.a(libc_a-stdio.o) (_write_r)
D:/Program Files (x86)/Arm GNU Toolchain arm-none-eabi/13.3 rel1/bin/../lib/gcc/arm-none-eabi/13.3.1/thumb/v7e-m+fp/hard\libg.a(libc_a-errno.o)
                              CMakeFiles/DM_02_Hero.elf.dir/Core/Src/syscalls.c.obj (__errno)
D:/Program Files (x86)/Arm GNU Toolchain arm-none-eabi/13.3 rel1/bin/../lib/gcc/arm-none-eabi/13.3.1/thumb/v7e-m+fp/hard\libg.a(libc_a-init.o)
                              D:/Program Files (x86)/Arm GNU Toolchain arm-none-eabi/13.3 rel1/bin/../lib/gcc/arm-none-eabi/13.3.1/thumb/v7e-m+fp/hard/crt0.o (__libc_init_array)
[...]
Memory Configuration

Name             Origin             Length             Attributes
ITCMRAM          0x00000000         0x00010000         xrw
DTCMRAM          0x20000000         0x00020000         xrw
FLASH            0x08000000         0x00100000         xr
RAM_D1           0x24000000         0x00050000         xrw
RAM_D2           0x30000000         0x00008000         xrw
RAM_D3           0x38000000         0x00004000         xrw
*default*        0x00000000         0xffffffff

Linker script and memory map

LOAD D:/Program Files (x86)/Arm GNU Toolchain arm-none-eabi/13.3 rel1/bin/../lib/gcc/arm-none-eabi/13.3.1/thumb/v7e-m+fp/hard/crti.o
LOAD D:/Program Files (x86)/Arm GNU Toolchain arm-none-eabi/13.3 rel1/bin/../lib/gcc/arm-none-eabi/13.3.1/thumb/v7e-m+fp/hard/crtbegin.o
LOAD D:/Program Files (x86)/Arm GNU Toolchain arm-none-eabi/13.3 rel1/bin/../lib/gcc/arm-none-eabi/13.3.1/thumb/v7e-m+fp/hard/crt0.o
LOAD CMakeFiles/DM_02_Hero.elf.dir/Core/Src/fdcan.c.obj
LOAD CMakeFiles/DM_02_Hero.elf.dir/Core/Src/freertos.c.obj
LOAD CMakeFiles/DM_02_Hero.elf.dir/Core/Src/gpio.c.obj
LOAD CMakeFiles/DM_02_Hero.elf.dir/Core/Src/main.c.obj
LOAD CMakeFiles/DM_02_Hero.elf.dir/Core/Src/memorymap.c.obj
LOAD CMakeFiles/DM_02_Hero.elf.dir/Core/Src/spi.c.obj
LOAD CMakeFiles/DM_02_Hero.elf.dir/Core/Src/stm32h7xx_hal_msp.c.obj
LOAD CMakeFiles/DM_02_Hero.elf.dir/Core/Src/stm32h7xx_hal_timebase_tim.c.obj
LOAD CMakeFiles/DM_02_Hero.elf.dir/Core/Src/stm32h7xx_it.c.obj
LOAD CMakeFiles/DM_02_Hero.elf.dir/Core/Src/syscalls.c.obj
LOAD CMakeFiles/DM_02_Hero.elf.dir/Core/Src/sysmem.c.obj
LOAD CMakeFiles/DM_02_Hero.elf.dir/Core/Src/system_stm32h7xx.c.obj
LOAD CMakeFiles/DM_02_Hero.elf.dir/Core/Src/usart.c.obj
LOAD CMakeFiles/DM_02_Hero.elf.dir/Core/Startup/startup_stm32h723vgtx.s.obj
LOAD CMakeFiles/DM_02_Hero.elf.dir/Drivers/STM32H7xx_HAL_Driver/Src/stm32h7xx_hal.c.obj
LOAD CMakeFiles/DM_02_Hero.elf.dir/Drivers/STM32H7xx_HAL_Driver/Src/stm32h7xx_hal_cortex.c.obj
LOAD CMakeFiles/DM_02_Hero.elf.dir/Drivers/STM32H7xx_HAL_Driver/Src/stm32h7xx_hal_dma.c.obj
LOAD CMakeFiles/DM_02_Hero.elf.dir/Drivers/STM32H7xx_HAL_Driver/Src/stm32h7xx_hal_dma_ex.c.obj
LOAD CMakeFiles/DM_02_Hero.elf.dir/Drivers/STM32H7xx_HAL_Driver/Src/stm32h7xx_hal_exti.c.obj
LOAD CMakeFiles/DM_02_Hero.elf.dir/Drivers/STM32H7xx_HAL_Driver/Src/stm32h7xx_hal_fdcan.c.obj
LOAD CMakeFiles/DM_02_Hero.elf.dir/Drivers/STM32H7xx_HAL_Driver/Src/stm32h7xx_hal_flash.c.obj
LOAD CMakeFiles/DM_02_Hero.elf.dir/Drivers/STM32H7xx_HAL_Driver/Src/stm32h7xx_hal_flash_ex.c.obj
LOAD CMakeFiles/DM_02_Hero.elf.dir/Drivers/STM32H7xx_HAL_Driver/Src/stm32h7xx_hal_gpio.c.obj
LOAD CMakeFiles/DM_02_Hero.elf.dir/Drivers/STM32H7xx_HAL_Driver/Src/stm32h7xx_hal_hsem.c.obj
LOAD CMakeFiles/DM_02_Hero.elf.dir/Drivers/STM32H7xx_HAL_Driver/Src/stm32h7xx_hal_i2c.c.obj
LOAD CMakeFiles/DM_02_Hero.elf.dir/Drivers/STM32H7xx_HAL_Driver/Src/stm32h7xx_hal_i2c_ex.c.obj
LOAD CMakeFiles/DM_02_Hero.elf.dir/Drivers/STM32H7xx_HAL_Driver/Src/stm32h7xx_hal_mdma.c.obj
LOAD CMakeFiles/DM_02_Hero.elf.dir/Drivers/STM32H7xx_HAL_Driver/Src/stm32h7xx_hal_pwr.c.obj
LOAD CMakeFiles/DM_02_Hero.elf.dir/Drivers/STM32H7xx_HAL_Driver/Src/stm32h7xx_hal_pwr_ex.c.obj
LOAD CMakeFiles/DM_02_Hero.elf.dir/Drivers/STM32H7xx_HAL_Driver/Src/stm32h7xx_hal_rcc.c.obj
LOAD CMakeFiles/DM_02_Hero.elf.dir/Drivers/STM32H7xx_HAL_Driver/Src/stm32h7xx_hal_rcc_ex.c.obj
LOAD CMakeFiles/DM_02_Hero.elf.dir/Drivers/STM32H7xx_HAL_Driver/Src/stm32h7xx_hal_spi.c.obj
LOAD CMakeFiles/DM_02_Hero.elf.dir/Drivers/STM32H7xx_HAL_Driver/Src/stm32h7xx_hal_spi_ex.c.obj
LOAD CMakeFiles/DM_02_Hero.elf.dir/Drivers/STM32H7xx_HAL_Driver/Src/stm32h7xx_hal_tim.c.obj
LOAD CMakeFiles/DM_02_Hero.elf.dir/Drivers/STM32H7xx_HAL_Driver/Src/stm32h7xx_hal_tim_ex.c.obj
LOAD CMakeFiles/DM_02_Hero.elf.dir/Drivers/STM32H7xx_HAL_Driver/Src/stm32h7xx_hal_uart.c.obj
LOAD CMakeFiles/DM_02_Hero.elf.dir/Drivers/STM32H7xx_HAL_Driver/Src/stm32h7xx_hal_uart_ex.c.obj
LOAD CMakeFiles/DM_02_Hero.elf.dir/Middlewares/Third_Party/FreeRTOS/Source/CMSIS_RTOS_V2/cmsis_os2.c.obj
LOAD CMakeFiles/DM_02_Hero.elf.dir/Middlewares/Third_Party/FreeRTOS/Source/croutine.c.obj
LOAD CMakeFiles/DM_02_Hero.elf.dir/Middlewares/Third_Party/FreeRTOS/Source/event_groups.c.obj
LOAD CMakeFiles/DM_02_Hero.elf.dir/Middlewares/Third_Party/FreeRTOS/Source/list.c.obj
LOAD CMakeFiles/DM_02_Hero.elf.dir/Middlewares/Third_Party/FreeRTOS/Source/portable/GCC/ARM_CM4F/port.c.obj
LOAD CMakeFiles/DM_02_Hero.elf.dir/Middlewares/Third_Party/FreeRTOS/Source/portable/MemMang/heap_4.c.obj
LOAD CMakeFiles/DM_02_Hero.elf.dir/Middlewares/Third_Party/FreeRTOS/Source/queue.c.obj
LOAD CMakeFiles/DM_02_Hero.elf.dir/Middlewares/Third_Party/FreeRTOS/Source/stream_buffer.c.obj
LOAD CMakeFiles/DM_02_Hero.elf.dir/Middlewares/Third_Party/FreeRTOS/Source/tasks.c.obj
LOAD CMakeFiles/DM_02_Hero.elf.dir/Middlewares/Third_Party/FreeRTOS/Source/timers.c.obj
LOAD CMakeFiles/DM_02_Hero.elf.dir/User/ws2812.c.obj
START GROUP
LOAD D:/Program Files (x86)/Arm GNU Toolchain arm-none-eabi/13.3 rel1/bin/../lib/gcc/arm-none-eabi/13.3.1/thumb/v7e-m+fp/hard\libgcc.a
LOAD D:/Program Files (x86)/Arm GNU Toolchain arm-none-eabi/13.3 rel1/bin/../lib/gcc/arm-none-eabi/13.3.1/thumb/v7e-m+fp/hard\libg.a
LOAD D:/Program Files (x86)/Arm GNU Toolchain arm-none-eabi/13.3 rel1/bin/../lib/gcc/arm-none-eabi/13.3.1/thumb/v7e-m+fp/hard\libc.a
END GROUP
LOAD D:/Program Files (x86)/Arm GNU Toolchain arm-none-eabi/13.3 rel1/bin/../lib/gcc/arm-none-eabi/13.3.1/thumb/v7e-m+fp/hard/crtend.o
LOAD D:/Program Files (x86)/Arm GNU Toolchain arm-none-eabi/13.3 rel1/bin/../lib/gcc/arm-none-eabi/13.3.1/thumb/v7e-m+fp/hard/crtn.o
                0x24050000                        _estack = (ORIGIN (RAM_D1) + LENGTH (RAM_D1))
                0x00000200                        _Min_Heap_Size = 0x200
                0x00000400                        _Min_Stack_Size = 0x400

.isr_vector     0x08000000      0x2cc
                0x08000000                        . = ALIGN (0x4)
 *(.isr_vector)
 .isr_vector    0x08000000      0x2cc CMakeFiles/DM_02_Hero.elf.dir/Core/Startup/startup_stm32h723vgtx.s.obj
                0x08000000                g_pfnVectors
                0x080002cc                        . = ALIGN (0x4)

.text           0x080002d0     0x691c
                0x080002d0                        . = ALIGN (0x4)
 *(.text)
 .text          0x080002d0       0x30 D:/Program Files (x86)/Arm GNU Toolchain arm-none-eabi/13.3 rel1/bin/../lib/gcc/arm-none-eabi/13.3.1/thumb/v7e-m+fp/hard\libgcc.a(_aeabi_uldivmod.o)
                0x080002d0                __aeabi_uldivmod
 .text          0x08000300        0x4 D:/Program Files (x86)/Arm GNU Toolchain arm-none-eabi/13.3 rel1/bin/../lib/gcc/arm-none-eabi/13.3.1/thumb/v7e-m+fp/hard\libgcc.a(_dvmd_tls.o)
                0x08000300                __aeabi_idiv0
                0x08000300                __aeabi_ldiv0
 .text          0x08000304      0x134 D:/Program Files (x86)/Arm GNU Toolchain arm-none-eabi/13.3 rel1/bin/../lib/gcc/arm-none-eabi/13.3.1/thumb/v7e-m+fp/hard\libg.a(libc_a-memcpy.o)
                0x08000304                memcpy
 *(.text*)
 .text.deregister_tm_clones
                0x08000438       0x1c D:/Program Files (x86)/Arm GNU Toolchain arm-none-eabi/13.3 rel1/bin/../lib/gcc/arm-none-eabi/13.3.1/thumb/v7e-m+fp/hard/crtbegin.o
 .text.register_tm_clones
                0x08000454       0x24 D:/Program Files (x86)/Arm GNU Toolchain arm-none-eabi/13.3 rel1/bin/../lib/gcc/arm-none-eabi/13.3.1/thumb/v7e-m+fp/hard/crtbegin.o
 .text.__do_global_dtors_aux
                0x08000478       0x28 D:/Program Files (x86)/Arm GNU Toolchain arm-none-eabi/13.3 rel1/bin/../lib/gcc/arm-none-eabi/13.3.1/thumb/v7e-m+fp/hard/crtbegin.o
 .text.frame_dummy
                0x080004a0       0x24 D:/Program Files (x86)/Arm GNU Toolchain arm-none-eabi/13.3 rel1/bin/../lib/gcc/arm-none-eabi/13.3.1/thumb/v7e-m+fp/hard/crtbegin.o
 .text.MX_FDCAN1_Init
                0x080004c4       0x64 CMakeFiles/DM_02_Hero.elf.dir/Core/Src/fdcan.c.obj
                0x080004c4                MX_FDCAN1_Init
 .text.MX_FDCAN2_Init
                0x08000528       0x64 CMakeFiles/DM_02_Hero.elf.dir/Core/Src/fdcan.c.obj
                0x08000528                MX_FDCAN2_Init
 .text.MX_FDCAN3_Init
                0x0800058c       0x64 CMakeFiles/DM_02_Hero.elf.dir/Core/Src/fdcan.c.obj
                0x0800058c                MX_FDCAN3_Init
 .text.HAL_FDCAN_MspInit
                0x080005f0      0x1cc CMakeFiles/DM_02_Hero.elf.dir/Core/Src/fdcan.c.obj
                0x080005f0                HAL_FDCAN_MspInit
 .text.StartDefaultTask
                0x080007bc        0xa CMakeFiles/DM_02_Hero.elf.dir/Core/Src/freertos.c.obj
                0x080007bc                StartDefaultTask
 .text.log_task
                0x080007c6       0x2c CMakeFiles/DM_02_Hero.elf.dir/Core/Src/freertos.c.obj
                0x080007c6                log_task
 *fill*         0x080007f2        0x2 
 .text.MX_FREERTOS_Init
                0x080007f4       0x38 CMakeFiles/DM_02_Hero.elf.dir/Core/Src/freertos.c.obj
                0x080007f4                MX_FREERTOS_Init
 .text.MX_GPIO_Init
                0x0800082c       0x6c CMakeFiles/DM_02_Hero.elf.dir/Core/Src/gpio.c.obj
                0x0800082c                MX_GPIO_Init
 .text.HAL_TIM_PeriodElapsedCallback
                0x08000898       0x18 CMakeFiles/DM_02_Hero.elf.dir/Core/Src/main.c.obj
                0x08000898                HAL_TIM_PeriodElapsedCallback
 .text.Error_Handler
                0x080008b0        0x4 CMakeFiles/DM_02_Hero.elf.dir/Core/Src/main.c.obj
                0x080008b0                Error_Handler
 .text.SystemClock_Config
                0x080008b4       0xa8 CMakeFiles/DM_02_Hero.elf.dir/Core/Src/main.c.obj
                0x080008b4                SystemClock_Config
 .text.main     0x0800095c       0x30 CMakeFiles/DM_02_Hero.elf.dir/Core/Src/main.c.obj
                0x0800095c                main
 .text.MX_SPI6_Init
                0x0800098c       0x5c CMakeFiles/DM_02_Hero.elf.dir/Core/Src/spi.c.obj
                0x0800098c                MX_SPI6_Init
 .text.HAL_SPI_MspInit
                0x080009e8       0x9c CMakeFiles/DM_02_Hero.elf.dir/Core/Src/spi.c.obj
                0x080009e8                HAL_SPI_MspInit
 .text.HAL_MspInit
                0x08000a84       0x34 CMakeFiles/DM_02_Hero.elf.dir/Core/Src/stm32h7xx_hal_msp.c.obj
                0x08000a84                HAL_MspInit
 .text.HAL_InitTick
                0x08000ab8       0x90 CMakeFiles/DM_02_Hero.elf.dir/Core/Src/stm32h7xx_hal_timebase_tim.c.obj
                0x08000ab8                HAL_InitTick
 .text.NMI_Handler
                0x08000b48        0x2 CMakeFiles/DM_02_Hero.elf.dir/Core/Src/stm32h7xx_it.c.obj
                0x08000b48                NMI_Handler
 .text.HardFault_Handler
                0x08000b4a        0x2 CMakeFiles/DM_02_Hero.elf.dir/Core/Src/stm32h7xx_it.c.obj
                0x08000b4a                HardFault_Handler
 .text.MemManage_Handler
                0x08000b4c        0x2 CMakeFiles/DM_02_Hero.elf.dir/Core/Src/stm32h7xx_it.c.obj
                0x08000b4c                MemManage_Handler
 .text.BusFault_Handler
                0x08000b4e        0x2 CMakeFiles/DM_02_Hero.elf.dir/Core/Src/stm32h7xx_it.c.obj
                0x08000b4e                BusFault_Handler
 .text.UsageFault_Handler
                0x08000b50        0x2 CMakeFiles/DM_02_Hero.elf.dir/Core/Src/stm32h7xx_it.c.obj
                0x08000b50                UsageFault_Handler
 .text.DebugMon_Handler
                0x08000b52        0x2 CMakeFiles/DM_02_Hero.elf.dir/Core/Src/stm32h7xx_it.c.obj
                0x08000b52                DebugMon_Handler
 .text.TIM1_UP_IRQHandler
                0x08000b54       0x10 CMakeFiles/DM_02_Hero.elf.dir/Core/Src/stm32h7xx_it.c.obj
                0x08000b54                TIM1_UP_IRQHandler
 .text._sbrk    0x08000b64       0x48 CMakeFiles/DM_02_Hero.elf.dir/Core/Src/sysmem.c.obj
                0x08000b64                _sbrk
 .text.SystemInit
                0x08000bac       0xac CMakeFiles/DM_02_Hero.elf.dir/Core/Src/system_stm32h7xx.c.obj
                0x08000bac                SystemInit
 .text.MX_USART1_UART_Init
                0x08000c58       0x68 CMakeFiles/DM_02_Hero.elf.dir/Core/Src/usart.c.obj
                0x08000c58                MX_USART1_UART_Init
 .text.HAL_UART_MspInit
                0x08000cc0       0x98 CMakeFiles/DM_02_Hero.elf.dir/Core/Src/usart.c.obj
                0x08000cc0                HAL_UART_MspInit
 .text.Reset_Handler
                0x08000d58       0x50 CMakeFiles/DM_02_Hero.elf.dir/Core/Startup/startup_stm32h723vgtx.s.obj
                0x08000d58                Reset_Handler
 .text.Default_Handler
                0x08000da8        0x2 CMakeFiles/DM_02_Hero.elf.dir/Core/Startup/startup_stm32h723vgtx.s.obj
                0x08000da8                RTC_Alarm_IRQHandler
                0x08000da8                EXTI2_IRQHandler
                0x08000da8                TIM8_CC_IRQHandler
                0x08000da8                UART8_IRQHandler
                0x08000da8                SPI4_IRQHandler
                0x08000da8                FDCAN3_IT0_IRQHandler
                0x08000da8                TIM1_CC_IRQHandler
                0x08000da8                BDMA_Channel6_IRQHandler
                0x08000da8                DMA2_Stream5_IRQHandler
                0x08000da8                DMA1_Stream5_IRQHandler
                0x08000da8                CORDIC_IRQHandler
                0x08000da8                BDMA_Channel1_IRQHandler
                0x08000da8                TAMP_STAMP_IRQHandler
                0x08000da8                EXTI3_IRQHandler
                0x08000da8                LPTIM4_IRQHandler
                0x08000da8                TIM8_TRG_COM_TIM14_IRQHandler
                0x08000da8                LPTIM2_IRQHandler
                0x08000da8                DFSDM1_FLT1_IRQHandler
                0x08000da8                DMAMUX2_OVR_IRQHandler
                0x08000da8                TIM8_UP_TIM13_IRQHandler
                0x08000da8                I2C3_ER_IRQHandler
                0x08000da8                DFSDM1_FLT2_IRQHandler
                0x08000da8                I2C5_EV_IRQHandler
                0x08000da8                USART10_IRQHandler
                0x08000da8                MDMA_IRQHandler
                0x08000da8                LPTIM3_IRQHandler
                0x08000da8                HSEM1_IRQHandler
                0x08000da8                EXTI0_IRQHandler
                0x08000da8                I2C2_EV_IRQHandler
                0x08000da8                DMA1_Stream2_IRQHandler
                0x08000da8                FPU_IRQHandler
                0x08000da8                OTG_HS_WKUP_IRQHandler
                0x08000da8                FDCAN1_IT1_IRQHandler
                0x08000da8                LTDC_ER_IRQHandler
                0x08000da8                DMA2_Stream2_IRQHandler
                0x08000da8                SPI1_IRQHandler
                0x08000da8                OCTOSPI1_IRQHandler
                0x08000da8                TIM6_DAC_IRQHandler
                0x08000da8                DMA2_Stream3_IRQHandler
                0x08000da8                OCTOSPI2_IRQHandler
                0x08000da8                DFSDM1_FLT3_IRQHandler
                0x08000da8                TIM23_IRQHandler
                0x08000da8                USART6_IRQHandler
                0x08000da8                TIM17_IRQHandler
                0x08000da8                USART3_IRQHandler
                0x08000da8                BDMA_Channel7_IRQHandler
                0x08000da8                LPTIM5_IRQHandler
                0x08000da8                UART5_IRQHandler
                0x08000da8                ADC3_IRQHandler
                0x08000da8                DMA2_Stream0_IRQHandler
                0x08000da8                TIM4_IRQHandler
                0x08000da8                BDMA_Channel2_IRQHandler
                0x08000da8                I2C1_EV_IRQHandler
                0x08000da8                DMA1_Stream6_IRQHandler
                0x08000da8                DMAMUX1_OVR_IRQHandler
                0x08000da8                DMA1_Stream1_IRQHandler
                0x08000da8                TIM16_IRQHandler
                0x08000da8                UART4_IRQHandler
                0x08000da8                BDMA_Channel5_IRQHandler
                0x08000da8                TIM3_IRQHandler
                0x08000da8                RCC_IRQHandler
                0x08000da8                UART9_IRQHandler
                0x08000da8                TIM8_BRK_TIM12_IRQHandler
                0x08000da8                TIM1_TRG_COM_IRQHandler
                0x08000da8                Default_Handler
                0x08000da8                ECC_IRQHandler
                0x08000da8                FMAC_IRQHandler
                0x08000da8                CEC_IRQHandler
                0x08000da8                EXTI15_10_IRQHandler
                0x08000da8                BDMA_Channel0_IRQHandler
                0x08000da8                ADC_IRQHandler
                0x08000da8                I2C5_ER_IRQHandler
                0x08000da8                DMA1_Stream7_IRQHandler
                0x08000da8                SPI5_IRQHandler
                0x08000da8                TIM7_IRQHandler
                0x08000da8                FDCAN3_IT1_IRQHandler
                0x08000da8                SDMMC1_IRQHandler
                0x08000da8                TIM5_IRQHandler
                0x08000da8                DMA2_Stream7_IRQHandler
                0x08000da8                TIM15_IRQHandler
                0x08000da8                PVD_AVD_IRQHandler
                0x08000da8                I2C3_EV_IRQHandler
                0x08000da8                EXTI9_5_IRQHandler
                0x08000da8                RTC_WKUP_IRQHandler
                0x08000da8                LTDC_IRQHandler
                0x08000da8                ETH_WKUP_IRQHandler
                0x08000da8                SPDIF_RX_IRQHandler
                0x08000da8                SPI2_IRQHandler
                0x08000da8                OTG_HS_EP1_IN_IRQHandler
                0x08000da8                DMA1_Stream0_IRQHandler
                0x08000da8                TIM24_IRQHandler
                0x08000da8                CRS_IRQHandler
                0x08000da8                EXTI4_IRQHandler
                0x08000da8                RNG_IRQHandler
                0x08000da8                FDCAN2_IT1_IRQHandler
                0x08000da8                ETH_IRQHandler
                0x08000da8                BDMA_Channel4_IRQHandler
                0x08000da8                OTG_HS_EP1_OUT_IRQHandler
                0x08000da8                WWDG_IRQHandler
                0x08000da8                SPI6_IRQHandler
                0x08000da8                MDIOS_IRQHandler
                0x08000da8                I2C4_EV_IRQHandler
                0x08000da8                FDCAN2_IT0_IRQHandler
                0x08000da8                LPUART1_IRQHandler
                0x08000da8                FDCAN1_IT0_IRQHandler
                0x08000da8                TIM2_IRQHandler
                0x08000da8                OTG_HS_IRQHandler
                0x08000da8                DMA2D_IRQHandler
                0x08000da8                TIM1_BRK_IRQHandler
                0x08000da8                EXTI1_IRQHandler
                0x08000da8                SDMMC2_IRQHandler
                0x08000da8                BDMA_Channel3_IRQHandler
                0x08000da8                DTS_IRQHandler
                0x08000da8                UART7_IRQHandler
                0x08000da8                MDIOS_WKUP_IRQHandler
                0x08000da8                USART2_IRQHandler
                0x08000da8                DFSDM1_FLT0_IRQHandler
                0x08000da8                SAI4_IRQHandler
                0x08000da8                I2C2_ER_IRQHandler
                0x08000da8                DMA2_Stream1_IRQHandler
                0x08000da8                FLASH_IRQHandler
                0x08000da8                DMA2_Stream4_IRQHandler
                0x08000da8                USART1_IRQHandler
                0x08000da8                SPI3_IRQHandler
                0x08000da8                WAKEUP_PIN_IRQHandler
                0x08000da8                DMA1_Stream4_IRQHandler
                0x08000da8                I2C1_ER_IRQHandler
                0x08000da8                FMC_IRQHandler
                0x08000da8                FDCAN_CAL_IRQHandler
                0x08000da8                SWPMI1_IRQHandler
                0x08000da8                COMP1_IRQHandler
                0x08000da8                LPTIM1_IRQHandler
                0x08000da8                DCMI_PSSI_IRQHandler
                0x08000da8                I2C4_ER_IRQHandler
                0x08000da8                DMA2_Stream6_IRQHandler
                0x08000da8                SAI1_IRQHandler
                0x08000da8                DMA1_Stream3_IRQHandler
 *fill*         0x08000daa        0x2 
 .text.HAL_Init
                0x08000dac       0x5c CMakeFiles/DM_02_Hero.elf.dir/Drivers/STM32H7xx_HAL_Driver/Src/stm32h7xx_hal.c.obj
                0x08000dac                HAL_Init
 .text.HAL_IncTick
                0x08000e08       0x18 CMakeFiles/DM_02_Hero.elf.dir/Drivers/STM32H7xx_HAL_Driver/Src/stm32h7xx_hal.c.obj
                0x08000e08                HAL_IncTick
 .text.HAL_GetTick
                0x08000e20        0xc CMakeFiles/DM_02_Hero.elf.dir/Drivers/STM32H7xx_HAL_Driver/Src/stm32h7xx_hal.c.obj
                0x08000e20                HAL_GetTick
 .text.HAL_Delay
                0x08000e2c       0x28 CMakeFiles/DM_02_Hero.elf.dir/Drivers/STM32H7xx_HAL_Driver/Src/stm32h7xx_hal.c.obj
                0x08000e2c                HAL_Delay
 .text.__NVIC_EnableIRQ
                0x08000e54       0x1c CMakeFiles/DM_02_Hero.elf.dir/Drivers/STM32H7xx_HAL_Driver/Src/stm32h7xx_hal_cortex.c.obj
 .text.__NVIC_SetPriority
                0x08000e70       0x24 CMakeFiles/DM_02_Hero.elf.dir/Drivers/STM32H7xx_HAL_Driver/Src/stm32h7xx_hal_cortex.c.obj
 .text.NVIC_EncodePriority
                0x08000e94       0x3e CMakeFiles/DM_02_Hero.elf.dir/Drivers/STM32H7xx_HAL_Driver/Src/stm32h7xx_hal_cortex.c.obj
 *fill*         0x08000ed2        0x2 
 .text.HAL_NVIC_SetPriorityGrouping
                0x08000ed4       0x24 CMakeFiles/DM_02_Hero.elf.dir/Drivers/STM32H7xx_HAL_Driver/Src/stm32h7xx_hal_cortex.c.obj
                0x08000ed4                HAL_NVIC_SetPriorityGrouping
 .text.HAL_NVIC_SetPriority
                0x08000ef8       0x20 CMakeFiles/DM_02_Hero.elf.dir/Drivers/STM32H7xx_HAL_Driver/Src/stm32h7xx_hal_cortex.c.obj
                0x08000ef8                HAL_NVIC_SetPriority
 .text.HAL_NVIC_EnableIRQ
                0x08000f18        0x8 CMakeFiles/DM_02_Hero.elf.dir/Drivers/STM32H7xx_HAL_Driver/Src/stm32h7xx_hal_cortex.c.obj
                0x08000f18                HAL_NVIC_EnableIRQ
 .text.FDCAN_CalcultateRamBlockAddresses
                0x08000f20      0x1d4 CMakeFiles/DM_02_Hero.elf.dir/Drivers/STM32H7xx_HAL_Driver/Src/stm32h7xx_hal_fdcan.c.obj
 .text.HAL_FDCAN_Init
                0x080010f4      0x294 CMakeFiles/DM_02_Hero.elf.dir/Drivers/STM32H7xx_HAL_Driver/Src/stm32h7xx_hal_fdcan.c.obj
                0x080010f4                HAL_FDCAN_Init
 .text.HAL_GPIO_Init
                0x08001388      0x214 CMakeFiles/DM_02_Hero.elf.dir/Drivers/STM32H7xx_HAL_Driver/Src/stm32h7xx_hal_gpio.c.obj
                0x08001388                HAL_GPIO_Init
 .text.HAL_PWREx_ConfigSupply
                0x0800159c       0x54 CMakeFiles/DM_02_Hero.elf.dir/Drivers/STM32H7xx_HAL_Driver/Src/stm32h7xx_hal_pwr_ex.c.obj
                0x0800159c                HAL_PWREx_ConfigSupply
 .text.HAL_RCC_OscConfig
                0x080015f0      0x5e4 CMakeFiles/DM_02_Hero.elf.dir/Drivers/STM32H7xx_HAL_Driver/Src/stm32h7xx_hal_rcc.c.obj
                0x080015f0                HAL_RCC_OscConfig
 .text.HAL_RCC_GetSysClockFreq
                0x08001bd4      0x1f8 CMakeFiles/DM_02_Hero.elf.dir/Drivers/STM32H7xx_HAL_Driver/Src/stm32h7xx_hal_rcc.c.obj
                0x08001bd4                HAL_RCC_GetSysClockFreq
 .text.HAL_RCC_ClockConfig
                0x08001dcc      0x294 CMakeFiles/DM_02_Hero.elf.dir/Drivers/STM32H7xx_HAL_Driver/Src/stm32h7xx_hal_rcc.c.obj
                0x08001dcc                HAL_RCC_ClockConfig
 .text.HAL_RCC_GetHCLKFreq
                0x08002060       0x44 CMakeFiles/DM_02_Hero.elf.dir/Drivers/STM32H7xx_HAL_Driver/Src/stm32h7xx_hal_rcc.c.obj
                0x08002060                HAL_RCC_GetHCLKFreq
 .text.HAL_RCC_GetPCLK1Freq
                0x080020a4       0x24 CMakeFiles/DM_02_Hero.elf.dir/Drivers/STM32H7xx_HAL_Driver/Src/stm32h7xx_hal_rcc.c.obj
                0x080020a4                HAL_RCC_GetPCLK1Freq
 .text.HAL_RCC_GetPCLK2Freq
                0x080020c8       0x24 CMakeFiles/DM_02_Hero.elf.dir/Drivers/STM32H7xx_HAL_Driver/Src/stm32h7xx_hal_rcc.c.obj
                0x080020c8                HAL_RCC_GetPCLK2Freq
 .text.HAL_RCC_GetClockConfig
                0x080020ec       0x54 CMakeFiles/DM_02_Hero.elf.dir/Drivers/STM32H7xx_HAL_Driver/Src/stm32h7xx_hal_rcc.c.obj
                0x080020ec                HAL_RCC_GetClockConfig
 .text.RCCEx_PLL2_Config
                0x08002140      0x108 CMakeFiles/DM_02_Hero.elf.dir/Drivers/STM32H7xx_HAL_Driver/Src/stm32h7xx_hal_rcc_ex.c.obj
 .text.RCCEx_PLL3_Config
                0x08002248      0x108 CMakeFiles/DM_02_Hero.elf.dir/Drivers/STM32H7xx_HAL_Driver/Src/stm32h7xx_hal_rcc_ex.c.obj
 .text.HAL_RCCEx_PeriphCLKConfig
                0x08002350      0xa2c CMakeFiles/DM_02_Hero.elf.dir/Drivers/STM32H7xx_HAL_Driver/Src/stm32h7xx_hal_rcc_ex.c.obj
                0x08002350                HAL_RCCEx_PeriphCLKConfig
 .text.HAL_RCCEx_GetD3PCLK1Freq
                0x08002d7c       0x24 CMakeFiles/DM_02_Hero.elf.dir/Drivers/STM32H7xx_HAL_Driver/Src/stm32h7xx_hal_rcc_ex.c.obj
                0x08002d7c                HAL_RCCEx_GetD3PCLK1Freq
 .text.HAL_RCCEx_GetPLL2ClockFreq
                0x08002da0      0x200 CMakeFiles/DM_02_Hero.elf.dir/Drivers/STM32H7xx_HAL_Driver/Src/stm32h7xx_hal_rcc_ex.c.obj
                0x08002da0                HAL_RCCEx_GetPLL2ClockFreq
 .text.HAL_RCCEx_GetPLL3ClockFreq
                0x08002fa0      0x200 CMakeFiles/DM_02_Hero.elf.dir/Drivers/STM32H7xx_HAL_Driver/Src/stm32h7xx_hal_rcc_ex.c.obj
                0x08002fa0                HAL_RCCEx_GetPLL3ClockFreq
 .text.SPI_CloseTransfer
                0x080031a0       0xd0 CMakeFiles/DM_02_Hero.elf.dir/Drivers/STM32H7xx_HAL_Driver/Src/stm32h7xx_hal_spi.c.obj
 .text.SPI_GetPacketSize
                0x08003270       0x10 CMakeFiles/DM_02_Hero.elf.dir/Drivers/STM32H7xx_HAL_Driver/Src/stm32h7xx_hal_spi.c.obj
 .text.SPI_WaitOnFlagUntilTimeout
                0x08003280       0x48 CMakeFiles/DM_02_Hero.elf.dir/Drivers/STM32H7xx_HAL_Driver/Src/stm32h7xx_hal_spi.c.obj
 .text.HAL_SPI_Init
                0x080032c8      0x190 CMakeFiles/DM_02_Hero.elf.dir/Drivers/STM32H7xx_HAL_Driver/Src/stm32h7xx_hal_spi.c.obj
                0x080032c8                HAL_SPI_Init
 .text.HAL_SPI_Transmit
                0x08003458      0x2c0 CMakeFiles/DM_02_Hero.elf.dir/Drivers/STM32H7xx_HAL_Driver/Src/stm32h7xx_hal_spi.c.obj
                0x08003458                HAL_SPI_Transmit
 .text.HAL_TIM_Base_MspInit
                0x08003718        0x2 CMakeFiles/DM_02_Hero.elf.dir/Drivers/STM32H7xx_HAL_Driver/Src/stm32h7xx_hal_tim.c.obj
                0x08003718                HAL_TIM_Base_MspInit
 *fill*         0x0800371a        0x2 
 .text.HAL_TIM_Base_Start_IT
                0x0800371c       0xa0 CMakeFiles/DM_02_Hero.elf.dir/Drivers/STM32H7xx_HAL_Driver/Src/stm32h7xx_hal_tim.c.obj
                0x0800371c                HAL_TIM_Base_Start_IT
 .text.HAL_TIM_OC_DelayElapsedCallback
                0x080037bc        0x2 CMakeFiles/DM_02_Hero.elf.dir/Drivers/STM32H7xx_HAL_Driver/Src/stm32h7xx_hal_tim.c.obj
                0x080037bc                HAL_TIM_OC_DelayElapsedCallback
 .text.HAL_TIM_IC_CaptureCallback
                0x080037be        0x2 CMakeFiles/DM_02_Hero.elf.dir/Drivers/STM32H7xx_HAL_Driver/Src/stm32h7xx_hal_tim.c.obj
                0x080037be                HAL_TIM_IC_CaptureCallback
 .text.HAL_TIM_PWM_PulseFinishedCallback
                0x080037c0        0x2 CMakeFiles/DM_02_Hero.elf.dir/Drivers/STM32H7xx_HAL_Driver/Src/stm32h7xx_hal_tim.c.obj
                0x080037c0                HAL_TIM_PWM_PulseFinishedCallback
 .text.HAL_TIM_TriggerCallback
                0x080037c2        0x2 CMakeFiles/DM_02_Hero.elf.dir/Drivers/STM32H7xx_HAL_Driver/Src/stm32h7xx_hal_tim.c.obj
                0x080037c2                HAL_TIM_TriggerCallback
 .text.HAL_TIM_IRQHandler
                0x080037c4      0x17a CMakeFiles/DM_02_Hero.elf.dir/Drivers/STM32H7xx_HAL_Driver/Src/stm32h7xx_hal_tim.c.obj
                0x080037c4                HAL_TIM_IRQHandler
 *fill*         0x0800393e        0x2 
 .text.TIM_Base_SetConfig
                0x08003940      0x130 CMakeFiles/DM_02_Hero.elf.dir/Drivers/STM32H7xx_HAL_Driver/Src/stm32h7xx_hal_tim.c.obj
                0x08003940                TIM_Base_SetConfig
 .text.HAL_TIM_Base_Init
                0x08003a70       0x60 CMakeFiles/DM_02_Hero.elf.dir/Drivers/STM32H7xx_HAL_Driver/Src/stm32h7xx_hal_tim.c.obj
                0x08003a70                HAL_TIM_Base_Init
 .text.HAL_TIMEx_CommutCallback
                0x08003ad0        0x2 CMakeFiles/DM_02_Hero.elf.dir/Drivers/STM32H7xx_HAL_Driver/Src/stm32h7xx_hal_tim_ex.c.obj
                0x08003ad0                HAL_TIMEx_CommutCallback
 .text.HAL_TIMEx_BreakCallback
                0x08003ad2        0x2 CMakeFiles/DM_02_Hero.elf.dir/Drivers/STM32H7xx_HAL_Driver/Src/stm32h7xx_hal_tim_ex.c.obj
                0x08003ad2                HAL_TIMEx_BreakCallback
 .text.HAL_TIMEx_Break2Callback
                0x08003ad4        0x2 CMakeFiles/DM_02_Hero.elf.dir/Drivers/STM32H7xx_HAL_Driver/Src/stm32h7xx_hal_tim_ex.c.obj
                0x08003ad4                HAL_TIMEx_Break2Callback
 *fill*         0x08003ad6        0x2 
 .text.UART_EndRxTransfer
                0x08003ad8       0x58 CMakeFiles/DM_02_Hero.elf.dir/Drivers/STM32H7xx_HAL_Driver/Src/stm32h7xx_hal_uart.c.obj
 .text.UART_SetConfig
                0x08003b30      0x6c4 CMakeFiles/DM_02_Hero.elf.dir/Drivers/STM32H7xx_HAL_Driver/Src/stm32h7xx_hal_uart.c.obj
                0x08003b30                UART_SetConfig
 .text.UART_AdvFeatureConfig
                0x080041f4       0xca CMakeFiles/DM_02_Hero.elf.dir/Drivers/STM32H7xx_HAL_Driver/Src/stm32h7xx_hal_uart.c.obj
                0x080041f4                UART_AdvFeatureConfig
 .text.UART_WaitOnFlagUntilTimeout
                0x080042be       0xa6 CMakeFiles/DM_02_Hero.elf.dir/Drivers/STM32H7xx_HAL_Driver/Src/stm32h7xx_hal_uart.c.obj
                0x080042be                UART_WaitOnFlagUntilTimeout
 .text.UART_CheckIdleState
                0x08004364       0xca CMakeFiles/DM_02_Hero.elf.dir/Drivers/STM32H7xx_HAL_Driver/Src/stm32h7xx_hal_uart.c.obj
                0x08004364                UART_CheckIdleState
 .text.HAL_UART_Init
                0x0800442e       0x66 CMakeFiles/DM_02_Hero.elf.dir/Drivers/STM32H7xx_HAL_Driver/Src/stm32h7xx_hal_uart.c.obj
                0x0800442e                HAL_UART_Init
 .text.UARTEx_SetNbDataToProcess
                0x08004494       0x4c CMakeFiles/DM_02_Hero.elf.dir/Drivers/STM32H7xx_HAL_Driver/Src/stm32h7xx_hal_uart_ex.c.obj
 .text.HAL_UARTEx_DisableFifoMode
                0x080044e0       0x3e CMakeFiles/DM_02_Hero.elf.dir/Drivers/STM32H7xx_HAL_Driver/Src/stm32h7xx_hal_uart_ex.c.obj
                0x080044e0                HAL_UARTEx_DisableFifoMode
 .text.HAL_UARTEx_SetTxFifoThreshold
                0x0800451e       0x4a CMakeFiles/DM_02_Hero.elf.dir/Drivers/STM32H7xx_HAL_Driver/Src/stm32h7xx_hal_uart_ex.c.obj
                0x0800451e                HAL_UARTEx_SetTxFifoThreshold
 .text.HAL_UARTEx_SetRxFifoThreshold
                0x08004568       0x4a CMakeFiles/DM_02_Hero.elf.dir/Drivers/STM32H7xx_HAL_Driver/Src/stm32h7xx_hal_uart_ex.c.obj
                0x08004568                HAL_UARTEx_SetRxFifoThreshold
 .text.SysTick_Handler
                0x080045b2       0x18 CMakeFiles/DM_02_Hero.elf.dir/Middlewares/Third_Party/FreeRTOS/Source/CMSIS_RTOS_V2/cmsis_os2.c.obj
                0x080045b2                SysTick_Handler
 *fill*         0x080045ca        0x2 
 .text.osKernelInitialize
                0x080045cc       0x24 CMakeFiles/DM_02_Hero.elf.dir/Middlewares/Third_Party/FreeRTOS/Source/CMSIS_RTOS_V2/cmsis_os2.c.obj
                0x080045cc                osKernelInitialize
 .text.osKernelStart
                0x080045f0       0x38 CMakeFiles/DM_02_Hero.elf.dir/Middlewares/Third_Party/FreeRTOS/Source/CMSIS_RTOS_V2/cmsis_os2.c.obj
                0x080045f0                osKernelStart
 .text.osThreadNew
                0x08004628       0xbe CMakeFiles/DM_02_Hero.elf.dir/Middlewares/Third_Party/FreeRTOS/Source/CMSIS_RTOS_V2/cmsis_os2.c.obj
                0x08004628                osThreadNew
 .text.osDelay  0x080046e6       0x1c CMakeFiles/DM_02_Hero.elf.dir/Middlewares/Third_Party/FreeRTOS/Source/CMSIS_RTOS_V2/cmsis_os2.c.obj
                0x080046e6                osDelay
 *fill*         0x08004702        0x2 
 .text.vApplicationGetIdleTaskMemory
                0x08004704       0x18 CMakeFiles/DM_02_Hero.elf.dir/Middlewares/Third_Party/FreeRTOS/Source/CMSIS_RTOS_V2/cmsis_os2.c.obj
                0x08004704                vApplicationGetIdleTaskMemory
 .text.vApplicationGetTimerTaskMemory
                0x0800471c       0x18 CMakeFiles/DM_02_Hero.elf.dir/Middlewares/Third_Party/FreeRTOS/Source/CMSIS_RTOS_V2/cmsis_os2.c.obj
                0x0800471c                vApplicationGetTimerTaskMemory
 .text.vListInitialise
                0x08004734       0x16 CMakeFiles/DM_02_Hero.elf.dir/Middlewares/Third_Party/FreeRTOS/Source/list.c.obj
                0x08004734                vListInitialise
 .text.vListInitialiseItem
                0x0800474a        0x6 CMakeFiles/DM_02_Hero.elf.dir/Middlewares/Third_Party/FreeRTOS/Source/list.c.obj
                0x0800474a                vListInitialiseItem
 .text.vListInsertEnd
                0x08004750       0x16 CMakeFiles/DM_02_Hero.elf.dir/Middlewares/Third_Party/FreeRTOS/Source/list.c.obj
                0x08004750                vListInsertEnd
 .text.vListInsert
                0x08004766       0x32 CMakeFiles/DM_02_Hero.elf.dir/Middlewares/Third_Party/FreeRTOS/Source/list.c.obj
                0x08004766                vListInsert
 .text.uxListRemove
                0x08004798       0x26 CMakeFiles/DM_02_Hero.elf.dir/Middlewares/Third_Party/FreeRTOS/Source/list.c.obj
                0x08004798                uxListRemove
 *fill*         0x080047be        0x2 
 .text.prvTaskExitError
                0x080047c0       0x40 CMakeFiles/DM_02_Hero.elf.dir/Middlewares/Third_Party/FreeRTOS/Source/portable/GCC/ARM_CM4F/port.c.obj
 .text.prvPortStartFirstTask
                0x08004800       0x28 CMakeFiles/DM_02_Hero.elf.dir/Middlewares/Third_Party/FreeRTOS/Source/portable/GCC/ARM_CM4F/port.c.obj
 .text.vPortEnableVFP
                0x08004828       0x14 CMakeFiles/DM_02_Hero.elf.dir/Middlewares/Third_Party/FreeRTOS/Source/portable/GCC/ARM_CM4F/port.c.obj
 .text.pxPortInitialiseStack
                0x0800483c       0x2c CMakeFiles/DM_02_Hero.elf.dir/Middlewares/Third_Party/FreeRTOS/Source/portable/GCC/ARM_CM4F/port.c.obj
                0x0800483c                pxPortInitialiseStack
 *fill*         0x08004868        0x8 
 .text.SVC_Handler
                0x08004870       0x24 CMakeFiles/DM_02_Hero.elf.dir/Middlewares/Third_Party/FreeRTOS/Source/portable/GCC/ARM_CM4F/port.c.obj
                0x08004870                SVC_Handler
 .text.vPortEnterCritical
                0x08004894       0x44 CMakeFiles/DM_02_Hero.elf.dir/Middlewares/Third_Party/FreeRTOS/Source/portable/GCC/ARM_CM4F/port.c.obj
                0x08004894                vPortEnterCritical
 .text.vPortExitCritical
                0x080048d8       0x2c CMakeFiles/DM_02_Hero.elf.dir/Middlewares/Third_Party/FreeRTOS/Source/portable/GCC/ARM_CM4F/port.c.obj
                0x080048d8                vPortExitCritical
 *fill*         0x08004904        0xc 
 .text.PendSV_Handler
                0x08004910       0x64 CMakeFiles/DM_02_Hero.elf.dir/Middlewares/Third_Party/FreeRTOS/Source/portable/GCC/ARM_CM4F/port.c.obj
                0x08004910                PendSV_Handler
 .text.xPortSysTickHandler
                0x08004974       0x2c CMakeFiles/DM_02_Hero.elf.dir/Middlewares/Third_Party/FreeRTOS/Source/portable/GCC/ARM_CM4F/port.c.obj
                0x08004974                xPortSysTickHandler
 .text.vPortSetupTimerInterrupt
                0x080049a0       0x28 CMakeFiles/DM_02_Hero.elf.dir/Middlewares/Third_Party/FreeRTOS/Source/portable/GCC/ARM_CM4F/port.c.obj
                0x080049a0                vPortSetupTimerInterrupt
 .text.xPortStartScheduler
                0x080049c8      0x118 CMakeFiles/DM_02_Hero.elf.dir/Middlewares/Third_Party/FreeRTOS/Source/portable/GCC/ARM_CM4F/port.c.obj
                0x080049c8                xPortStartScheduler
 .text.vPortValidateInterruptPriority
                0x08004ae0       0x5c CMakeFiles/DM_02_Hero.elf.dir/Middlewares/Third_Party/FreeRTOS/Source/portable/GCC/ARM_CM4F/port.c.obj
                0x08004ae0                vPortValidateInterruptPriority
 .text.prvHeapInit
                0x08004b3c       0x64 CMakeFiles/DM_02_Hero.elf.dir/Middlewares/Third_Party/FreeRTOS/Source/portable/MemMang/heap_4.c.obj
 .text.prvInsertBlockIntoFreeList
                0x08004ba0       0x64 CMakeFiles/DM_02_Hero.elf.dir/Middlewares/Third_Party/FreeRTOS/Source/portable/MemMang/heap_4.c.obj
 .text.pvPortMalloc
                0x08004c04      0x104 CMakeFiles/DM_02_Hero.elf.dir/Middlewares/Third_Party/FreeRTOS/Source/portable/MemMang/heap_4.c.obj
                0x08004c04                pvPortMalloc
 .text.vPortFree
                0x08004d08       0x7c CMakeFiles/DM_02_Hero.elf.dir/Middlewares/Third_Party/FreeRTOS/Source/portable/MemMang/heap_4.c.obj
                0x08004d08                vPortFree
 .text.prvIsQueueFull
                0x08004d84       0x1e CMakeFiles/DM_02_Hero.elf.dir/Middlewares/Third_Party/FreeRTOS/Source/queue.c.obj
 .text.prvIsQueueEmpty
                0x08004da2       0x1a CMakeFiles/DM_02_Hero.elf.dir/Middlewares/Third_Party/FreeRTOS/Source/queue.c.obj
 .text.prvCopyDataToQueue
                0x08004dbc       0x76 CMakeFiles/DM_02_Hero.elf.dir/Middlewares/Third_Party/FreeRTOS/Source/queue.c.obj
 .text.prvCopyDataFromQueue
                0x08004e32       0x24 CMakeFiles/DM_02_Hero.elf.dir/Middlewares/Third_Party/FreeRTOS/Source/queue.c.obj
 .text.prvUnlockQueue
                0x08004e56       0x6e CMakeFiles/DM_02_Hero.elf.dir/Middlewares/Third_Party/FreeRTOS/Source/queue.c.obj
 .text.xQueueGenericReset
                0x08004ec4       0x84 CMakeFiles/DM_02_Hero.elf.dir/Middlewares/Third_Party/FreeRTOS/Source/queue.c.obj
                0x08004ec4                xQueueGenericReset
 .text.prvInitialiseNewQueue
                0x08004f48       0x22 CMakeFiles/DM_02_Hero.elf.dir/Middlewares/Third_Party/FreeRTOS/Source/queue.c.obj
 .text.xQueueGenericCreateStatic
                0x08004f6a       0xa6 CMakeFiles/DM_02_Hero.elf.dir/Middlewares/Third_Party/FreeRTOS/Source/queue.c.obj
                0x08004f6a                xQueueGenericCreateStatic
 .text.xQueueGenericSend
                0x08005010      0x188 CMakeFiles/DM_02_Hero.elf.dir/Middlewares/Third_Party/FreeRTOS/Source/queue.c.obj
                0x08005010                xQueueGenericSend
 .text.xQueueGenericSendFromISR
                0x08005198       0xce CMakeFiles/DM_02_Hero.elf.dir/Middlewares/Third_Party/FreeRTOS/Source/queue.c.obj
                0x08005198                xQueueGenericSendFromISR
 .text.xQueueReceive
                0x08005266      0x15e CMakeFiles/DM_02_Hero.elf.dir/Middlewares/Third_Party/FreeRTOS/Source/queue.c.obj
                0x08005266                xQueueReceive
 .text.vQueueAddToRegistry
                0x080053c4       0x28 CMakeFiles/DM_02_Hero.elf.dir/Middlewares/Third_Party/FreeRTOS/Source/queue.c.obj
                0x080053c4                vQueueAddToRegistry
 .text.vQueueWaitForMessageRestricted
                0x080053ec       0x52 CMakeFiles/DM_02_Hero.elf.dir/Middlewares/Third_Party/FreeRTOS/Source/queue.c.obj
                0x080053ec                vQueueWaitForMessageRestricted
 *fill*         0x0800543e        0x2 
 .text.prvResetNextTaskUnblockTime
                0x08005440       0x2c CMakeFiles/DM_02_Hero.elf.dir/Middlewares/Third_Party/FreeRTOS/Source/tasks.c.obj
 .text.prvInitialiseNewTask
                0x0800546c      0x104 CMakeFiles/DM_02_Hero.elf.dir/Middlewares/Third_Party/FreeRTOS/Source/tasks.c.obj
 .text.prvInitialiseTaskLists
                0x08005570       0x68 CMakeFiles/DM_02_Hero.elf.dir/Middlewares/Third_Party/FreeRTOS/Source/tasks.c.obj
 .text.prvAddNewTaskToReadyList
                0x080055d8       0xac CMakeFiles/DM_02_Hero.elf.dir/Middlewares/Third_Party/FreeRTOS/Source/tasks.c.obj
 .text.prvDeleteTCB
                0x08005684       0x40 CMakeFiles/DM_02_Hero.elf.dir/Middlewares/Third_Party/FreeRTOS/Source/tasks.c.obj
 .text.prvCheckTasksWaitingTermination
                0x080056c4       0x4c CMakeFiles/DM_02_Hero.elf.dir/Middlewares/Third_Party/FreeRTOS/Source/tasks.c.obj
 .text.prvIdleTask
                0x08005710       0x28 CMakeFiles/DM_02_Hero.elf.dir/Middlewares/Third_Party/FreeRTOS/Source/tasks.c.obj
 .text.prvAddCurrentTaskToDelayedList
                0x08005738       0x84 CMakeFiles/DM_02_Hero.elf.dir/Middlewares/Third_Party/FreeRTOS/Source/tasks.c.obj
 .text.xTaskCreateStatic
                0x080057bc       0x7a CMakeFiles/DM_02_Hero.elf.dir/Middlewares/Third_Party/FreeRTOS/Source/tasks.c.obj
                0x080057bc                xTaskCreateStatic
 .text.xTaskCreate
                0x08005836       0x66 CMakeFiles/DM_02_Hero.elf.dir/Middlewares/Third_Party/FreeRTOS/Source/tasks.c.obj
                0x08005836                xTaskCreate
 .text.vTaskStartScheduler
                0x0800589c       0xac CMakeFiles/DM_02_Hero.elf.dir/Middlewares/Third_Party/FreeRTOS/Source/tasks.c.obj
                0x0800589c                vTaskStartScheduler
 .text.vTaskSuspendAll
                0x08005948       0x10 CMakeFiles/DM_02_Hero.elf.dir/Middlewares/Third_Party/FreeRTOS/Source/tasks.c.obj
                0x08005948                vTaskSuspendAll
 .text.xTaskGetTickCount
                0x08005958        0xc CMakeFiles/DM_02_Hero.elf.dir/Middlewares/Third_Party/FreeRTOS/Source/tasks.c.obj
                0x08005958                xTaskGetTickCount
 .text.xTaskIncrementTick
                0x08005964      0x118 CMakeFiles/DM_02_Hero.elf.dir/Middlewares/Third_Party/FreeRTOS/Source/tasks.c.obj
                0x08005964                xTaskIncrementTick
 .text.xTaskResumeAll
                0x08005a7c       0xf8 CMakeFiles/DM_02_Hero.elf.dir/Middlewares/Third_Party/FreeRTOS/Source/tasks.c.obj
                0x08005a7c                xTaskResumeAll
 .text.vTaskDelay
                0x08005b74       0x4c CMakeFiles/DM_02_Hero.elf.dir/Middlewares/Third_Party/FreeRTOS/Source/tasks.c.obj
                0x08005b74                vTaskDelay
 .text.vTaskSwitchContext
                0x08005bc0       0xa4 CMakeFiles/DM_02_Hero.elf.dir/Middlewares/Third_Party/FreeRTOS/Source/tasks.c.obj
                0x08005bc0                vTaskSwitchContext
 .text.vTaskPlaceOnEventList
                0x08005c64       0x30 CMakeFiles/DM_02_Hero.elf.dir/Middlewares/Third_Party/FreeRTOS/Source/tasks.c.obj
                0x08005c64                vTaskPlaceOnEventList
 .text.vTaskPlaceOnEventListRestricted
                0x08005c94       0x38 CMakeFiles/DM_02_Hero.elf.dir/Middlewares/Third_Party/FreeRTOS/Source/tasks.c.obj
                0x08005c94                vTaskPlaceOnEventListRestricted
 .text.xTaskRemoveFromEventList
                0x08005ccc       0x8c CMakeFiles/DM_02_Hero.elf.dir/Middlewares/Third_Party/FreeRTOS/Source/tasks.c.obj
                0x08005ccc                xTaskRemoveFromEventList
 .text.vTaskInternalSetTimeOutState
                0x08005d58       0x18 CMakeFiles/DM_02_Hero.elf.dir/Middlewares/Third_Party/FreeRTOS/Source/tasks.c.obj
                0x08005d58                vTaskInternalSetTimeOutState
 .text.xTaskCheckForTimeOut
                0x08005d70       0x84 CMakeFiles/DM_02_Hero.elf.dir/Middlewares/Third_Party/FreeRTOS/Source/tasks.c.obj
                0x08005d70                xTaskCheckForTimeOut
 .text.vTaskMissedYield
                0x08005df4        0xc CMakeFiles/DM_02_Hero.elf.dir/Middlewares/Third_Party/FreeRTOS/Source/tasks.c.obj
                0x08005df4                vTaskMissedYield
 .text.xTaskGetSchedulerState
                0x08005e00       0x20 CMakeFiles/DM_02_Hero.elf.dir/Middlewares/Third_Party/FreeRTOS/Source/tasks.c.obj
                0x08005e00                xTaskGetSchedulerState
 .text.xTaskPriorityDisinherit
                0x08005e20       0x90 CMakeFiles/DM_02_Hero.elf.dir/Middlewares/Third_Party/FreeRTOS/Source/tasks.c.obj
                0x08005e20                xTaskPriorityDisinherit
 .text.prvGetNextExpireTime
                0x08005eb0       0x20 CMakeFiles/DM_02_Hero.elf.dir/Middlewares/Third_Party/FreeRTOS/Source/timers.c.obj
 .text.prvInsertTimerInActiveList
                0x08005ed0       0x50 CMakeFiles/DM_02_Hero.elf.dir/Middlewares/Third_Party/FreeRTOS/Source/timers.c.obj
 .text.prvCheckForValidListAndQueue
                0x08005f20       0x70 CMakeFiles/DM_02_Hero.elf.dir/Middlewares/Third_Party/FreeRTOS/Source/timers.c.obj
 .text.xTimerCreateTimerTask
                0x08005f90       0x64 CMakeFiles/DM_02_Hero.elf.dir/Middlewares/Third_Party/FreeRTOS/Source/timers.c.obj
                0x08005f90                xTimerCreateTimerTask
 .text.xTimerGenericCommand
                0x08005ff4       0x6c CMakeFiles/DM_02_Hero.elf.dir/Middlewares/Third_Party/FreeRTOS/Source/timers.c.obj
                0x08005ff4                xTimerGenericCommand
 .text.prvSwitchTimerLists
                0x08006060       0x7c CMakeFiles/DM_02_Hero.elf.dir/Middlewares/Third_Party/FreeRTOS/Source/timers.c.obj
 .text.prvSampleTimeNow
                0x080060dc       0x2c CMakeFiles/DM_02_Hero.elf.dir/Middlewares/Third_Party/FreeRTOS/Source/timers.c.obj
 .text.prvProcessExpiredTimer
                0x08006108       0x6c CMakeFiles/DM_02_Hero.elf.dir/Middlewares/Third_Party/FreeRTOS/Source/timers.c.obj
 .text.prvProcessTimerOrBlockTask
                0x08006174       0x78 CMakeFiles/DM_02_Hero.elf.dir/Middlewares/Third_Party/FreeRTOS/Source/timers.c.obj
 .text.prvProcessReceivedCommands
                0x080061ec      0x10c CMakeFiles/DM_02_Hero.elf.dir/Middlewares/Third_Party/FreeRTOS/Source/timers.c.obj
 .text.prvTimerTask
                0x080062f8       0x16 CMakeFiles/DM_02_Hero.elf.dir/Middlewares/Third_Party/FreeRTOS/Source/timers.c.obj
 *fill*         0x0800630e        0x2 
 .text.WS2812_Ctrl
                0x08006310       0xc4 CMakeFiles/DM_02_Hero.elf.dir/User/ws2812.c.obj
                0x08006310                WS2812_Ctrl
 .text.__udivmoddi4
                0x080063d4      0x2bc D:/Program Files (x86)/Arm GNU Toolchain arm-none-eabi/13.3 rel1/bin/../lib/gcc/arm-none-eabi/13.3.1/thumb/v7e-m+fp/hard\libgcc.a(_udivmoddi4.o)
                0x080063d4                __udivmoddi4
 .text.memset   0x08006690       0xa4 D:/Program Files (x86)/Arm GNU Toolchain arm-none-eabi/13.3 rel1/bin/../lib/gcc/arm-none-eabi/13.3.1/thumb/v7e-m+fp/hard\libg.a(libc_a-memset.o)
                0x08006690                memset
 .text._reclaim_reent
                0x08006734       0x6c D:/Program Files (x86)/Arm GNU Toolchain arm-none-eabi/13.3 rel1/bin/../lib/gcc/arm-none-eabi/13.3.1/thumb/v7e-m+fp/hard\libg.a(libc_a-reent.o)
                0x08006734                _reclaim_reent
 .text.__errno  0x080067a0        0xc D:/Program Files (x86)/Arm GNU Toolchain arm-none-eabi/13.3 rel1/bin/../lib/gcc/arm-none-eabi/13.3.1/thumb/v7e-m+fp/hard\libg.a(libc_a-errno.o)
                0x080067a0                __errno
 .text.__libc_init_array
                0x080067ac       0x50 D:/Program Files (x86)/Arm GNU Toolchain arm-none-eabi/13.3 rel1/bin/../lib/gcc/arm-none-eabi/13.3.1/thumb/v7e-m+fp/hard\libg.a(libc_a-init.o)
                0x080067ac                __libc_init_array
 .text.__retarget_lock_acquire_recursive
                0x080067fc        0x4 D:/Program Files (x86)/Arm GNU Toolchain arm-none-eabi/13.3 rel1/bin/../lib/gcc/arm-none-eabi/13.3.1/thumb/v7e-m+fp/hard\libg.a(libc_a-lock.o)
                0x080067fc                __retarget_lock_acquire_recursive
 .text.__retarget_lock_release_recursive
                0x08006800        0x4 D:/Program Files (x86)/Arm GNU Toolchain arm-none-eabi/13.3 rel1/bin/../lib/gcc/arm-none-eabi/13.3.1/thumb/v7e-m+fp/hard\libg.a(libc_a-lock.o)
                0x08006800                __retarget_lock_release_recursive
 .text.startup.register_fini
                0x08006804       0x14 D:/Program Files (x86)/Arm GNU Toolchain arm-none-eabi/13.3 rel1/bin/../lib/gcc/arm-none-eabi/13.3.1/thumb/v7e-m+fp/hard\libg.a(libc_a-__call_atexit.o)
 .text.atexit   0x08006818        0xc D:/Program Files (x86)/Arm GNU Toolchain arm-none-eabi/13.3 rel1/bin/../lib/gcc/arm-none-eabi/13.3.1/thumb/v7e-m+fp/hard\libg.a(libc_a-atexit.o)
                0x08006818                atexit
 .text._malloc_trim_r
                0x08006824       0xb8 D:/Program Files (x86)/Arm GNU Toolchain arm-none-eabi/13.3 rel1/bin/../lib/gcc/arm-none-eabi/13.3.1/thumb/v7e-m+fp/hard\libg.a(libc_a-freer.o)
                0x08006824                _malloc_trim_r
 .text._free_r  0x080068dc      0x1f8 D:/Program Files (x86)/Arm GNU Toolchain arm-none-eabi/13.3 rel1/bin/../lib/gcc/arm-none-eabi/13.3.1/thumb/v7e-m+fp/hard\libg.a(libc_a-freer.o)
                0x080068dc                _free_r
 .text.__malloc_lock
                0x08006ad4        0xc D:/Program Files (x86)/Arm GNU Toolchain arm-none-eabi/13.3 rel1/bin/../lib/gcc/arm-none-eabi/13.3.1/thumb/v7e-m+fp/hard\libg.a(libc_a-mlock.o)
                0x08006ad4                __malloc_lock
 .text.__malloc_unlock
                0x08006ae0        0xc D:/Program Files (x86)/Arm GNU Toolchain arm-none-eabi/13.3 rel1/bin/../lib/gcc/arm-none-eabi/13.3.1/thumb/v7e-m+fp/hard\libg.a(libc_a-mlock.o)
                0x08006ae0                __malloc_unlock
 .text._sbrk_r  0x08006aec       0x24 D:/Program Files (x86)/Arm GNU Toolchain arm-none-eabi/13.3 rel1/bin/../lib/gcc/arm-none-eabi/13.3.1/thumb/v7e-m+fp/hard\libg.a(libc_a-sbrkr.o)
                0x08006aec                _sbrk_r
 .text.__libc_fini_array
                0x08006b10       0x28 D:/Program Files (x86)/Arm GNU Toolchain arm-none-eabi/13.3 rel1/bin/../lib/gcc/arm-none-eabi/13.3.1/thumb/v7e-m+fp/hard\libg.a(libc_a-fini.o)
                0x08006b10                __libc_fini_array
 .text.sysconf  0x08006b38       0x1c D:/Program Files (x86)/Arm GNU Toolchain arm-none-eabi/13.3 rel1/bin/../lib/gcc/arm-none-eabi/13.3.1/thumb/v7e-m+fp/hard\libg.a(libc_a-sysconf.o)
                0x08006b38                sysconf
 .text.__register_exitproc
                0x08006b54       0x80 D:/Program Files (x86)/Arm GNU Toolchain arm-none-eabi/13.3 rel1/bin/../lib/gcc/arm-none-eabi/13.3.1/thumb/v7e-m+fp/hard\libg.a(libc_a-__atexit.o)
                0x08006b54                __register_exitproc
 *(.glue_7)
 .glue_7        0x08006bd4        0x0 linker stubs
 *(.glue_7t)
 .glue_7t       0x08006bd4        0x0 linker stubs
 *(.eh_frame)
 .eh_frame      0x08006bd4        0x0 D:/Program Files (x86)/Arm GNU Toolchain arm-none-eabi/13.3 rel1/bin/../lib/gcc/arm-none-eabi/13.3.1/thumb/v7e-m+fp/hard/crtbegin.o
 *(.init)
 .init          0x08006bd4        0x4 D:/Program Files (x86)/Arm GNU Toolchain arm-none-eabi/13.3 rel1/bin/../lib/gcc/arm-none-eabi/13.3.1/thumb/v7e-m+fp/hard/crti.o
                0x08006bd4                _init
 .init          0x08006bd8        0x8 D:/Program Files (x86)/Arm GNU Toolchain arm-none-eabi/13.3 rel1/bin/../lib/gcc/arm-none-eabi/13.3.1/thumb/v7e-m+fp/hard/crtn.o
 *(.fini)
 .fini          0x08006be0        0x4 D:/Program Files (x86)/Arm GNU Toolchain arm-none-eabi/13.3 rel1/bin/../lib/gcc/arm-none-eabi/13.3.1/thumb/v7e-m+fp/hard/crti.o
                0x08006be0                _fini
 .fini          0x08006be4        0x8 D:/Program Files (x86)/Arm GNU Toolchain arm-none-eabi/13.3 rel1/bin/../lib/gcc/arm-none-eabi/13.3.1/thumb/v7e-m+fp/hard/crtn.o
                0x08006bec                        . = ALIGN (0x4)
                0x08006bec                        _etext = .

.vfp11_veneer   0x08006bec        0x0
 .vfp11_veneer  0x08006bec        0x0 linker stubs

.v4_bx          0x08006bec        0x0
 .v4_bx         0x08006bec        0x0 linker stubs

.iplt           0x08006bec        0x0
 .iplt          0x08006bec        0x0 D:/Program Files (x86)/Arm GNU Toolchain arm-none-eabi/13.3 rel1/bin/../lib/gcc/arm-none-eabi/13.3.1/thumb/v7e-m+fp/hard/crtbegin.o

.rodata         0x08006bec       0xf8
                0x08006bec                        . = ALIGN (0x4)
 *(.rodata)
 .rodata        0x08006bec       0x4c CMakeFiles/DM_02_Hero.elf.dir/Drivers/STM32H7xx_HAL_Driver/Src/stm32h7xx_hal_fdcan.c.obj
 *(.rodata*)
 .rodata.str1.4
                0x08006c38       0x2c CMakeFiles/DM_02_Hero.elf.dir/Core/Src/freertos.c.obj
                                 0x14 (size before relaxing)
 .rodata.logTask_attributes
                0x08006c64       0x24 CMakeFiles/DM_02_Hero.elf.dir/Core/Src/freertos.c.obj
                0x08006c64                logTask_attributes
 .rodata.defaultTask_attributes
                0x08006c88       0x24 CMakeFiles/DM_02_Hero.elf.dir/Core/Src/freertos.c.obj
                0x08006c88                defaultTask_attributes
 .rodata.D1CorePrescTable
                0x08006cac       0x10 CMakeFiles/DM_02_Hero.elf.dir/Core/Src/system_stm32h7xx.c.obj
                0x08006cac                D1CorePrescTable
 .rodata.UARTPrescTable
                0x08006cbc       0x18 CMakeFiles/DM_02_Hero.elf.dir/Drivers/STM32H7xx_HAL_Driver/Src/stm32h7xx_hal_uart.c.obj
                0x08006cbc                UARTPrescTable
 .rodata.denominator.0
                0x08006cd4        0x8 CMakeFiles/DM_02_Hero.elf.dir/Drivers/STM32H7xx_HAL_Driver/Src/stm32h7xx_hal_uart_ex.c.obj
 .rodata.numerator.1
                0x08006cdc        0x8 CMakeFiles/DM_02_Hero.elf.dir/Drivers/STM32H7xx_HAL_Driver/Src/stm32h7xx_hal_uart_ex.c.obj
 .rodata.vTaskStartScheduler.str1.4
                0x08006ce4        0x5 CMakeFiles/DM_02_Hero.elf.dir/Middlewares/Third_Party/FreeRTOS/Source/tasks.c.obj
 .rodata.prvCheckForValidListAndQueue.str1.4
                0x08006ce4        0x5 CMakeFiles/DM_02_Hero.elf.dir/Middlewares/Third_Party/FreeRTOS/Source/timers.c.obj
 .rodata.xTimerCreateTimerTask.str1.4
                0x08006ce4        0x8 CMakeFiles/DM_02_Hero.elf.dir/Middlewares/Third_Party/FreeRTOS/Source/timers.c.obj
                0x08006cec                        . = ALIGN (0x4)

.ARM.extab
 *(.ARM.extab* .gnu.linkonce.armextab.*)

.ARM            0x08006ce4        0x8
                0x08006ce4                        __exidx_start = .
 *(.ARM.exidx*)
 .ARM.exidx     0x08006ce4        0x8 D:/Program Files (x86)/Arm GNU Toolchain arm-none-eabi/13.3 rel1/bin/../lib/gcc/arm-none-eabi/13.3.1/thumb/v7e-m+fp/hard\libg.a(libc_a-memcpy.o)
 .ARM.exidx.text.__udivmoddi4
                0x08006cec        0x0 D:/Program Files (x86)/Arm GNU Toolchain arm-none-eabi/13.3 rel1/bin/../lib/gcc/arm-none-eabi/13.3.1/thumb/v7e-m+fp/hard\libgcc.a(_udivmoddi4.o)
                                  0x8 (size before relaxing)
                0x08006cec                        __exidx_end = .

.preinit_array  0x08006cec        0x0
                0x08006cec                        PROVIDE (__preinit_array_start = .)
 *(.preinit_array*)
                0x08006cec                        PROVIDE (__preinit_array_end = .)

.init_array     0x08006cec        0x8
                0x08006cec                        PROVIDE (__init_array_start = .)
 *(SORT_BY_NAME(.init_array.*))
 .init_array.00000
                0x08006cec        0x4 D:/Program Files (x86)/Arm GNU Toolchain arm-none-eabi/13.3 rel1/bin/../lib/gcc/arm-none-eabi/13.3.1/thumb/v7e-m+fp/hard\libg.a(libc_a-__call_atexit.o)
 *(.init_array*)
 .init_array    0x08006cf0        0x4 D:/Program Files (x86)/Arm GNU Toolchain arm-none-eabi/13.3 rel1/bin/../lib/gcc/arm-none-eabi/13.3.1/thumb/v7e-m+fp/hard/crtbegin.o
                0x08006cf4                        PROVIDE (__init_array_end = .)

.fini_array     0x08006cf4        0x4
                0x08006cf4                        PROVIDE (__fini_array_start = .)
 *(SORT_BY_NAME(.fini_array.*))
 *(.fini_array*)
 .fini_array    0x08006cf4        0x4 D:/Program Files (x86)/Arm GNU Toolchain arm-none-eabi/13.3 rel1/bin/../lib/gcc/arm-none-eabi/13.3.1/thumb/v7e-m+fp/hard/crtbegin.o
                0x08006cf8                        PROVIDE (__fini_array_end = .)
                0x08006cf8                        _sidata = LOADADDR (.data)

.rel.dyn        0x08006cf8        0x0
 .rel.iplt      0x08006cf8        0x0 D:/Program Files (x86)/Arm GNU Toolchain arm-none-eabi/13.3 rel1/bin/../lib/gcc/arm-none-eabi/13.3.1/thumb/v7e-m+fp/hard/crtbegin.o

.data           0x24000000      0x570 load address 0x08006cf8
                0x24000000                        . = ALIGN (0x4)
                0x24000000                        _sdata = .
 *(.data)
 *(.data*)
 .data.SystemD2Clock
                0x24000000        0x4 CMakeFiles/DM_02_Hero.elf.dir/Core/Src/system_stm32h7xx.c.obj
                0x24000000                SystemD2Clock
 .data.SystemCoreClock
                0x24000004        0x4 CMakeFiles/DM_02_Hero.elf.dir/Core/Src/system_stm32h7xx.c.obj
                0x24000004                SystemCoreClock
 .data.uwTickFreq
                0x24000008        0x1 CMakeFiles/DM_02_Hero.elf.dir/Drivers/STM32H7xx_HAL_Driver/Src/stm32h7xx_hal.c.obj
                0x24000008                uwTickFreq
 *fill*         0x24000009        0x3 
 .data.uwTickPrio
                0x2400000c        0x4 CMakeFiles/DM_02_Hero.elf.dir/Drivers/STM32H7xx_HAL_Driver/Src/stm32h7xx_hal.c.obj
                0x2400000c                uwTickPrio
 .data.uxCriticalNesting
                0x24000010        0x4 CMakeFiles/DM_02_Hero.elf.dir/Middlewares/Third_Party/FreeRTOS/Source/portable/GCC/ARM_CM4F/port.c.obj
 .data._impure_ptr
                0x24000014        0x4 D:/Program Files (x86)/Arm GNU Toolchain arm-none-eabi/13.3 rel1/bin/../lib/gcc/arm-none-eabi/13.3.1/thumb/v7e-m+fp/hard\libg.a(libc_a-impure.o)
                0x24000014                _impure_ptr
 .data._impure_data
                0x24000018      0x140 D:/Program Files (x86)/Arm GNU Toolchain arm-none-eabi/13.3 rel1/bin/../lib/gcc/arm-none-eabi/13.3.1/thumb/v7e-m+fp/hard\libg.a(libc_a-impure.o)
                0x24000018                _impure_data
 .data.__atexit_recursive_mutex
                0x24000158        0x4 D:/Program Files (x86)/Arm GNU Toolchain arm-none-eabi/13.3 rel1/bin/../lib/gcc/arm-none-eabi/13.3.1/thumb/v7e-m+fp/hard\libg.a(libc_a-__call_atexit.o)
                0x24000158                __atexit_recursive_mutex
 .data.__malloc_sbrk_base
                0x2400015c        0x4 D:/Program Files (x86)/Arm GNU Toolchain arm-none-eabi/13.3 rel1/bin/../lib/gcc/arm-none-eabi/13.3.1/thumb/v7e-m+fp/hard\libg.a(libc_a-mallocr.o)
                0x2400015c                __malloc_sbrk_base
 .data.__malloc_trim_threshold
                0x24000160        0x4 D:/Program Files (x86)/Arm GNU Toolchain arm-none-eabi/13.3 rel1/bin/../lib/gcc/arm-none-eabi/13.3.1/thumb/v7e-m+fp/hard\libg.a(libc_a-mallocr.o)
                0x24000160                __malloc_trim_threshold
 *fill*         0x24000164        0x4 
 .data.__malloc_av_
                0x24000168      0x408 D:/Program Files (x86)/Arm GNU Toolchain arm-none-eabi/13.3 rel1/bin/../lib/gcc/arm-none-eabi/13.3.1/thumb/v7e-m+fp/hard\libg.a(libc_a-mallocr.o)
                0x24000168                __malloc_av_
 *(.RamFunc)
 *(.RamFunc*)
                0x24000570                        . = ALIGN (0x4)
                0x24000570                        _edata = .

.tm_clone_table
                0x24000570        0x0 load address 0x08007268
 .tm_clone_table
                0x24000570        0x0 D:/Program Files (x86)/Arm GNU Toolchain arm-none-eabi/13.3 rel1/bin/../lib/gcc/arm-none-eabi/13.3.1/thumb/v7e-m+fp/hard/crtbegin.o
 .tm_clone_table
                0x24000570        0x0 D:/Program Files (x86)/Arm GNU Toolchain arm-none-eabi/13.3 rel1/bin/../lib/gcc/arm-none-eabi/13.3.1/thumb/v7e-m+fp/hard/crtend.o

.igot.plt       0x24000570        0x0 load address 0x08007268
 .igot.plt      0x24000570        0x0 D:/Program Files (x86)/Arm GNU Toolchain arm-none-eabi/13.3 rel1/bin/../lib/gcc/arm-none-eabi/13.3.1/thumb/v7e-m+fp/hard/crtbegin.o
                0x24000570                        . = ALIGN (0x4)

.bss            0x24000570     0x5254 load address 0x08007268
                0x24000570                        _sbss = .
                0x24000570                        __bss_start__ = _sbss
 *(.bss)
 *(.bss*)
 .bss.completed.1
                0x24000570        0x1 D:/Program Files (x86)/Arm GNU Toolchain arm-none-eabi/13.3 rel1/bin/../lib/gcc/arm-none-eabi/13.3.1/thumb/v7e-m+fp/hard/crtbegin.o
 *fill*         0x24000571        0x3 
 .bss.object.0  0x24000574       0x18 D:/Program Files (x86)/Arm GNU Toolchain arm-none-eabi/13.3 rel1/bin/../lib/gcc/arm-none-eabi/13.3.1/thumb/v7e-m+fp/hard/crtbegin.o
 .bss.HAL_RCC_FDCAN_CLK_ENABLED
                0x2400058c        0x4 CMakeFiles/DM_02_Hero.elf.dir/Core/Src/fdcan.c.obj
 .bss.hfdcan3   0x24000590       0xa0 CMakeFiles/DM_02_Hero.elf.dir/Core/Src/fdcan.c.obj
                0x24000590                hfdcan3
 .bss.hfdcan2   0x24000630       0xa0 CMakeFiles/DM_02_Hero.elf.dir/Core/Src/fdcan.c.obj
                0x24000630                hfdcan2
 .bss.hfdcan1   0x240006d0       0xa0 CMakeFiles/DM_02_Hero.elf.dir/Core/Src/fdcan.c.obj
                0x240006d0                hfdcan1
 .bss.logTaskHandle
                0x24000770        0x4 CMakeFiles/DM_02_Hero.elf.dir/Core/Src/freertos.c.obj
                0x24000770                logTaskHandle
 .bss.defaultTaskHandle
                0x24000774        0x4 CMakeFiles/DM_02_Hero.elf.dir/Core/Src/freertos.c.obj
                0x24000774                defaultTaskHandle
 .bss.hspi6     0x24000778       0x88 CMakeFiles/DM_02_Hero.elf.dir/Core/Src/spi.c.obj
                0x24000778                hspi6
 .bss.htim1     0x24000800       0x4c CMakeFiles/DM_02_Hero.elf.dir/Core/Src/stm32h7xx_hal_timebase_tim.c.obj
                0x24000800                htim1
 .bss.__sbrk_heap_end
                0x2400084c        0x4 CMakeFiles/DM_02_Hero.elf.dir/Core/Src/sysmem.c.obj
 .bss.huart1    0x24000850       0x94 CMakeFiles/DM_02_Hero.elf.dir/Core/Src/usart.c.obj
                0x24000850                huart1
 .bss.uwTick    0x240008e4        0x4 CMakeFiles/DM_02_Hero.elf.dir/Drivers/STM32H7xx_HAL_Driver/Src/stm32h7xx_hal.c.obj
                0x240008e4                uwTick
 .bss.Timer_Stack.0
                0x240008e8      0x400 CMakeFiles/DM_02_Hero.elf.dir/Middlewares/Third_Party/FreeRTOS/Source/CMSIS_RTOS_V2/cmsis_os2.c.obj
 .bss.Timer_TCB.1
                0x24000ce8      0x1a0 CMakeFiles/DM_02_Hero.elf.dir/Middlewares/Third_Party/FreeRTOS/Source/CMSIS_RTOS_V2/cmsis_os2.c.obj
 .bss.Idle_Stack.2
                0x24000e88      0x200 CMakeFiles/DM_02_Hero.elf.dir/Middlewares/Third_Party/FreeRTOS/Source/CMSIS_RTOS_V2/cmsis_os2.c.obj
 .bss.Idle_TCB.3
                0x24001088      0x1a0 CMakeFiles/DM_02_Hero.elf.dir/Middlewares/Third_Party/FreeRTOS/Source/CMSIS_RTOS_V2/cmsis_os2.c.obj
 .bss.KernelState
                0x24001228        0x4 CMakeFiles/DM_02_Hero.elf.dir/Middlewares/Third_Party/FreeRTOS/Source/CMSIS_RTOS_V2/cmsis_os2.c.obj
 .bss.ulMaxPRIGROUPValue
                0x2400122c        0x4 CMakeFiles/DM_02_Hero.elf.dir/Middlewares/Third_Party/FreeRTOS/Source/portable/GCC/ARM_CM4F/port.c.obj
 .bss.ucMaxSysCallPriority
                0x24001230        0x1 CMakeFiles/DM_02_Hero.elf.dir/Middlewares/Third_Party/FreeRTOS/Source/portable/GCC/ARM_CM4F/port.c.obj
 *fill*         0x24001231        0x3 
 .bss.xBlockAllocatedBit
                0x24001234        0x4 CMakeFiles/DM_02_Hero.elf.dir/Middlewares/Third_Party/FreeRTOS/Source/portable/MemMang/heap_4.c.obj
 .bss.xNumberOfSuccessfulFrees
                0x24001238        0x4 CMakeFiles/DM_02_Hero.elf.dir/Middlewares/Third_Party/FreeRTOS/Source/portable/MemMang/heap_4.c.obj
 .bss.xNumberOfSuccessfulAllocations
                0x2400123c        0x4 CMakeFiles/DM_02_Hero.elf.dir/Middlewares/Third_Party/FreeRTOS/Source/portable/MemMang/heap_4.c.obj
 .bss.xMinimumEverFreeBytesRemaining
                0x24001240        0x4 CMakeFiles/DM_02_Hero.elf.dir/Middlewares/Third_Party/FreeRTOS/Source/portable/MemMang/heap_4.c.obj
 .bss.xFreeBytesRemaining
                0x24001244        0x4 CMakeFiles/DM_02_Hero.elf.dir/Middlewares/Third_Party/FreeRTOS/Source/portable/MemMang/heap_4.c.obj
 .bss.pxEnd     0x24001248        0x4 CMakeFiles/DM_02_Hero.elf.dir/Middlewares/Third_Party/FreeRTOS/Source/portable/MemMang/heap_4.c.obj
 .bss.xStart    0x2400124c        0x8 CMakeFiles/DM_02_Hero.elf.dir/Middlewares/Third_Party/FreeRTOS/Source/portable/MemMang/heap_4.c.obj
 .bss.ucHeap    0x24001254     0x3c00 CMakeFiles/DM_02_Hero.elf.dir/Middlewares/Third_Party/FreeRTOS/Source/portable/MemMang/heap_4.c.obj
 .bss.xQueueRegistry
                0x24004e54       0x40 CMakeFiles/DM_02_Hero.elf.dir/Middlewares/Third_Party/FreeRTOS/Source/queue.c.obj
                0x24004e54                xQueueRegistry
 .bss.uxSchedulerSuspended
                0x24004e94        0x4 CMakeFiles/DM_02_Hero.elf.dir/Middlewares/Third_Party/FreeRTOS/Source/tasks.c.obj
 .bss.xIdleTaskHandle
                0x24004e98        0x4 CMakeFiles/DM_02_Hero.elf.dir/Middlewares/Third_Party/FreeRTOS/Source/tasks.c.obj
 .bss.xNextTaskUnblockTime
                0x24004e9c        0x4 CMakeFiles/DM_02_Hero.elf.dir/Middlewares/Third_Party/FreeRTOS/Source/tasks.c.obj
 .bss.uxTaskNumber
                0x24004ea0        0x4 CMakeFiles/DM_02_Hero.elf.dir/Middlewares/Third_Party/FreeRTOS/Source/tasks.c.obj
 .bss.xNumOfOverflows
                0x24004ea4        0x4 CMakeFiles/DM_02_Hero.elf.dir/Middlewares/Third_Party/FreeRTOS/Source/tasks.c.obj
 .bss.xYieldPending
                0x24004ea8        0x4 CMakeFiles/DM_02_Hero.elf.dir/Middlewares/Third_Party/FreeRTOS/Source/tasks.c.obj
 .bss.xPendedTicks
                0x24004eac        0x4 CMakeFiles/DM_02_Hero.elf.dir/Middlewares/Third_Party/FreeRTOS/Source/tasks.c.obj
 .bss.xSchedulerRunning
                0x24004eb0        0x4 CMakeFiles/DM_02_Hero.elf.dir/Middlewares/Third_Party/FreeRTOS/Source/tasks.c.obj
 .bss.uxTopReadyPriority
                0x24004eb4        0x4 CMakeFiles/DM_02_Hero.elf.dir/Middlewares/Third_Party/FreeRTOS/Source/tasks.c.obj
 .bss.xTickCount
                0x24004eb8        0x4 CMakeFiles/DM_02_Hero.elf.dir/Middlewares/Third_Party/FreeRTOS/Source/tasks.c.obj
 .bss.uxCurrentNumberOfTasks
                0x24004ebc        0x4 CMakeFiles/DM_02_Hero.elf.dir/Middlewares/Third_Party/FreeRTOS/Source/tasks.c.obj
 .bss.xSuspendedTaskList
                0x24004ec0       0x14 CMakeFiles/DM_02_Hero.elf.dir/Middlewares/Third_Party/FreeRTOS/Source/tasks.c.obj
 .bss.uxDeletedTasksWaitingCleanUp
                0x24004ed4        0x4 CMakeFiles/DM_02_Hero.elf.dir/Middlewares/Third_Party/FreeRTOS/Source/tasks.c.obj
 .bss.xTasksWaitingTermination
                0x24004ed8       0x14 CMakeFiles/DM_02_Hero.elf.dir/Middlewares/Third_Party/FreeRTOS/Source/tasks.c.obj
 .bss.xPendingReadyList
                0x24004eec       0x14 CMakeFiles/DM_02_Hero.elf.dir/Middlewares/Third_Party/FreeRTOS/Source/tasks.c.obj
 .bss.pxOverflowDelayedTaskList
                0x24004f00        0x4 CMakeFiles/DM_02_Hero.elf.dir/Middlewares/Third_Party/FreeRTOS/Source/tasks.c.obj
 .bss.pxDelayedTaskList
                0x24004f04        0x4 CMakeFiles/DM_02_Hero.elf.dir/Middlewares/Third_Party/FreeRTOS/Source/tasks.c.obj
 .bss.xDelayedTaskList2
                0x24004f08       0x14 CMakeFiles/DM_02_Hero.elf.dir/Middlewares/Third_Party/FreeRTOS/Source/tasks.c.obj
 .bss.xDelayedTaskList1
                0x24004f1c       0x14 CMakeFiles/DM_02_Hero.elf.dir/Middlewares/Third_Party/FreeRTOS/Source/tasks.c.obj
 .bss.pxReadyTasksLists
                0x24004f30      0x460 CMakeFiles/DM_02_Hero.elf.dir/Middlewares/Third_Party/FreeRTOS/Source/tasks.c.obj
 .bss.pxCurrentTCB
                0x24005390        0x4 CMakeFiles/DM_02_Hero.elf.dir/Middlewares/Third_Party/FreeRTOS/Source/tasks.c.obj
                0x24005390                pxCurrentTCB
 .bss.xStaticTimerQueue.0
                0x24005394       0x50 CMakeFiles/DM_02_Hero.elf.dir/Middlewares/Third_Party/FreeRTOS/Source/timers.c.obj
 .bss.ucStaticTimerQueueStorage.1
                0x240053e4       0xa0 CMakeFiles/DM_02_Hero.elf.dir/Middlewares/Third_Party/FreeRTOS/Source/timers.c.obj
 .bss.xLastTime.2
                0x24005484        0x4 CMakeFiles/DM_02_Hero.elf.dir/Middlewares/Third_Party/FreeRTOS/Source/timers.c.obj
 .bss.xTimerTaskHandle
                0x24005488        0x4 CMakeFiles/DM_02_Hero.elf.dir/Middlewares/Third_Party/FreeRTOS/Source/timers.c.obj
 .bss.xTimerQueue
                0x2400548c        0x4 CMakeFiles/DM_02_Hero.elf.dir/Middlewares/Third_Party/FreeRTOS/Source/timers.c.obj
 .bss.pxOverflowTimerList
                0x24005490        0x4 CMakeFiles/DM_02_Hero.elf.dir/Middlewares/Third_Party/FreeRTOS/Source/timers.c.obj
 .bss.pxCurrentTimerList
                0x24005494        0x4 CMakeFiles/DM_02_Hero.elf.dir/Middlewares/Third_Party/FreeRTOS/Source/timers.c.obj
 .bss.xActiveTimerList2
                0x24005498       0x14 CMakeFiles/DM_02_Hero.elf.dir/Middlewares/Third_Party/FreeRTOS/Source/timers.c.obj
 .bss.xActiveTimerList1
                0x240054ac       0x14 CMakeFiles/DM_02_Hero.elf.dir/Middlewares/Third_Party/FreeRTOS/Source/timers.c.obj
 .bss.__sf      0x240054c0      0x138 D:/Program Files (x86)/Arm GNU Toolchain arm-none-eabi/13.3 rel1/bin/../lib/gcc/arm-none-eabi/13.3.1/thumb/v7e-m+fp/hard\libg.a(libc_a-findfp.o)
                0x240054c0                __sf
 .bss.errno     0x240055f8        0x4 D:/Program Files (x86)/Arm GNU Toolchain arm-none-eabi/13.3 rel1/bin/../lib/gcc/arm-none-eabi/13.3.1/thumb/v7e-m+fp/hard\libg.a(libc_a-reent.o)
                0x240055f8                errno
 .bss.__lock___malloc_recursive_mutex
                0x240055fc        0x1 D:/Program Files (x86)/Arm GNU Toolchain arm-none-eabi/13.3 rel1/bin/../lib/gcc/arm-none-eabi/13.3.1/thumb/v7e-m+fp/hard\libg.a(libc_a-lock.o)
                0x240055fc                __lock___malloc_recursive_mutex
 *fill*         0x240055fd        0x3 
 .bss.__lock___atexit_recursive_mutex
                0x24005600        0x1 D:/Program Files (x86)/Arm GNU Toolchain arm-none-eabi/13.3 rel1/bin/../lib/gcc/arm-none-eabi/13.3.1/thumb/v7e-m+fp/hard\libg.a(libc_a-lock.o)
                0x24005600                __lock___atexit_recursive_mutex
 *fill*         0x24005601        0x3 
 .bss.__atexit  0x24005604        0x4 D:/Program Files (x86)/Arm GNU Toolchain arm-none-eabi/13.3 rel1/bin/../lib/gcc/arm-none-eabi/13.3.1/thumb/v7e-m+fp/hard\libg.a(libc_a-__call_atexit.o)
                0x24005604                __atexit
 .bss.__malloc_current_mallinfo
                0x24005608       0x28 D:/Program Files (x86)/Arm GNU Toolchain arm-none-eabi/13.3 rel1/bin/../lib/gcc/arm-none-eabi/13.3.1/thumb/v7e-m+fp/hard\libg.a(libc_a-mallocr.o)
                0x24005608                __malloc_current_mallinfo
 .bss.__malloc_top_pad
                0x24005630        0x4 D:/Program Files (x86)/Arm GNU Toolchain arm-none-eabi/13.3 rel1/bin/../lib/gcc/arm-none-eabi/13.3.1/thumb/v7e-m+fp/hard\libg.a(libc_a-mallocr.o)
                0x24005630                __malloc_top_pad
 .bss.__atexit0
                0x24005634      0x190 D:/Program Files (x86)/Arm GNU Toolchain arm-none-eabi/13.3 rel1/bin/../lib/gcc/arm-none-eabi/13.3.1/thumb/v7e-m+fp/hard\libg.a(libc_a-__atexit.o)
                0x24005634                __atexit0
 *(COMMON)
                0x240057c4                        . = ALIGN (0x4)
                0x240057c4                        _ebss = .
                0x240057c4                        __bss_end__ = _ebss

._user_heap_stack
                0x240057c4      0x604 load address 0x08007268
                0x240057c8                        . = ALIGN (0x8)
 *fill*         0x240057c4        0x4 
                [!provide]                        PROVIDE (end = .)
                0x240057c8                        PROVIDE (_end = .)
                0x240059c8                        . = (. + _Min_Heap_Size)
 *fill*         0x240057c8      0x200 
                0x24005dc8                        . = (. + _Min_Stack_Size)
 *fill*         0x240059c8      0x400 
                0x24005dc8                        . = ALIGN (0x8)

/DISCARD/
 libc.a(*)
 libm.a(*)
 libgcc.a(*)

.ARM.attributes
                0x00000000       0x30
 *(.ARM.attributes)
 .ARM.attributes
                0x00000000       0x22 D:/Program Files (x86)/Arm GNU Toolchain arm-none-eabi/13.3 rel1/bin/../lib/gcc/arm-none-eabi/13.3.1/thumb/v7e-m+fp/hard/crti.o
 .ARM.attributes
                0x00000022       0x34 D:/Program Files (x86)/Arm GNU Toolchain arm-none-eabi/13.3 rel1/bin/../lib/gcc/arm-none-eabi/13.3.1/thumb/v7e-m+fp/hard/crtbegin.o
 .ARM.attributes
                0x00000056       0x34 CMakeFiles/DM_02_Hero.elf.dir/Core/Src/fdcan.c.obj
 .ARM.attributes
                0x0000008a       0x34 CMakeFiles/DM_02_Hero.elf.dir/Core/Src/freertos.c.obj
 .ARM.attributes
                0x000000be       0x34 CMakeFiles/DM_02_Hero.elf.dir/Core/Src/gpio.c.obj
 .ARM.attributes
                0x000000f2       0x34 CMakeFiles/DM_02_Hero.elf.dir/Core/Src/main.c.obj
 .ARM.attributes
                0x00000126       0x34 CMakeFiles/DM_02_Hero.elf.dir/Core/Src/spi.c.obj
 .ARM.attributes
                0x0000015a       0x34 CMakeFiles/DM_02_Hero.elf.dir/Core/Src/stm32h7xx_hal_msp.c.obj
 .ARM.attributes
                0x0000018e       0x34 CMakeFiles/DM_02_Hero.elf.dir/Core/Src/stm32h7xx_hal_timebase_tim.c.obj
 .ARM.attributes
                0x000001c2       0x34 CMakeFiles/DM_02_Hero.elf.dir/Core/Src/stm32h7xx_it.c.obj
 .ARM.attributes
                0x000001f6       0x34 CMakeFiles/DM_02_Hero.elf.dir/Core/Src/sysmem.c.obj
 .ARM.attributes
                0x0000022a       0x34 CMakeFiles/DM_02_Hero.elf.dir/Core/Src/system_stm32h7xx.c.obj
 .ARM.attributes
                0x0000025e       0x34 CMakeFiles/DM_02_Hero.elf.dir/Core/Src/usart.c.obj
 .ARM.attributes
                0x00000292       0x21 CMakeFiles/DM_02_Hero.elf.dir/Core/Startup/startup_stm32h723vgtx.s.obj
 .ARM.attributes
                0x000002b3       0x34 CMakeFiles/DM_02_Hero.elf.dir/Drivers/STM32H7xx_HAL_Driver/Src/stm32h7xx_hal.c.obj
 .ARM.attributes
                0x000002e7       0x34 CMakeFiles/DM_02_Hero.elf.dir/Drivers/STM32H7xx_HAL_Driver/Src/stm32h7xx_hal_cortex.c.obj
 .ARM.attributes
                0x0000031b       0x34 CMakeFiles/DM_02_Hero.elf.dir/Drivers/STM32H7xx_HAL_Driver/Src/stm32h7xx_hal_fdcan.c.obj
 .ARM.attributes
                0x0000034f       0x34 CMakeFiles/DM_02_Hero.elf.dir/Drivers/STM32H7xx_HAL_Driver/Src/stm32h7xx_hal_gpio.c.obj
 .ARM.attributes
                0x00000383       0x34 CMakeFiles/DM_02_Hero.elf.dir/Drivers/STM32H7xx_HAL_Driver/Src/stm32h7xx_hal_pwr_ex.c.obj
 .ARM.attributes
                0x000003b7       0x34 CMakeFiles/DM_02_Hero.elf.dir/Drivers/STM32H7xx_HAL_Driver/Src/stm32h7xx_hal_rcc.c.obj
 .ARM.attributes
                0x000003eb       0x34 CMakeFiles/DM_02_Hero.elf.dir/Drivers/STM32H7xx_HAL_Driver/Src/stm32h7xx_hal_rcc_ex.c.obj
 .ARM.attributes
                0x0000041f       0x34 CMakeFiles/DM_02_Hero.elf.dir/Drivers/STM32H7xx_HAL_Driver/Src/stm32h7xx_hal_spi.c.obj
 .ARM.attributes
                0x00000453       0x34 CMakeFiles/DM_02_Hero.elf.dir/Drivers/STM32H7xx_HAL_Driver/Src/stm32h7xx_hal_tim.c.obj
 .ARM.attributes
                0x00000487       0x34 CMakeFiles/DM_02_Hero.elf.dir/Drivers/STM32H7xx_HAL_Driver/Src/stm32h7xx_hal_tim_ex.c.obj
 .ARM.attributes
                0x000004bb       0x34 CMakeFiles/DM_02_Hero.elf.dir/Drivers/STM32H7xx_HAL_Driver/Src/stm32h7xx_hal_uart.c.obj
 .ARM.attributes
                0x000004ef       0x34 CMakeFiles/DM_02_Hero.elf.dir/Drivers/STM32H7xx_HAL_Driver/Src/stm32h7xx_hal_uart_ex.c.obj
 .ARM.attributes
                0x00000523       0x34 CMakeFiles/DM_02_Hero.elf.dir/Middlewares/Third_Party/FreeRTOS/Source/CMSIS_RTOS_V2/cmsis_os2.c.obj
 .ARM.attributes
                0x00000557       0x34 CMakeFiles/DM_02_Hero.elf.dir/Middlewares/Third_Party/FreeRTOS/Source/list.c.obj
 .ARM.attributes
                0x0000058b       0x34 CMakeFiles/DM_02_Hero.elf.dir/Middlewares/Third_Party/FreeRTOS/Source/portable/GCC/ARM_CM4F/port.c.obj
 .ARM.attributes
                0x000005bf       0x34 CMakeFiles/DM_02_Hero.elf.dir/Middlewares/Third_Party/FreeRTOS/Source/portable/MemMang/heap_4.c.obj
 .ARM.attributes
                0x000005f3       0x34 CMakeFiles/DM_02_Hero.elf.dir/Middlewares/Third_Party/FreeRTOS/Source/queue.c.obj
 .ARM.attributes
                0x00000627       0x34 CMakeFiles/DM_02_Hero.elf.dir/Middlewares/Third_Party/FreeRTOS/Source/tasks.c.obj
 .ARM.attributes
                0x0000065b       0x34 CMakeFiles/DM_02_Hero.elf.dir/Middlewares/Third_Party/FreeRTOS/Source/timers.c.obj
 .ARM.attributes
                0x0000068f       0x34 CMakeFiles/DM_02_Hero.elf.dir/User/ws2812.c.obj
 .ARM.attributes
                0x000006c3       0x22 D:/Program Files (x86)/Arm GNU Toolchain arm-none-eabi/13.3 rel1/bin/../lib/gcc/arm-none-eabi/13.3.1/thumb/v7e-m+fp/hard\libgcc.a(_aeabi_uldivmod.o)
 .ARM.attributes
                0x000006e5       0x34 D:/Program Files (x86)/Arm GNU Toolchain arm-none-eabi/13.3 rel1/bin/../lib/gcc/arm-none-eabi/13.3.1/thumb/v7e-m+fp/hard\libgcc.a(_udivmoddi4.o)
 .ARM.attributes
                0x00000719       0x22 D:/Program Files (x86)/Arm GNU Toolchain arm-none-eabi/13.3 rel1/bin/../lib/gcc/arm-none-eabi/13.3.1/thumb/v7e-m+fp/hard\libgcc.a(_dvmd_tls.o)
 .ARM.attributes
                0x0000073b       0x34 D:/Program Files (x86)/Arm GNU Toolchain arm-none-eabi/13.3 rel1/bin/../lib/gcc/arm-none-eabi/13.3.1/thumb/v7e-m+fp/hard\libg.a(libc_a-findfp.o)
 .ARM.attributes
                0x0000076f       0x34 D:/Program Files (x86)/Arm GNU Toolchain arm-none-eabi/13.3 rel1/bin/../lib/gcc/arm-none-eabi/13.3.1/thumb/v7e-m+fp/hard\libg.a(libc_a-memset.o)
 .ARM.attributes
                0x000007a3       0x34 D:/Program Files (x86)/Arm GNU Toolchain arm-none-eabi/13.3 rel1/bin/../lib/gcc/arm-none-eabi/13.3.1/thumb/v7e-m+fp/hard\libg.a(libc_a-reent.o)
 .ARM.attributes
                0x000007d7       0x34 D:/Program Files (x86)/Arm GNU Toolchain arm-none-eabi/13.3 rel1/bin/../lib/gcc/arm-none-eabi/13.3.1/thumb/v7e-m+fp/hard\libg.a(libc_a-impure.o)
 .ARM.attributes
                0x0000080b       0x34 D:/Program Files (x86)/Arm GNU Toolchain arm-none-eabi/13.3 rel1/bin/../lib/gcc/arm-none-eabi/13.3.1/thumb/v7e-m+fp/hard\libg.a(libc_a-errno.o)
 .ARM.attributes
                0x0000083f       0x34 D:/Program Files (x86)/Arm GNU Toolchain arm-none-eabi/13.3 rel1/bin/../lib/gcc/arm-none-eabi/13.3.1/thumb/v7e-m+fp/hard\libg.a(libc_a-init.o)
 .ARM.attributes
                0x00000873       0x34 D:/Program Files (x86)/Arm GNU Toolchain arm-none-eabi/13.3 rel1/bin/../lib/gcc/arm-none-eabi/13.3.1/thumb/v7e-m+fp/hard\libg.a(libc_a-lock.o)
 .ARM.attributes
                0x000008a7       0x20 D:/Program Files (x86)/Arm GNU Toolchain arm-none-eabi/13.3 rel1/bin/../lib/gcc/arm-none-eabi/13.3.1/thumb/v7e-m+fp/hard\libg.a(libc_a-memcpy.o)
 .ARM.attributes
                0x000008c7       0x34 D:/Program Files (x86)/Arm GNU Toolchain arm-none-eabi/13.3 rel1/bin/../lib/gcc/arm-none-eabi/13.3.1/thumb/v7e-m+fp/hard\libg.a(libc_a-__call_atexit.o)
 .ARM.attributes
                0x000008fb       0x34 D:/Program Files (x86)/Arm GNU Toolchain arm-none-eabi/13.3 rel1/bin/../lib/gcc/arm-none-eabi/13.3.1/thumb/v7e-m+fp/hard\libg.a(libc_a-atexit.o)
 .ARM.attributes
                0x0000092f       0x34 D:/Program Files (x86)/Arm GNU Toolchain arm-none-eabi/13.3 rel1/bin/../lib/gcc/arm-none-eabi/13.3.1/thumb/v7e-m+fp/hard\libg.a(libc_a-freer.o)
 .ARM.attributes
                0x00000963       0x34 D:/Program Files (x86)/Arm GNU Toolchain arm-none-eabi/13.3 rel1/bin/../lib/gcc/arm-none-eabi/13.3.1/thumb/v7e-m+fp/hard\libg.a(libc_a-mallocr.o)
 .ARM.attributes
                0x00000997       0x34 D:/Program Files (x86)/Arm GNU Toolchain arm-none-eabi/13.3 rel1/bin/../lib/gcc/arm-none-eabi/13.3.1/thumb/v7e-m+fp/hard\libg.a(libc_a-mlock.o)
 .ARM.attributes
                0x000009cb       0x34 D:/Program Files (x86)/Arm GNU Toolchain arm-none-eabi/13.3 rel1/bin/../lib/gcc/arm-none-eabi/13.3.1/thumb/v7e-m+fp/hard\libg.a(libc_a-sbrkr.o)
 .ARM.attributes
                0x000009ff       0x34 D:/Program Files (x86)/Arm GNU Toolchain arm-none-eabi/13.3 rel1/bin/../lib/gcc/arm-none-eabi/13.3.1/thumb/v7e-m+fp/hard\libg.a(libc_a-fini.o)
 .ARM.attributes
                0x00000a33       0x34 D:/Program Files (x86)/Arm GNU Toolchain arm-none-eabi/13.3 rel1/bin/../lib/gcc/arm-none-eabi/13.3.1/thumb/v7e-m+fp/hard\libg.a(libc_a-sysconf.o)
 .ARM.attributes
                0x00000a67       0x34 D:/Program Files (x86)/Arm GNU Toolchain arm-none-eabi/13.3 rel1/bin/../lib/gcc/arm-none-eabi/13.3.1/thumb/v7e-m+fp/hard\libg.a(libc_a-__atexit.o)
 .ARM.attributes
                0x00000a9b       0x34 D:/Program Files (x86)/Arm GNU Toolchain arm-none-eabi/13.3 rel1/bin/../lib/gcc/arm-none-eabi/13.3.1/thumb/v7e-m+fp/hard/crtend.o
 .ARM.attributes
                0x00000acf       0x22 D:/Program Files (x86)/Arm GNU Toolchain arm-none-eabi/13.3 rel1/bin/../lib/gcc/arm-none-eabi/13.3.1/thumb/v7e-m+fp/hard/crtn.o
OUTPUT(DM_02_Hero.elf elf32-littlearm)
LOAD linker stubs
LOAD D:/Program Files (x86)/Arm GNU Toolchain arm-none-eabi/13.3 rel1/bin/../lib/gcc/arm-none-eabi/13.3.1/thumb/v7e-m+fp/hard\libc.a
LOAD D:/Program Files (x86)/Arm GNU Toolchain arm-none-eabi/13.3 rel1/bin/../lib/gcc/arm-none-eabi/13.3.1/thumb/v7e-m+fp/hard\libm.a
LOAD D:/Program Files (x86)/Arm GNU Toolchain arm-none-eabi/13.3 rel1/bin/../lib/gcc/arm-none-eabi/13.3.1/thumb/v7e-m+fp/hard\libgcc.a

.debug_info     0x00000000    0x2fd7b
 .debug_info    0x00000000     0x13b3 CMakeFiles/DM_02_Hero.elf.dir/Core/Src/fdcan.c.obj
 .debug_info    0x000013b3      0x4f5 CMakeFiles/DM_02_Hero.elf.dir/Core/Src/freertos.c.obj
 .debug_info    0x000018a8      0x4af CMakeFiles/DM_02_Hero.elf.dir/Core/Src/gpio.c.obj
 .debug_info    0x00001d57      0xcb5 CMakeFiles/DM_02_Hero.elf.dir/Core/Src/main.c.obj
 .debug_info    0x00002a0c     0x111b CMakeFiles/DM_02_Hero.elf.dir/Core/Src/spi.c.obj
 .debug_info    0x00003b27      0x822 CMakeFiles/DM_02_Hero.elf.dir/Core/Src/stm32h7xx_hal_msp.c.obj
 .debug_info    0x00004349     0x1119 CMakeFiles/DM_02_Hero.elf.dir/Core/Src/stm32h7xx_hal_timebase_tim.c.obj
 .debug_info    0x00005462      0x7f0 CMakeFiles/DM_02_Hero.elf.dir/Core/Src/stm32h7xx_it.c.obj
 .debug_info    0x00005c52      0x171 CMakeFiles/DM_02_Hero.elf.dir/Core/Src/sysmem.c.obj
 .debug_info    0x00005dc3      0xb57 CMakeFiles/DM_02_Hero.elf.dir/Core/Src/system_stm32h7xx.c.obj
 .debug_info    0x0000691a     0x11ab CMakeFiles/DM_02_Hero.elf.dir/Core/Src/usart.c.obj
 .debug_info    0x00007ac5       0x30 CMakeFiles/DM_02_Hero.elf.dir/Core/Startup/startup_stm32h723vgtx.s.obj
 .debug_info    0x00007af5     0x1796 CMakeFiles/DM_02_Hero.elf.dir/Drivers/STM32H7xx_HAL_Driver/Src/stm32h7xx_hal.c.obj
 .debug_info    0x0000928b     0x1309 CMakeFiles/DM_02_Hero.elf.dir/Drivers/STM32H7xx_HAL_Driver/Src/stm32h7xx_hal_cortex.c.obj
 .debug_info    0x0000a594     0x3275 CMakeFiles/DM_02_Hero.elf.dir/Drivers/STM32H7xx_HAL_Driver/Src/stm32h7xx_hal_fdcan.c.obj
 .debug_info    0x0000d809      0xc98 CMakeFiles/DM_02_Hero.elf.dir/Drivers/STM32H7xx_HAL_Driver/Src/stm32h7xx_hal_gpio.c.obj
 .debug_info    0x0000e4a1      0xf22 CMakeFiles/DM_02_Hero.elf.dir/Drivers/STM32H7xx_HAL_Driver/Src/stm32h7xx_hal_pwr_ex.c.obj
 .debug_info    0x0000f3c3     0x1037 CMakeFiles/DM_02_Hero.elf.dir/Drivers/STM32H7xx_HAL_Driver/Src/stm32h7xx_hal_rcc.c.obj
 .debug_info    0x000103fa     0x1975 CMakeFiles/DM_02_Hero.elf.dir/Drivers/STM32H7xx_HAL_Driver/Src/stm32h7xx_hal_rcc_ex.c.obj
 .debug_info    0x00011d6f     0x1a61 CMakeFiles/DM_02_Hero.elf.dir/Drivers/STM32H7xx_HAL_Driver/Src/stm32h7xx_hal_spi.c.obj
 .debug_info    0x000137d0     0x3e1d CMakeFiles/DM_02_Hero.elf.dir/Drivers/STM32H7xx_HAL_Driver/Src/stm32h7xx_hal_tim.c.obj
 .debug_info    0x000175ed     0x1f93 CMakeFiles/DM_02_Hero.elf.dir/Drivers/STM32H7xx_HAL_Driver/Src/stm32h7xx_hal_tim_ex.c.obj
 .debug_info    0x00019580     0x653f CMakeFiles/DM_02_Hero.elf.dir/Drivers/STM32H7xx_HAL_Driver/Src/stm32h7xx_hal_uart.c.obj
 .debug_info    0x0001fabf     0x1226 CMakeFiles/DM_02_Hero.elf.dir/Drivers/STM32H7xx_HAL_Driver/Src/stm32h7xx_hal_uart_ex.c.obj
 .debug_info    0x00020ce5     0x5861 CMakeFiles/DM_02_Hero.elf.dir/Middlewares/Third_Party/FreeRTOS/Source/CMSIS_RTOS_V2/cmsis_os2.c.obj
 .debug_info    0x00026546      0x2bf CMakeFiles/DM_02_Hero.elf.dir/Middlewares/Third_Party/FreeRTOS/Source/list.c.obj
 .debug_info    0x00026805      0x55a CMakeFiles/DM_02_Hero.elf.dir/Middlewares/Third_Party/FreeRTOS/Source/portable/GCC/ARM_CM4F/port.c.obj
 .debug_info    0x00026d5f      0x593 CMakeFiles/DM_02_Hero.elf.dir/Middlewares/Third_Party/FreeRTOS/Source/portable/MemMang/heap_4.c.obj
 .debug_info    0x000272f2     0x279f CMakeFiles/DM_02_Hero.elf.dir/Middlewares/Third_Party/FreeRTOS/Source/queue.c.obj
 .debug_info    0x00029a91     0x37d5 CMakeFiles/DM_02_Hero.elf.dir/Middlewares/Third_Party/FreeRTOS/Source/tasks.c.obj
 .debug_info    0x0002d266     0x2215 CMakeFiles/DM_02_Hero.elf.dir/Middlewares/Third_Party/FreeRTOS/Source/timers.c.obj
 .debug_info    0x0002f47b      0x900 CMakeFiles/DM_02_Hero.elf.dir/User/ws2812.c.obj

.debug_abbrev   0x00000000     0x4ea4
 .debug_abbrev  0x00000000      0x25b CMakeFiles/DM_02_Hero.elf.dir/Core/Src/fdcan.c.obj
 .debug_abbrev  0x0000025b      0x18c CMakeFiles/DM_02_Hero.elf.dir/Core/Src/freertos.c.obj
 .debug_abbrev  0x000003e7       0xe6 CMakeFiles/DM_02_Hero.elf.dir/Core/Src/gpio.c.obj
 .debug_abbrev  0x000004cd      0x251 CMakeFiles/DM_02_Hero.elf.dir/Core/Src/main.c.obj
 .debug_abbrev  0x0000071e      0x23f CMakeFiles/DM_02_Hero.elf.dir/Core/Src/spi.c.obj
 .debug_abbrev  0x0000095d      0x12e CMakeFiles/DM_02_Hero.elf.dir/Core/Src/stm32h7xx_hal_msp.c.obj
 .debug_abbrev  0x00000a8b      0x251 CMakeFiles/DM_02_Hero.elf.dir/Core/Src/stm32h7xx_hal_timebase_tim.c.obj
 .debug_abbrev  0x00000cdc      0x184 CMakeFiles/DM_02_Hero.elf.dir/Core/Src/stm32h7xx_it.c.obj
 .debug_abbrev  0x00000e60       0xea CMakeFiles/DM_02_Hero.elf.dir/Core/Src/sysmem.c.obj
 .debug_abbrev  0x00000f4a      0x13e CMakeFiles/DM_02_Hero.elf.dir/Core/Src/system_stm32h7xx.c.obj
 .debug_abbrev  0x00001088      0x257 CMakeFiles/DM_02_Hero.elf.dir/Core/Src/usart.c.obj
 .debug_abbrev  0x000012df       0x24 CMakeFiles/DM_02_Hero.elf.dir/Core/Startup/startup_stm32h723vgtx.s.obj
 .debug_abbrev  0x00001303      0x2c3 CMakeFiles/DM_02_Hero.elf.dir/Drivers/STM32H7xx_HAL_Driver/Src/stm32h7xx_hal.c.obj
 .debug_abbrev  0x000015c6      0x3ad CMakeFiles/DM_02_Hero.elf.dir/Drivers/STM32H7xx_HAL_Driver/Src/stm32h7xx_hal_cortex.c.obj
 .debug_abbrev  0x00001973      0x2be CMakeFiles/DM_02_Hero.elf.dir/Drivers/STM32H7xx_HAL_Driver/Src/stm32h7xx_hal_fdcan.c.obj
 .debug_abbrev  0x00001c31      0x24e CMakeFiles/DM_02_Hero.elf.dir/Drivers/STM32H7xx_HAL_Driver/Src/stm32h7xx_hal_gpio.c.obj
 .debug_abbrev  0x00001e7f      0x2b5 CMakeFiles/DM_02_Hero.elf.dir/Drivers/STM32H7xx_HAL_Driver/Src/stm32h7xx_hal_pwr_ex.c.obj
 .debug_abbrev  0x00002134      0x294 CMakeFiles/DM_02_Hero.elf.dir/Drivers/STM32H7xx_HAL_Driver/Src/stm32h7xx_hal_rcc.c.obj
 .debug_abbrev  0x000023c8      0x282 CMakeFiles/DM_02_Hero.elf.dir/Drivers/STM32H7xx_HAL_Driver/Src/stm32h7xx_hal_rcc_ex.c.obj
 .debug_abbrev  0x0000264a      0x29f CMakeFiles/DM_02_Hero.elf.dir/Drivers/STM32H7xx_HAL_Driver/Src/stm32h7xx_hal_spi.c.obj
 .debug_abbrev  0x000028e9      0x26f CMakeFiles/DM_02_Hero.elf.dir/Drivers/STM32H7xx_HAL_Driver/Src/stm32h7xx_hal_tim.c.obj
 .debug_abbrev  0x00002b58      0x282 CMakeFiles/DM_02_Hero.elf.dir/Drivers/STM32H7xx_HAL_Driver/Src/stm32h7xx_hal_tim_ex.c.obj
 .debug_abbrev  0x00002dda      0x37a CMakeFiles/DM_02_Hero.elf.dir/Drivers/STM32H7xx_HAL_Driver/Src/stm32h7xx_hal_uart.c.obj
 .debug_abbrev  0x00003154      0x343 CMakeFiles/DM_02_Hero.elf.dir/Drivers/STM32H7xx_HAL_Driver/Src/stm32h7xx_hal_uart_ex.c.obj
 .debug_abbrev  0x00003497      0x604 CMakeFiles/DM_02_Hero.elf.dir/Middlewares/Third_Party/FreeRTOS/Source/CMSIS_RTOS_V2/cmsis_os2.c.obj
 .debug_abbrev  0x00003a9b      0x10a CMakeFiles/DM_02_Hero.elf.dir/Middlewares/Third_Party/FreeRTOS/Source/list.c.obj
 .debug_abbrev  0x00003ba5      0x293 CMakeFiles/DM_02_Hero.elf.dir/Middlewares/Third_Party/FreeRTOS/Source/portable/GCC/ARM_CM4F/port.c.obj
 .debug_abbrev  0x00003e38      0x263 CMakeFiles/DM_02_Hero.elf.dir/Middlewares/Third_Party/FreeRTOS/Source/portable/MemMang/heap_4.c.obj
 .debug_abbrev  0x0000409b      0x3ea CMakeFiles/DM_02_Hero.elf.dir/Middlewares/Third_Party/FreeRTOS/Source/queue.c.obj
 .debug_abbrev  0x00004485      0x45f CMakeFiles/DM_02_Hero.elf.dir/Middlewares/Third_Party/FreeRTOS/Source/tasks.c.obj
 .debug_abbrev  0x000048e4      0x3c7 CMakeFiles/DM_02_Hero.elf.dir/Middlewares/Third_Party/FreeRTOS/Source/timers.c.obj
 .debug_abbrev  0x00004cab      0x1f9 CMakeFiles/DM_02_Hero.elf.dir/User/ws2812.c.obj

.debug_loclists
                0x00000000    0x16e53
 .debug_loclists
                0x00000000       0x84 CMakeFiles/DM_02_Hero.elf.dir/Core/Src/fdcan.c.obj
 .debug_loclists
                0x00000084       0xd0 CMakeFiles/DM_02_Hero.elf.dir/Core/Src/freertos.c.obj
 .debug_loclists
                0x00000154       0x40 CMakeFiles/DM_02_Hero.elf.dir/Core/Src/main.c.obj
 .debug_loclists
                0x00000194       0x55 CMakeFiles/DM_02_Hero.elf.dir/Core/Src/spi.c.obj
 .debug_loclists
                0x000001e9       0x6f CMakeFiles/DM_02_Hero.elf.dir/Core/Src/stm32h7xx_hal_timebase_tim.c.obj
 .debug_loclists
                0x00000258       0x52 CMakeFiles/DM_02_Hero.elf.dir/Core/Src/sysmem.c.obj
 .debug_loclists
                0x000002aa      0x120 CMakeFiles/DM_02_Hero.elf.dir/Core/Src/system_stm32h7xx.c.obj
 .debug_loclists
                0x000003ca       0x55 CMakeFiles/DM_02_Hero.elf.dir/Core/Src/usart.c.obj
 .debug_loclists
                0x0000041f      0x2e8 CMakeFiles/DM_02_Hero.elf.dir/Drivers/STM32H7xx_HAL_Driver/Src/stm32h7xx_hal.c.obj
 .debug_loclists
                0x00000707      0x50a CMakeFiles/DM_02_Hero.elf.dir/Drivers/STM32H7xx_HAL_Driver/Src/stm32h7xx_hal_cortex.c.obj
 .debug_loclists
                0x00000c11     0x26fe CMakeFiles/DM_02_Hero.elf.dir/Drivers/STM32H7xx_HAL_Driver/Src/stm32h7xx_hal_fdcan.c.obj
 .debug_loclists
                0x0000330f      0x2a0 CMakeFiles/DM_02_Hero.elf.dir/Drivers/STM32H7xx_HAL_Driver/Src/stm32h7xx_hal_gpio.c.obj
 .debug_loclists
                0x000035af      0x2be CMakeFiles/DM_02_Hero.elf.dir/Drivers/STM32H7xx_HAL_Driver/Src/stm32h7xx_hal_pwr_ex.c.obj
 .debug_loclists
                0x0000386d      0x61e CMakeFiles/DM_02_Hero.elf.dir/Drivers/STM32H7xx_HAL_Driver/Src/stm32h7xx_hal_rcc.c.obj
 .debug_loclists
                0x00003e8b     0x13df CMakeFiles/DM_02_Hero.elf.dir/Drivers/STM32H7xx_HAL_Driver/Src/stm32h7xx_hal_rcc_ex.c.obj
 .debug_loclists
                0x0000526a     0x1240 CMakeFiles/DM_02_Hero.elf.dir/Drivers/STM32H7xx_HAL_Driver/Src/stm32h7xx_hal_spi.c.obj
 .debug_loclists
                0x000064aa     0x3c09 CMakeFiles/DM_02_Hero.elf.dir/Drivers/STM32H7xx_HAL_Driver/Src/stm32h7xx_hal_tim.c.obj
 .debug_loclists
                0x0000a0b3     0x1d61 CMakeFiles/DM_02_Hero.elf.dir/Drivers/STM32H7xx_HAL_Driver/Src/stm32h7xx_hal_tim_ex.c.obj
 .debug_loclists
                0x0000be14     0x38a8 CMakeFiles/DM_02_Hero.elf.dir/Drivers/STM32H7xx_HAL_Driver/Src/stm32h7xx_hal_uart.c.obj
 .debug_loclists
                0x0000f6bc      0x7dc CMakeFiles/DM_02_Hero.elf.dir/Drivers/STM32H7xx_HAL_Driver/Src/stm32h7xx_hal_uart_ex.c.obj
 .debug_loclists
                0x0000fe98     0x37ae CMakeFiles/DM_02_Hero.elf.dir/Middlewares/Third_Party/FreeRTOS/Source/CMSIS_RTOS_V2/cmsis_os2.c.obj
 .debug_loclists
                0x00013646       0x75 CMakeFiles/DM_02_Hero.elf.dir/Middlewares/Third_Party/FreeRTOS/Source/list.c.obj
 .debug_loclists
                0x000136bb       0xc1 CMakeFiles/DM_02_Hero.elf.dir/Middlewares/Third_Party/FreeRTOS/Source/portable/GCC/ARM_CM4F/port.c.obj
 .debug_loclists
                0x0001377c      0x2b7 CMakeFiles/DM_02_Hero.elf.dir/Middlewares/Third_Party/FreeRTOS/Source/portable/MemMang/heap_4.c.obj
 .debug_loclists
                0x00013a33     0x10eb CMakeFiles/DM_02_Hero.elf.dir/Middlewares/Third_Party/FreeRTOS/Source/queue.c.obj
 .debug_loclists
                0x00014b1e     0x1721 CMakeFiles/DM_02_Hero.elf.dir/Middlewares/Third_Party/FreeRTOS/Source/tasks.c.obj
 .debug_loclists
                0x0001623f      0xb84 CMakeFiles/DM_02_Hero.elf.dir/Middlewares/Third_Party/FreeRTOS/Source/timers.c.obj
 .debug_loclists
                0x00016dc3       0x90 CMakeFiles/DM_02_Hero.elf.dir/User/ws2812.c.obj

.debug_aranges  0x00000000     0x1d88
 .debug_aranges
                0x00000000       0x40 CMakeFiles/DM_02_Hero.elf.dir/Core/Src/fdcan.c.obj
 .debug_aranges
                0x00000040       0x30 CMakeFiles/DM_02_Hero.elf.dir/Core/Src/freertos.c.obj
 .debug_aranges
                0x00000070       0x20 CMakeFiles/DM_02_Hero.elf.dir/Core/Src/gpio.c.obj
 .debug_aranges